[13:58:17] Team Create init (log: A:\s&box projects\test\test\Libraries\teamcreate\logs\tc-20260905-135817.log)
[13:59:03] Connect 127.0.0.1:4877...
[13:59:03] Файловый синк: A:\s&box projects\test\test
[13:59:03] SceneDelta: watching A:\s&box projects\test\test\Assets\scenes + prefabs (tracked: 1)
[13:59:03] Password hash: ***
[13:59:03] Подключение к 127.0.0.1:4877...
[13:59:03] Подключено!
[13:59:03] Peers in room: 2
[13:59:03] Live watch: запущен
[13:59:03] [delta] resync: baseline сброшен
[13:59:03] Отправляю состояние проекта пирам...
[13:59:03] [in] file: Code/Assembly.cs (92 bytes)
[13:59:03] [in] file: ProjectSettings/Platform.config (244 bytes)
[13:59:03] [in] file: Editor/Assembly.cs (114 bytes)
[13:59:03] [in] file: ProjectSettings/Collision.config (649 bytes)
[13:59:03] [in] file: .gitignore (437 bytes)
[13:59:03] [in] file: ProjectSettings/Input.config (5038 bytes)
[13:59:03] Sync complete
[13:59:03] [in] snapshot: Assets/scenes/minimal.scene (82338 байт)
[13:59:03] [in] сцена обновлена: Assets/scenes/minimal.scene
[13:59:04] [live] слежу за Assets/scenes/minimal.scene
[13:59:05] [out] patch minimal.scene: +0 >0 ~0 -0
[13:59:06] [delta] тик 300, tracked: 1, files seen: 1
[13:59:09] [delta] тик 600, tracked: 1, files seen: 1
[13:59:12] [delta] тик 900, tracked: 1, files seen: 1
[13:59:13] [in-live] minimal.scene: 1 изменений в живой сцене
[13:59:13] [out] patch minimal.scene: +0 >0 ~1 -0
[13:59:13] [in-live] minimal.scene: 1 изменений в живой сцене
[13:59:13] [out] patch minimal.scene: +0 >0 ~1 -0
[13:59:13] [in-live] minimal.scene: 1 изменений в живой сцене
[13:59:13] [out] patch minimal.scene: +0 >0 ~1 -0
[13:59:13] [in-live] minimal.scene: 1 изменений в живой сцене
[13:59:13] [out] patch minimal.scene: +0 >0 ~1 -0
[13:59:13] [in-live] minimal.scene: 1 изменений в живой сцене
[13:59:13] [out] patch minimal.scene: +0 >0 ~1 -0
[13:59:13] [in-live] minimal.scene: 1 изменений в живой сцене
[13:59:13] [out] patch minimal.scene: +0 >0 ~1 -0
[13:59:13] [in-live] minimal.scene: 1 изменений в живой сцене
[13:59:13] [out] patch minimal.scene: +0 >0 ~1 -0
[13:59:14] [in-live] minimal.scene: 1 изменений в живой сцене
[13:59:14] [out] patch minimal.scene: +0 >0 ~1 -0
[13:59:14] [in-live] minimal.scene: 1 изменений в живой сцене
[13:59:14] [out] patch minimal.scene: +0 >0 ~1 -0
[13:59:14] [in-live] minimal.scene: 1 изменений в живой сцене
[13:59:14] [out] patch minimal.scene: +0 >0 ~1 -0
[13:59:14] [in-live] minimal.scene: 1 изменений в живой сцене
[13:59:14] [out] patch minimal.scene: +0 >0 ~1 -0
[13:59:14] [in-live] minimal.scene: 1 изменений в живой сцене
[13:59:14] [out] patch minimal.scene: +0 >0 ~1 -0
[13:59:14] [in-live] minimal.scene: 1 изменений в живой сцене
[13:59:14] [out] patch minimal.scene: +0 >0 ~1 -0
[13:59:14] [in-live] minimal.scene: 1 изменений в живой сцене
[13:59:14] [out] patch minimal.scene: +0 >0 ~1 -0
[13:59:14] [in-live] minimal.scene: 1 изменений в живой сцене
[13:59:15] [out] patch minimal.scene: +0 >0 ~1 -0
[13:59:15] [in-live] minimal.scene: 1 изменений в живой сцене
[13:59:15] [out] patch minimal.scene: +0 >0 ~1 -0
[13:59:15] [in-live] minimal.scene: 1 изменений в живой сцене
[13:59:15] [out] patch minimal.scene: +0 >0 ~1 -0
[13:59:15] [in-live] minimal.scene: 1 изменений в живой сцене
[13:59:15] [out] patch minimal.scene: +0 >0 ~1 -0
[13:59:15] [in-live] minimal.scene: 1 изменений в живой сцене
[13:59:15] [out] patch minimal.scene: +0 >0 ~1 -0
[13:59:15] [in-live] minimal.scene: 1 изменений в живой сцене
[13:59:15] [out] patch minimal.scene: +0 >0 ~1 -0
[13:59:15] [in-live] minimal.scene: 1 изменений в живой сцене
[13:59:15] [out] patch minimal.scene: +0 >0 ~1 -0
[13:59:16] [in-live] minimal.scene: 1 изменений в живой сцене
[13:59:16] [out] patch minimal.scene: +0 >0 ~1 -0
[13:59:16] [in-live] minimal.scene: 1 изменений в живой сцене
[13:59:16] [out] patch minimal.scene: +0 >0 ~1 -0
[13:59:16] [in-live] minimal.scene: 1 изменений в живой сцене
[13:59:16] [out] patch minimal.scene: +0 >0 ~1 -0
[13:59:16] [in-live] minimal.scene: 1 изменений в живой сцене
[13:59:16] [out] patch minimal.scene: +0 >0 ~1 -0
[13:59:16] [in-live] minimal.scene: 1 изменений в живой сцене
[13:59:16] [out] patch minimal.scene: +0 >0 ~1 -0
[13:59:17] [in-live] minimal.scene: 1 изменений в живой сцене
[13:59:17] [out] patch minimal.scene: +0 >0 ~1 -0
[13:59:17] [in-live] minimal.scene: 1 изменений в живой сцене
[13:59:17] [out] patch minimal.scene: +0 >0 ~1 -0
[13:59:17] [in-live] minimal.scene: 1 изменений в живой сцене
[13:59:17] [delta] тик 1200, tracked: 1, files seen: 1
[13:59:17] [out] patch minimal.scene: +0 >0 ~1 -0
[13:59:17] [in-live] minimal.scene: 1 изменений в живой сцене
[13:59:17] [out] patch minimal.scene: +0 >0 ~1 -0
[13:59:17] [in-live] minimal.scene: 1 изменений в живой сцене
[13:59:17] [out] patch minimal.scene: +0 >0 ~1 -0
[13:59:17] [in-live] minimal.scene: 1 изменений в живой сцене
[13:59:17] [out] patch minimal.scene: +0 >0 ~1 -0
[13:59:18] [in-live] minimal.scene: 1 изменений в живой сцене
[13:59:18] [out] patch minimal.scene: +0 >0 ~1 -0
[13:59:18] [in-live] minimal.scene: 1 изменений в живой сцене
[13:59:18] [out] patch minimal.scene: +0 >0 ~1 -0
[13:59:18] [in-live] minimal.scene: 1 изменений в живой сцене
[13:59:18] [out] patch minimal.scene: +0 >0 ~1 -0
[13:59:18] [in-live] minimal.scene: 3 изменений в живой сцене
[13:59:18] [in-live] minimal.scene: 3 изменений в живой сцене
[13:59:18] [out] patch minimal.scene: +0 >0 ~3 -0
[13:59:18] [in-live] minimal.scene: 3 изменений в живой сцене
[13:59:18] [out] patch minimal.scene: +0 >0 ~3 -0
[13:59:18] [in-live] minimal.scene: 3 изменений в живой сцене
[13:59:18] [out] patch minimal.scene: +0 >0 ~3 -0
[13:59:19] [in-live] minimal.scene: 3 изменений в живой сцене
[13:59:19] [in-live] minimal.scene: 3 изменений в живой сцене
[13:59:19] [out] patch minimal.scene: +0 >0 ~3 -0
[13:59:19] [in-live] minimal.scene: 3 изменений в живой сцене
[13:59:19] [out] patch minimal.scene: +0 >0 ~3 -0
[13:59:19] [in-live] minimal.scene: 3 изменений в живой сцене
[13:59:19] [out] patch minimal.scene: +0 >0 ~3 -0
[13:59:20] [in-live] minimal.scene: 3 изменений в живой сцене
[13:59:20] [out] patch minimal.scene: +0 >0 ~3 -0
[13:59:20] [in-live] minimal.scene: 3 изменений в живой сцене
[13:59:20] [out] patch minimal.scene: +0 >0 ~3 -0
[13:59:21] [in-live] minimal.scene: 3 изменений в живой сцене
[13:59:21] [out] patch minimal.scene: +0 >0 ~3 -0
[13:59:21] [in-live] minimal.scene: 3 изменений в живой сцене
[13:59:21] [out] patch minimal.scene: +0 >0 ~3 -0
[13:59:21] [delta] тик 1500, tracked: 1, files seen: 1
[13:59:21] [in-live] minimal.scene: 3 изменений в живой сцене
[13:59:21] [out] patch minimal.scene: +0 >0 ~3 -0
[13:59:21] [in-live] minimal.scene: 3 изменений в живой сцене
[13:59:21] [out] patch minimal.scene: +0 >0 ~3 -0
[13:59:21] [in-live] minimal.scene: 3 изменений в живой сцене
[13:59:22] [out] patch minimal.scene: +0 >0 ~3 -0
[13:59:22] [in-live] minimal.scene: 3 изменений в живой сцене
[13:59:22] [out] patch minimal.scene: +0 >0 ~3 -0
[13:59:22] [in-live] minimal.scene: 3 изменений в живой сцене
[13:59:22] [out] patch minimal.scene: +0 >0 ~3 -0
[13:59:22] [in-live] minimal.scene: 3 изменений в живой сцене
[13:59:22] [out] patch minimal.scene: +0 >0 ~3 -0
[13:59:22] [in-live] minimal.scene: 3 изменений в живой сцене
[13:59:22] [out] patch minimal.scene: +0 >0 ~3 -0
[13:59:22] [in-live] minimal.scene: 3 изменений в живой сцене
[13:59:23] [out] patch minimal.scene: +0 >0 ~3 -0
[13:59:23] [in-live] minimal.scene: 3 изменений в живой сцене
[13:59:23] [out] patch minimal.scene: +0 >0 ~3 -0
[13:59:23] [in-live] minimal.scene: 3 изменений в живой сцене
[13:59:23] [out] patch minimal.scene: +0 >0 ~3 -0
[13:59:23] [in-live] minimal.scene: 3 изменений в живой сцене
[13:59:23] [out] patch minimal.scene: +0 >0 ~3 -0
[13:59:23] [in-live] minimal.scene: 3 изменений в живой сцене
[13:59:23] [out] patch minimal.scene: +0 >0 ~3 -0
[13:59:24] [in-live] minimal.scene: 3 изменений в живой сцене
[13:59:24] [out] patch minimal.scene: +0 >0 ~3 -0
[13:59:24] [in-live] minimal.scene: 3 изменений в живой сцене
[13:59:24] [out] patch minimal.scene: +0 >0 ~3 -0
[13:59:24] [in-live] minimal.scene: 3 изменений в живой сцене
[13:59:24] [out] patch minimal.scene: +0 >0 ~3 -0
[13:59:24] [in-live] minimal.scene: 3 изменений в живой сцене
[13:59:24] [out] patch minimal.scene: +0 >0 ~3 -0
[13:59:24] [in-live] minimal.scene: 3 изменений в живой сцене
[13:59:24] [out] patch minimal.scene: +0 >0 ~3 -0
[13:59:25] [in-live] minimal.scene: 3 изменений в живой сцене
[13:59:25] [out] patch minimal.scene: +0 >0 ~3 -0
[13:59:25] [in-live] minimal.scene: 3 изменений в живой сцене
[13:59:25] [out] patch minimal.scene: +0 >0 ~3 -0
[13:59:25] [in-live] minimal.scene: 3 изменений в живой сцене
[13:59:25] [out] patch minimal.scene: +0 >0 ~3 -0
[13:59:25] [delta] тик 1800, tracked: 1, files seen: 1
[13:59:25] [in-live] minimal.scene: 3 изменений в живой сцене
[13:59:25] [out] patch minimal.scene: +0 >0 ~3 -0
[13:59:25] [in-live] minimal.scene: 3 изменений в живой сцене
[13:59:26] [out] patch minimal.scene: +0 >0 ~3 -0
[13:59:26] [in-live] minimal.scene: 3 изменений в живой сцене
[13:59:26] [out] patch minimal.scene: +0 >0 ~3 -0
[13:59:26] [in-live] minimal.scene: 3 изменений в живой сцене
[13:59:26] [out] patch minimal.scene: +0 >0 ~3 -0
[13:59:26] [in-live] minimal.scene: 3 изменений в живой сцене
[13:59:26] [out] patch minimal.scene: +0 >0 ~3 -0
[13:59:26] [in-live] minimal.scene: 3 изменений в живой сцене
[13:59:26] [out] patch minimal.scene: +0 >0 ~3 -0
[13:59:26] [in-live] minimal.scene: 3 изменений в живой сцене
[13:59:27] [out] patch minimal.scene: +0 >0 ~3 -0
[13:59:27] [in-live] minimal.scene: 3 изменений в живой сцене
[13:59:27] [out] patch minimal.scene: +0 >0 ~3 -0
[13:59:27] [in-live] minimal.scene: 3 изменений в живой сцене
[13:59:27] [out] patch minimal.scene: +0 >0 ~3 -0
[13:59:28] [in-live] minimal.scene: 3 изменений в живой сцене
[13:59:28] [in-live] minimal.scene: 3 изменений в живой сцене
[13:59:31] [in-live] minimal.scene: 3 изменений в живой сцене
[13:59:31] [out] patch minimal.scene: +0 >0 ~3 -0
[13:59:31] [in-live] minimal.scene: 3 изменений в живой сцене
[13:59:31] [out] patch minimal.scene: +0 >0 ~3 -0
[13:59:31] [in-live] minimal.scene: 3 изменений в живой сцене
[13:59:31] [delta] тик 2100, tracked: 1, files seen: 1
[13:59:31] [live] MainThread.Queue не отвечает (UI-поток занят?)
[13:59:32] [out] patch minimal.scene: +0 >0 ~3 -0
[13:59:32] [in-live] minimal.scene: 3 изменений в живой сцене
[13:59:32] [out] patch minimal.scene: +0 >0 ~3 -0
[13:59:32] [in-live] minimal.scene: 3 изменений в живой сцене
[13:59:32] [out] patch minimal.scene: +0 >0 ~3 -0
[13:59:32] [in-live] minimal.scene: 3 изменений в живой сцене
[13:59:32] [out] patch minimal.scene: +0 >0 ~3 -0
[13:59:32] [in-live] minimal.scene: 3 изменений в живой сцене
[13:59:32] [out] patch minimal.scene: +0 >0 ~3 -0
[13:59:32] [in-live] minimal.scene: 3 изменений в живой сцене
[13:59:32] [out] patch minimal.scene: +0 >0 ~3 -0
[13:59:32] [in-live] minimal.scene: 3 изменений в живой сцене
[13:59:32] [out] patch minimal.scene: +0 >0 ~3 -0
[13:59:33] [in-live] minimal.scene: 3 изменений в живой сцене
[13:59:33] [out] patch minimal.scene: +0 >0 ~3 -0
[13:59:33] [in-live] minimal.scene: 3 изменений в живой сцене
[13:59:33] [out] patch minimal.scene: +0 >0 ~3 -0
[13:59:33] [in-live] minimal.scene: 3 изменений в живой сцене
[13:59:33] [out] patch minimal.scene: +0 >0 ~3 -0
[13:59:33] [in-live] minimal.scene: 3 изменений в живой сцене
[13:59:33] [out] patch minimal.scene: +0 >0 ~3 -0
[13:59:33] [delta] тик 2400, tracked: 1, files seen: 1
[13:59:33] [in-live] minimal.scene: 3 изменений в живой сцене
[13:59:33] [out] patch minimal.scene: +0 >0 ~3 -0
[13:59:33] [in-live] minimal.scene: 3 изменений в живой сцене
[13:59:33] [out] patch minimal.scene: +0 >0 ~3 -0
[13:59:34] [in-live] minimal.scene: 3 изменений в живой сцене
[13:59:34] [out] patch minimal.scene: +0 >0 ~3 -0
[13:59:34] [in-live] minimal.scene: 3 изменений в живой сцене
[13:59:34] [out] patch minimal.scene: +0 >0 ~3 -0
[13:59:34] [in-live] minimal.scene: 3 изменений в живой сцене
[13:59:34] [out] patch minimal.scene: +0 >0 ~3 -0
[13:59:34] [in-live] minimal.scene: 3 изменений в живой сцене
[13:59:34] [out] patch minimal.scene: +0 >0 ~3 -0
[13:59:34] [in-live] minimal.scene: 3 изменений в живой сцене
[13:59:34] [out] patch minimal.scene: +0 >0 ~3 -0
[13:59:34] [in-live] minimal.scene: 3 изменений в живой сцене
[13:59:35] [out] patch minimal.scene: +0 >0 ~3 -0
[13:59:35] [in-live] minimal.scene: 3 изменений в живой сцене
[13:59:35] [out] patch minimal.scene: +0 >0 ~3 -0
[13:59:35] [in-live] minimal.scene: 3 изменений в живой сцене
[13:59:35] [out] patch minimal.scene: +0 >0 ~3 -0
[13:59:35] [in-live] minimal.scene: 3 изменений в живой сцене
[13:59:35] [out] patch minimal.scene: +0 >0 ~3 -0
[13:59:35] [in-live] minimal.scene: 3 изменений в живой сцене
[13:59:35] [out] patch minimal.scene: +0 >0 ~3 -0
[13:59:35] [in-live] minimal.scene: 3 изменений в живой сцене
[13:59:36] [out] patch minimal.scene: +0 >0 ~3 -0
[13:59:36] [in-live] minimal.scene: 3 изменений в живой сцене
[13:59:36] [out] patch minimal.scene: +0 >0 ~3 -0
[13:59:36] [in-live] minimal.scene: 3 изменений в живой сцене
[13:59:36] [out] patch minimal.scene: +0 >0 ~3 -0
[13:59:36] [in-live] minimal.scene: 3 изменений в живой сцене
[13:59:36] [out] patch minimal.scene: +0 >0 ~3 -0
[13:59:36] [in-live] minimal.scene: 3 изменений в живой сцене
[13:59:36] [out] patch minimal.scene: +0 >0 ~3 -0
[13:59:37] [in-live] minimal.scene: 3 изменений в живой сцене
[13:59:37] [out] patch minimal.scene: +0 >0 ~3 -0
[13:59:37] [in-live] minimal.scene: 3 изменений в живой сцене
[13:59:37] [out] patch minimal.scene: +0 >0 ~3 -0
[13:59:37] [in-live] minimal.scene: 3 изменений в живой сцене
[13:59:37] [out] patch minimal.scene: +0 >0 ~3 -0
[13:59:37] [out] patch minimal.scene: +0 >0 ~3 -0
[13:59:37] [out] patch minimal.scene: +0 >0 ~3 -0
[13:59:38] [delta] тик 2700, tracked: 1, files seen: 1
[13:59:38] [in-live] minimal.scene: 3 изменений в живой сцене
[13:59:38] [out] patch minimal.scene: +0 >0 ~3 -0
[13:59:39] [in-live] minimal.scene: 3 изменений в живой сцене
[13:59:39] [out] patch minimal.scene: +0 >0 ~3 -0
[13:59:39] [in-live] minimal.scene: 3 изменений в живой сцене
[13:59:39] [out] patch minimal.scene: +0 >0 ~3 -0
[13:59:39] [in-live] minimal.scene: 3 изменений в живой сцене
[13:59:39] [out] patch minimal.scene: +0 >0 ~3 -0
[13:59:40] [in-live] minimal.scene: 4 изменений в живой сцене
[13:59:40] [in-live] minimal.scene: 1 изменений в живой сцене
[13:59:40] [out] patch minimal.scene: +0 >0 ~4 -0
[13:59:40] [in-live] minimal.scene: 4 изменений в живой сцене
[13:59:40] [out] patch minimal.scene: +0 >0 ~4 -0
[13:59:40] [in-live] minimal.scene: 4 изменений в живой сцене
[13:59:40] [out] patch minimal.scene: +0 >0 ~4 -0
[13:59:40] [in-live] minimal.scene: 4 изменений в живой сцене
[13:59:41] [out] patch minimal.scene: +0 >0 ~4 -0
[13:59:41] [in-live] minimal.scene: 4 изменений в живой сцене
[13:59:41] [out] patch minimal.scene: +0 >0 ~4 -0
[13:59:41] [in-live] minimal.scene: 4 изменений в живой сцене
[13:59:41] [out] patch minimal.scene: +0 >0 ~4 -0
[13:59:41] [in-live] minimal.scene: 4 изменений в живой сцене
[13:59:41] [out] patch minimal.scene: +0 >0 ~4 -0
[13:59:41] [in-live] minimal.scene: 4 изменений в живой сцене
[13:59:41] [out] patch minimal.scene: +0 >0 ~4 -0
[13:59:41] [in-live] minimal.scene: 4 изменений в живой сцене
[13:59:41] [out] patch minimal.scene: +0 >0 ~4 -0
[13:59:42] [in-live] minimal.scene: 4 изменений в живой сцене
[13:59:42] [out] patch minimal.scene: +0 >0 ~4 -0
[13:59:42] [in-live] minimal.scene: 4 изменений в живой сцене
[13:59:42] [out] patch minimal.scene: +0 >0 ~4 -0
[13:59:42] [in-live] minimal.scene: 4 изменений в живой сцене
[13:59:42] [out] patch minimal.scene: +0 >0 ~4 -0
[13:59:42] [in-live] minimal.scene: 4 изменений в живой сцене
[13:59:43] [delta] тик 3000, tracked: 1, files seen: 1
[13:59:43] [out] patch minimal.scene: +0 >0 ~4 -0
[13:59:43] [in-live] minimal.scene: 4 изменений в живой сцене
[13:59:43] [in-live] minimal.scene: 1 изменений в живой сцене
[13:59:43] [out] patch minimal.scene: +0 >0 ~4 -0
[13:59:43] [in-live] minimal.scene: 4 изменений в живой сцене
[13:59:43] [out] patch minimal.scene: +0 >0 ~4 -0
[13:59:43] [in-live] minimal.scene: 4 изменений в живой сцене
[13:59:43] [out] patch minimal.scene: +0 >0 ~4 -0
[13:59:43] [in-live] minimal.scene: 4 изменений в живой сцене
[13:59:43] [out] patch minimal.scene: +0 >0 ~4 -0
[13:59:44] [in-live] minimal.scene: 4 изменений в живой сцене
[13:59:44] [out] patch minimal.scene: +0 >0 ~4 -0
[13:59:44] [in-live] minimal.scene: 4 изменений в живой сцене
[13:59:44] [out] patch minimal.scene: +0 >0 ~4 -0
[13:59:44] [in-live] minimal.scene: 4 изменений в живой сцене
[13:59:44] [out] patch minimal.scene: +0 >0 ~4 -0
[13:59:44] [in-live] minimal.scene: 4 изменений в живой сцене
[13:59:44] [out] patch minimal.scene: +0 >0 ~4 -0
[13:59:44] [in-live] minimal.scene: 4 изменений в живой сцене
[13:59:44] [out] patch minimal.scene: +0 >0 ~4 -0
[13:59:44] [in-live] minimal.scene: 4 изменений в живой сцене
[13:59:45] [out] patch minimal.scene: +0 >0 ~4 -0
[13:59:45] [in-live] minimal.scene: 4 изменений в живой сцене
[13:59:45] [out] patch minimal.scene: +0 >0 ~4 -0
[13:59:45] [in-live] minimal.scene: 4 изменений в живой сцене
[13:59:45] [out] patch minimal.scene: +0 >0 ~4 -0
[13:59:45] [in-live] minimal.scene: 4 изменений в живой сцене
[13:59:45] [out] patch minimal.scene: +0 >0 ~4 -0
[13:59:45] [in-live] minimal.scene: 4 изменений в живой сцене
[13:59:45] [out] patch minimal.scene: +0 >0 ~4 -0
[13:59:46] [in-live] minimal.scene: 4 изменений в живой сцене
[13:59:46] [out] patch minimal.scene: +0 >0 ~4 -0
[13:59:46] [in-live] minimal.scene: 4 изменений в живой сцене
[13:59:46] [out] patch minimal.scene: +0 >0 ~4 -0
[13:59:46] [in-live] minimal.scene: 4 изменений в живой сцене
[13:59:46] [out] patch minimal.scene: +0 >0 ~4 -0
[13:59:46] [in-live] minimal.scene: 4 изменений в живой сцене
[13:59:46] [out] patch minimal.scene: +0 >0 ~4 -0
[13:59:46] [in-live] minimal.scene: 4 изменений в живой сцене
[13:59:46] [out] patch minimal.scene: +0 >0 ~4 -0
[13:59:47] [in-live] minimal.scene: 4 изменений в живой сцене
[13:59:47] [out] patch minimal.scene: +0 >0 ~4 -0
[13:59:47] [in-live] minimal.scene: 4 изменений в живой сцене
[13:59:47] [out] patch minimal.scene: +0 >0 ~4 -0
[13:59:47] [in-live] minimal.scene: 4 изменений в живой сцене
[13:59:47] [out] patch minimal.scene: +0 >0 ~4 -0
[13:59:47] [in-live] minimal.scene: 4 изменений в живой сцене
[13:59:47] [out] patch minimal.scene: +0 >0 ~4 -0
[13:59:48] [in-live] minimal.scene: 4 изменений в живой сцене
[13:59:48] [out] patch minimal.scene: +0 >0 ~4 -0
[13:59:48] [in-live] minimal.scene: 4 изменений в живой сцене
[13:59:48] [delta] тик 3300, tracked: 1, files seen: 1
[13:59:48] [out] patch minimal.scene: +0 >0 ~4 -0
[13:59:48] [in-live] minimal.scene: 4 изменений в живой сцене
[13:59:48] [out] patch minimal.scene: +0 >0 ~4 -0
[13:59:48] [in-live] minimal.scene: 4 изменений в живой сцене
[13:59:48] [out] patch minimal.scene: +0 >0 ~4 -0
[13:59:48] [in-live] minimal.scene: 4 изменений в живой сцене
[13:59:49] [out] patch minimal.scene: +0 >0 ~4 -0
[13:59:49] [in-live] minimal.scene: 4 изменений в живой сцене
[13:59:49] [out] patch minimal.scene: +0 >0 ~4 -0
[13:59:49] [in-live] minimal.scene: 4 изменений в живой сцене
[13:59:49] [out] patch minimal.scene: +0 >0 ~4 -0
[13:59:49] [in-live] minimal.scene: 4 изменений в живой сцене
[13:59:49] [out] patch minimal.scene: +0 >0 ~4 -0
[13:59:49] [in-live] minimal.scene: 4 изменений в живой сцене
[13:59:49] [out] patch minimal.scene: +0 >0 ~4 -0
[13:59:49] [in-live] minimal.scene: 4 изменений в живой сцене
[13:59:49] [out] patch minimal.scene: +0 >0 ~4 -0
[13:59:50] [in-live] minimal.scene: 4 изменений в живой сцене
[13:59:50] [out] patch minimal.scene: +0 >0 ~4 -0
[13:59:50] [in-live] minimal.scene: 4 изменений в живой сцене
[13:59:50] [out] patch minimal.scene: +0 >0 ~4 -0
[13:59:50] [in-live] minimal.scene: 4 изменений в живой сцене
[13:59:50] [out] patch minimal.scene: +0 >0 ~4 -0
[13:59:50] [in-live] minimal.scene: 4 изменений в живой сцене
[13:59:50] [out] patch minimal.scene: +0 >0 ~4 -0
[13:59:50] [in-live] minimal.scene: 4 изменений в живой сцене
[13:59:50] [out] patch minimal.scene: +0 >0 ~4 -0
[13:59:50] [in-live] minimal.scene: 4 изменений в живой сцене
[13:59:51] [out] patch minimal.scene: +0 >0 ~4 -0
[13:59:51] [in-live] minimal.scene: 4 изменений в живой сцене
[13:59:51] [out] patch minimal.scene: +0 >0 ~4 -0
[13:59:51] [in-live] minimal.scene: 4 изменений в живой сцене
[13:59:51] [out] patch minimal.scene: +0 >0 ~4 -0
[13:59:51] [in-live] minimal.scene: 4 изменений в живой сцене
[13:59:51] [out] patch minimal.scene: +0 >0 ~4 -0
[13:59:51] [in-live] minimal.scene: 4 изменений в живой сцене
[13:59:51] [out] patch minimal.scene: +0 >0 ~4 -0
[13:59:51] [in-live] minimal.scene: 4 изменений в живой сцене
[13:59:52] [out] patch minimal.scene: +0 >0 ~4 -0
[13:59:52] [in-live] minimal.scene: 4 изменений в живой сцене
[13:59:52] [out] patch minimal.scene: +0 >0 ~4 -0
[13:59:52] [in-live] minimal.scene: 4 изменений в живой сцене
[13:59:52] [out] patch minimal.scene: +0 >0 ~4 -0
[13:59:52] [in-live] minimal.scene: 4 изменений в живой сцене
[13:59:52] [out] patch minimal.scene: +0 >0 ~4 -0
[13:59:52] [in-live] minimal.scene: 4 изменений в живой сцене
[13:59:53] [out] patch minimal.scene: +0 >0 ~4 -0
[13:59:53] [in-live] minimal.scene: 4 изменений в живой сцене
[13:59:53] [out] patch minimal.scene: +0 >0 ~4 -0
[13:59:53] [in-live] minimal.scene: 4 изменений в живой сцене
[13:59:53] [delta] тик 3600, tracked: 1, files seen: 1
[13:59:53] [out] patch minimal.scene: +0 >0 ~4 -0
[13:59:53] [in-live] minimal.scene: 4 изменений в живой сцене
[13:59:53] [out] patch minimal.scene: +0 >0 ~4 -0
[13:59:54] [in-live] minimal.scene: 4 изменений в живой сцене
[13:59:54] [out] patch minimal.scene: +0 >0 ~4 -0
[13:59:54] [in-live] minimal.scene: 4 изменений в живой сцене
[13:59:54] [out] patch minimal.scene: +0 >0 ~4 -0
[13:59:54] [in-live] minimal.scene: 4 изменений в живой сцене
[13:59:54] [out] patch minimal.scene: +0 >0 ~4 -0
[13:59:54] [in-live] minimal.scene: 4 изменений в живой сцене
[13:59:54] [out] patch minimal.scene: +0 >0 ~4 -0
[13:59:54] [in-live] minimal.scene: 4 изменений в живой сцене
[13:59:54] [out] patch minimal.scene: +0 >0 ~4 -0
[13:59:55] [in-live] minimal.scene: 4 изменений в живой сцене
[13:59:55] [out] patch minimal.scene: +0 >0 ~4 -0
[13:59:55] [in-live] minimal.scene: 4 изменений в живой сцене
[13:59:55] [out] patch minimal.scene: +0 >0 ~4 -0
[13:59:55] [in-live] minimal.scene: 4 изменений в живой сцене
[13:59:55] [out] patch minimal.scene: +0 >0 ~4 -0
[13:59:55] [in-live] minimal.scene: 4 изменений в живой сцене
[13:59:55] [out] patch minimal.scene: +0 >0 ~4 -0
[13:59:55] [in-live] minimal.scene: 4 изменений в живой сцене
[13:59:56] [out] patch minimal.scene: +0 >0 ~4 -0
[13:59:56] [in-live] minimal.scene: 4 изменений в живой сцене
[13:59:56] [out] patch minimal.scene: +0 >0 ~4 -0
[13:59:56] [in-live] minimal.scene: 4 изменений в живой сцене
[13:59:56] [out] patch minimal.scene: +0 >0 ~4 -0
[13:59:56] [in-live] minimal.scene: 4 изменений в живой сцене
[13:59:56] [out] patch minimal.scene: +0 >0 ~4 -0
[13:59:56] [in-live] minimal.scene: 4 изменений в живой сцене
[13:59:56] [out] patch minimal.scene: +0 >0 ~4 -0
[13:59:57] [in-live] minimal.scene: 4 изменений в живой сцене
[13:59:57] [out] patch minimal.scene: +0 >0 ~4 -0
[13:59:57] [in-live] minimal.scene: 4 изменений в живой сцене
[13:59:57] [out] patch minimal.scene: +0 >0 ~4 -0
[13:59:57] [in-live] minimal.scene: 4 изменений в живой сцене
[13:59:57] [out] patch minimal.scene: +0 >0 ~4 -0
[13:59:57] [in-live] minimal.scene: 4 изменений в живой сцене
[13:59:58] [out] patch minimal.scene: +0 >0 ~4 -0
[13:59:58] [in-live] minimal.scene: 4 изменений в живой сцене
[13:59:58] [out] patch minimal.scene: +0 >0 ~4 -0
[13:59:58] [in-live] minimal.scene: 4 изменений в живой сцене
[13:59:58] [delta] тик 3900, tracked: 1, files seen: 1
[13:59:58] [out] patch minimal.scene: +0 >0 ~4 -0
[13:59:58] [in-live] minimal.scene: 4 изменений в живой сцене
[13:59:58] [out] patch minimal.scene: +0 >0 ~4 -0
[13:59:58] [in-live] minimal.scene: 4 изменений в живой сцене
[13:59:59] [out] patch minimal.scene: +0 >0 ~4 -0
[13:59:59] [in-live] minimal.scene: 4 изменений в живой сцене
[13:59:59] [out] patch minimal.scene: +0 >0 ~4 -0
[13:59:59] [in-live] minimal.scene: 4 изменений в живой сцене
[13:59:59] [out] patch minimal.scene: +0 >0 ~4 -0
[13:59:59] [in-live] minimal.scene: 4 изменений в живой сцене
[13:59:59] [out] patch minimal.scene: +0 >0 ~4 -0
[13:59:59] [in-live] minimal.scene: 4 изменений в живой сцене
[13:59:59] [out] patch minimal.scene: +0 >0 ~4 -0
[14:00:00] [in-live] minimal.scene: 4 изменений в живой сцене
[14:00:00] [out] patch minimal.scene: +0 >0 ~4 -0
[14:00:00] [in-live] minimal.scene: 4 изменений в живой сцене
[14:00:00] [out] patch minimal.scene: +0 >0 ~4 -0
[14:00:00] [in-live] minimal.scene: 4 изменений в живой сцене
[14:00:00] [out] patch minimal.scene: +0 >0 ~4 -0
[14:00:00] [in-live] minimal.scene: 4 изменений в живой сцене
[14:00:00] [out] patch minimal.scene: +0 >0 ~4 -0
[14:00:00] [in-live] minimal.scene: 4 изменений в живой сцене
[14:00:00] [out] patch minimal.scene: +0 >0 ~4 -0
[14:00:01] [in-live] minimal.scene: 4 изменений в живой сцене
[14:00:01] [out] patch minimal.scene: +0 >0 ~4 -0
[14:00:01] [in-live] minimal.scene: 4 изменений в живой сцене
[14:00:01] [out] patch minimal.scene: +0 >0 ~4 -0
[14:00:01] [in-live] minimal.scene: 4 изменений в живой сцене
[14:00:01] [out] patch minimal.scene: +0 >0 ~4 -0
[14:00:01] [in-live] minimal.scene: 4 изменений в живой сцене
[14:00:01] [out] patch minimal.scene: +0 >0 ~4 -0
[14:00:01] [in-live] minimal.scene: 4 изменений в живой сцене
[14:00:02] [out] patch minimal.scene: +0 >0 ~4 -0
[14:00:02] [out] patch minimal.scene: +0 >0 ~4 -0
[14:00:02] [in-live] minimal.scene: 4 изменений в живой сцене
[14:00:02] [out] patch minimal.scene: +0 >0 ~4 -0
[14:00:02] [in-live] minimal.scene: 4 изменений в живой сцене
[14:00:02] [in-live] minimal.scene: 4 изменений в живой сцене
[14:00:02] [out] patch minimal.scene: +0 >0 ~4 -0
[14:00:02] [in-live] minimal.scene: 4 изменений в живой сцене
[14:00:03] [out] patch minimal.scene: +0 >0 ~4 -0
[14:00:03] [in-live] minimal.scene: 4 изменений в живой сцене
[14:00:03] [out] patch minimal.scene: +0 >0 ~4 -0
[14:00:03] [in-live] minimal.scene: 4 изменений в живой сцене
[14:00:03] [delta] тик 4200, tracked: 1, files seen: 1
[14:00:03] [out] patch minimal.scene: +0 >0 ~4 -0
[14:00:03] [in-live] minimal.scene: 4 изменений в живой сцене
[14:00:04] [in-live] minimal.scene: 1 изменений в живой сцене
[14:00:04] [out] patch minimal.scene: +0 >0 ~4 -0
[14:00:04] [in-live] minimal.scene: 4 изменений в живой сцене
[14:00:04] [out] patch minimal.scene: +0 >0 ~4 -0
[14:00:04] [in-live] minimal.scene: 4 изменений в живой сцене
[14:00:04] [out] patch minimal.scene: +0 >0 ~4 -0
[14:00:05] [in-live] minimal.scene: 4 изменений в живой сцене
[14:00:05] [out] patch minimal.scene: +0 >0 ~4 -0
[14:00:05] [in-live] minimal.scene: 4 изменений в живой сцене
[14:00:05] [out] patch minimal.scene: +0 >0 ~4 -0
[14:00:05] [in-live] minimal.scene: 4 изменений в живой сцене
[14:00:05] [out] patch minimal.scene: +0 >0 ~4 -0
[14:00:05] [in-live] minimal.scene: 4 изменений в живой сцене
[14:00:05] [out] patch minimal.scene: +0 >0 ~4 -0
[14:00:05] [in-live] minimal.scene: 4 изменений в живой сцене
[14:00:05] [out] patch minimal.scene: +0 >0 ~4 -0
[14:00:06] [in-live] minimal.scene: 4 изменений в живой сцене
[14:00:06] [out] patch minimal.scene: +0 >0 ~4 -0
[14:00:06] [in-live] minimal.scene: 4 изменений в живой сцене
[14:00:06] [out] patch minimal.scene: +0 >0 ~4 -0
[14:00:06] [in-live] minimal.scene: 4 изменений в живой сцене
[14:00:06] [out] patch minimal.scene: +0 >0 ~4 -0
[14:00:06] [in-live] minimal.scene: 4 изменений в живой сцене
[14:00:06] [out] patch minimal.scene: +0 >0 ~4 -0
[14:00:07] [in-live] minimal.scene: 4 изменений в живой сцене
[14:00:07] [out] patch minimal.scene: +0 >0 ~4 -0
[14:00:07] [in-live] minimal.scene: 4 изменений в живой сцене
[14:00:07] [out] patch minimal.scene: +0 >0 ~4 -0
[14:00:08] [in-live] minimal.scene: 4 изменений в живой сцене
[14:00:08] [out] patch minimal.scene: +0 >0 ~4 -0
[14:00:08] [in-live] minimal.scene: 4 изменений в живой сцене
[14:00:08] [out] patch minimal.scene: +0 >0 ~4 -0
[14:00:08] [in-live] minimal.scene: 4 изменений в живой сцене
[14:00:08] [delta] тик 4500, tracked: 1, files seen: 1
[14:00:08] [out] patch minimal.scene: +0 >0 ~4 -0
[14:00:09] [in-live] minimal.scene: 4 изменений в живой сцене
[14:00:09] [out] patch minimal.scene: +0 >0 ~4 -0
[14:00:09] [in-live] minimal.scene: 4 изменений в живой сцене
[14:00:09] [out] patch minimal.scene: +0 >0 ~4 -0
[14:00:09] [in-live] minimal.scene: 4 изменений в живой сцене
[14:00:09] [out] patch minimal.scene: +0 >0 ~4 -0
[14:00:09] [in-live] minimal.scene: 4 изменений в живой сцене
[14:00:09] [out] patch minimal.scene: +0 >0 ~4 -0
[14:00:09] [in-live] minimal.scene: 4 изменений в живой сцене
[14:00:09] [out] patch minimal.scene: +0 >0 ~4 -0
[14:00:10] [out] patch minimal.scene: +0 >0 ~4 -0
[14:00:10] [in-live] minimal.scene: 4 изменений в живой сцене
[14:00:10] [in-live] minimal.scene: 4 изменений в живой сцене
[14:00:10] [out] patch minimal.scene: +0 >0 ~4 -0
[14:00:10] [in-live] minimal.scene: 4 изменений в живой сцене
[14:00:10] [out] patch minimal.scene: +0 >0 ~4 -0
[14:00:10] [in-live] minimal.scene: 4 изменений в живой сцене
[14:00:10] [out] patch minimal.scene: +0 >0 ~4 -0
[14:00:11] [in-live] minimal.scene: 4 изменений в живой сцене
[14:00:11] [out] patch minimal.scene: +0 >0 ~4 -0
[14:00:11] [in-live] minimal.scene: 4 изменений в живой сцене
[14:00:11] [out] patch minimal.scene: +0 >0 ~4 -0
[14:00:11] [out] patch minimal.scene: +0 >0 ~4 -0
[14:00:11] [in-live] minimal.scene: 4 изменений в живой сцене
[14:00:11] [out] patch minimal.scene: +0 >0 ~4 -0
[14:00:11] [in-live] minimal.scene: 4 изменений в живой сцене
[14:00:12] [in-live] minimal.scene: 4 изменений в живой сцене
[14:00:12] [out] patch minimal.scene: +0 >0 ~4 -0
[14:00:12] [in-live] minimal.scene: 4 изменений в живой сцене
[14:00:12] [out] patch minimal.scene: +0 >0 ~4 -0
[14:00:12] [in-live] minimal.scene: 4 изменений в живой сцене
[14:00:12] [out] patch minimal.scene: +0 >0 ~4 -0
[14:00:12] [in-live] minimal.scene: 4 изменений в живой сцене
[14:00:13] [out] patch minimal.scene: +0 >0 ~4 -0
[14:00:13] [in-live] minimal.scene: 4 изменений в живой сцене
[14:00:13] [out] patch minimal.scene: +0 >0 ~4 -0
[14:00:13] [in-live] minimal.scene: 4 изменений в живой сцене
[14:00:13] [out] patch minimal.scene: +0 >0 ~4 -0
[14:00:13] [delta] тик 4800, tracked: 1, files seen: 1
[14:00:13] [in-live] minimal.scene: 4 изменений в живой сцене
[14:00:14] [out] patch minimal.scene: +0 >0 ~4 -0
[14:00:14] [in-live] minimal.scene: 4 изменений в живой сцене
[14:00:14] [out] patch minimal.scene: +0 >0 ~4 -0
[14:00:14] [in-live] minimal.scene: 4 изменений в живой сцене
[14:00:14] [out] patch minimal.scene: +0 >0 ~4 -0
[14:00:14] [in-live] minimal.scene: 4 изменений в живой сцене
[14:00:14] [out] patch minimal.scene: +0 >0 ~4 -0
[14:00:14] [in-live] minimal.scene: 4 изменений в живой сцене
[14:00:14] [out] patch minimal.scene: +0 >0 ~4 -0
[14:00:14] [in-live] minimal.scene: 4 изменений в живой сцене
[14:00:15] [out] patch minimal.scene: +0 >0 ~4 -0
[14:00:15] [in-live] minimal.scene: 4 изменений в живой сцене
[14:00:15] [out] patch minimal.scene: +0 >0 ~4 -0
[14:00:15] [in-live] minimal.scene: 4 изменений в живой сцене
[14:00:15] [out] patch minimal.scene: +0 >0 ~4 -0
[14:00:15] [in-live] minimal.scene: 4 изменений в живой сцене
[14:00:15] [out] patch minimal.scene: +0 >0 ~4 -0
[14:00:15] [in-live] minimal.scene: 4 изменений в живой сцене
[14:00:16] [out] patch minimal.scene: +0 >0 ~4 -0
[14:00:16] [in-live] minimal.scene: 4 изменений в живой сцене
[14:00:16] [out] patch minimal.scene: +0 >0 ~4 -0
[14:00:16] [in-live] minimal.scene: 4 изменений в живой сцене
[14:00:16] [out] patch minimal.scene: +0 >0 ~4 -0
[14:00:16] [in-live] minimal.scene: 4 изменений в живой сцене
[14:00:16] [out] patch minimal.scene: +0 >0 ~4 -0
[14:00:16] [in-live] minimal.scene: 4 изменений в живой сцене
[14:00:16] [out] patch minimal.scene: +0 >0 ~4 -0
[14:00:17] [in-live] minimal.scene: 4 изменений в живой сцене
[14:00:17] [out] patch minimal.scene: +0 >0 ~4 -0
[14:00:17] [in-live] minimal.scene: 4 изменений в живой сцене
[14:00:17] [out] patch minimal.scene: +0 >0 ~4 -0
[14:00:17] [in-live] minimal.scene: 4 изменений в живой сцене
[14:00:17] [out] patch minimal.scene: +0 >0 ~4 -0
[14:00:18] [in-live] minimal.scene: 4 изменений в живой сцене
[14:00:18] [out] patch minimal.scene: +0 >0 ~4 -0
[14:00:18] [in-live] minimal.scene: 4 изменений в живой сцене
[14:00:18] [out] patch minimal.scene: +0 >0 ~4 -0
[14:00:18] [in-live] minimal.scene: 4 изменений в живой сцене
[14:00:18] [delta] тик 5100, tracked: 1, files seen: 1
[14:00:18] [out] patch minimal.scene: +0 >0 ~4 -0
[14:00:19] [in-live] minimal.scene: 4 изменений в живой сцене
[14:00:19] [out] patch minimal.scene: +0 >0 ~4 -0
[14:00:19] [in-live] minimal.scene: 4 изменений в живой сцене
[14:00:19] [out] patch minimal.scene: +0 >0 ~4 -0
[14:00:19] [in-live] minimal.scene: 4 изменений в живой сцене
[14:00:19] [out] patch minimal.scene: +0 >0 ~4 -0
[14:00:19] [in-live] minimal.scene: 4 изменений в живой сцене
[14:00:19] [out] patch minimal.scene: +0 >0 ~4 -0
[14:00:19] [out] patch minimal.scene: +0 >0 ~4 -0
[14:00:20] [in-live] minimal.scene: 4 изменений в живой сцене
[14:00:20] [out] patch minimal.scene: +0 >0 ~4 -0
[14:00:20] [in-live] minimal.scene: 4 изменений в живой сцене
[14:00:20] [out] patch minimal.scene: +0 >0 ~4 -0
[14:00:20] [in-live] minimal.scene: 4 изменений в живой сцене
[14:00:20] [in-live] minimal.scene: 4 изменений в живой сцене
[14:00:20] [out] patch minimal.scene: +0 >0 ~4 -0
[14:00:20] [in-live] minimal.scene: 4 изменений в живой сцене
[14:00:21] [out] patch minimal.scene: +0 >0 ~4 -0
[14:00:21] [in-live] minimal.scene: 4 изменений в живой сцене
[14:00:21] [out] patch minimal.scene: +0 >0 ~4 -0
[14:00:21] [in-live] minimal.scene: 4 изменений в живой сцене
[14:00:21] [out] patch minimal.scene: +0 >0 ~4 -0
[14:00:21] [in-live] minimal.scene: 4 изменений в живой сцене
[14:00:21] [out] patch minimal.scene: +0 >0 ~4 -0
[14:00:21] [in-live] minimal.scene: 4 изменений в живой сцене
[14:00:22] [out] patch minimal.scene: +0 >0 ~4 -0
[14:00:22] [in-live] minimal.scene: 4 изменений в живой сцене
[14:00:22] [out] patch minimal.scene: +0 >0 ~4 -0
[14:00:22] [in-live] minimal.scene: 4 изменений в живой сцене
[14:00:22] [out] patch minimal.scene: +0 >0 ~4 -0
[14:00:22] [out] patch minimal.scene: +0 >0 ~4 -0
[14:00:22] [in-live] minimal.scene: 4 изменений в живой сцене
[14:00:23] [in-live] minimal.scene: 4 изменений в живой сцене
[14:00:23] [out] patch minimal.scene: +0 >0 ~4 -0
[14:00:23] [in-live] minimal.scene: 4 изменений в живой сцене
[14:00:23] [out] patch minimal.scene: +0 >0 ~4 -0
[14:00:23] [delta] тик 5400, tracked: 1, files seen: 1
[14:00:23] [in-live] minimal.scene: 4 изменений в живой сцене
[14:00:24] [out] patch minimal.scene: +0 >0 ~4 -0
[14:00:24] [in-live] minimal.scene: 4 изменений в живой сцене
[14:00:24] [out] patch minimal.scene: +0 >0 ~4 -0
[14:00:24] [in-live] minimal.scene: 4 изменений в живой сцене
[14:00:24] [out] patch minimal.scene: +0 >0 ~4 -0
[14:00:24] [in-live] minimal.scene: 4 изменений в живой сцене
[14:00:24] [out] patch minimal.scene: +0 >0 ~4 -0
[14:00:24] [in-live] minimal.scene: 4 изменений в живой сцене
[14:00:25] [out] patch minimal.scene: +0 >0 ~4 -0
[14:00:25] [in-live] minimal.scene: 4 изменений в живой сцене
[14:00:25] [out] patch minimal.scene: +0 >0 ~4 -0
[14:00:25] [in-live] minimal.scene: 4 изменений в живой сцене
[14:00:25] [out] patch minimal.scene: +0 >0 ~4 -0
[14:00:25] [in-live] minimal.scene: 4 изменений в живой сцене
[14:00:25] [out] patch minimal.scene: +0 >0 ~4 -0
[14:00:25] [in-live] minimal.scene: 4 изменений в живой сцене
[14:00:26] [out] patch minimal.scene: +0 >0 ~4 -0
[14:00:26] [in-live] minimal.scene: 4 изменений в живой сцене
[14:00:26] [out] patch minimal.scene: +0 >0 ~4 -0
[14:00:26] [in-live] minimal.scene: 4 изменений в живой сцене
[14:00:26] [out] patch minimal.scene: +0 >0 ~4 -0
[14:00:26] [in-live] minimal.scene: 4 изменений в живой сцене
[14:00:26] [out] patch minimal.scene: +0 >0 ~4 -0
[14:00:27] [in-live] minimal.scene: 4 изменений в живой сцене
[14:00:27] [out] patch minimal.scene: +0 >0 ~4 -0
[14:00:27] [in-live] minimal.scene: 4 изменений в живой сцене
[14:00:27] [out] patch minimal.scene: +0 >0 ~4 -0
[14:00:27] [in-live] minimal.scene: 4 изменений в живой сцене
[14:00:27] [out] patch minimal.scene: +0 >0 ~4 -0
[14:00:27] [in-live] minimal.scene: 4 изменений в живой сцене
[14:00:27] [out] patch minimal.scene: +0 >0 ~4 -0
[14:00:28] [out] patch minimal.scene: +0 >0 ~4 -0
[14:00:28] [delta] тик 5700, tracked: 1, files seen: 1
[14:00:28] [in-live] minimal.scene: 4 изменений в живой сцене
[14:00:28] [out] patch minimal.scene: +0 >0 ~4 -0
[14:00:28] [in-live] minimal.scene: 4 изменений в живой сцене
[14:00:28] [out] patch minimal.scene: +0 >0 ~4 -0
[14:00:29] [in-live] minimal.scene: 4 изменений в живой сцене
[14:00:29] [in-live] minimal.scene: 4 изменений в живой сцене
[14:00:29] [out] patch minimal.scene: +0 >0 ~4 -0
[14:00:29] [in-live] minimal.scene: 4 изменений в живой сцене
[14:00:29] [out] patch minimal.scene: +0 >0 ~4 -0
[14:00:29] [in-live] minimal.scene: 4 изменений в живой сцене
[14:00:29] [out] patch minimal.scene: +0 >0 ~4 -0
[14:00:30] [in-live] minimal.scene: 4 изменений в живой сцене
[14:00:30] [out] patch minimal.scene: +0 >0 ~4 -0
[14:00:30] [in-live] minimal.scene: 4 изменений в живой сцене
[14:00:30] [out] patch minimal.scene: +0 >0 ~4 -0
[14:00:30] [in-live] minimal.scene: 4 изменений в живой сцене
[14:00:30] [out] patch minimal.scene: +0 >0 ~4 -0
[14:00:30] [out] patch minimal.scene: +0 >0 ~4 -0
[14:00:30] [in-live] minimal.scene: 4 изменений в живой сцене
[14:00:31] [in-live] minimal.scene: 4 изменений в живой сцене
[14:00:31] [out] patch minimal.scene: +0 >0 ~4 -0
[14:00:31] [in-live] minimal.scene: 4 изменений в живой сцене
[14:00:31] [out] patch minimal.scene: +0 >0 ~4 -0
[14:00:31] [in-live] minimal.scene: 4 изменений в живой сцене
[14:00:31] [out] patch minimal.scene: +0 >0 ~4 -0
[14:00:31] [in-live] minimal.scene: 4 изменений в живой сцене
[14:00:32] [out] patch minimal.scene: +0 >0 ~4 -0
[14:00:32] [in-live] minimal.scene: 4 изменений в живой сцене
[14:00:32] [out] patch minimal.scene: +0 >0 ~4 -0
[14:00:32] [in-live] minimal.scene: 4 изменений в живой сцене
[14:00:32] [out] patch minimal.scene: +0 >0 ~4 -0
[14:00:32] [delta] тик 6000, tracked: 1, files seen: 1
[14:00:33] [in-live] minimal.scene: 4 изменений в живой сцене
[14:00:33] [out] patch minimal.scene: +0 >0 ~4 -0
[14:00:33] [in-live] minimal.scene: 4 изменений в живой сцене
[14:00:33] [out] patch minimal.scene: +0 >0 ~4 -0
[14:00:34] [in-live] minimal.scene: 4 изменений в живой сцене
[14:00:34] [out] patch minimal.scene: +0 >0 ~4 -0
[14:00:34] [in-live] minimal.scene: 4 изменений в живой сцене
[14:00:34] [out] patch minimal.scene: +0 >0 ~4 -0
[14:00:34] [in-live] minimal.scene: 4 изменений в живой сцене
[14:00:34] [out] patch minimal.scene: +0 >0 ~4 -0
[14:00:34] [in-live] minimal.scene: 4 изменений в живой сцене
[14:00:35] [out] patch minimal.scene: +0 >0 ~4 -0
[14:00:35] [in-live] minimal.scene: 4 изменений в живой сцене
[14:00:35] [out] patch minimal.scene: +0 >0 ~4 -0
[14:00:35] [in-live] minimal.scene: 4 изменений в живой сцене
[14:00:35] [out] patch minimal.scene: +0 >0 ~4 -0
[14:00:35] [out] patch minimal.scene: +0 >0 ~4 -0
[14:00:35] [in-live] minimal.scene: 4 изменений в живой сцене
[14:00:36] [in-live] minimal.scene: 4 изменений в живой сцене
[14:00:36] [out] patch minimal.scene: +0 >0 ~4 -0
[14:00:36] [in-live] minimal.scene: 4 изменений в живой сцене
[14:00:36] [out] patch minimal.scene: +0 >0 ~4 -0
[14:00:36] [in-live] minimal.scene: 4 изменений в живой сцене
[14:00:37] [out] patch minimal.scene: +0 >0 ~4 -0
[14:00:37] [out] patch minimal.scene: +0 >0 ~4 -0
[14:00:37] [in-live] minimal.scene: 4 изменений в живой сцене
[14:00:37] [out] patch minimal.scene: +0 >0 ~4 -0
[14:00:37] [delta] тик 6300, tracked: 1, files seen: 1
[14:00:37] [in-live] minimal.scene: 4 изменений в живой сцене
[14:00:37] [out] patch minimal.scene: +0 >0 ~4 -0
[14:00:37] [in-live] minimal.scene: 4 изменений в живой сцене
[14:00:38] [in-live] minimal.scene: 4 изменений в живой сцене
[14:00:38] [out] patch minimal.scene: +0 >0 ~4 -0
[14:00:38] [out] patch minimal.scene: +0 >0 ~4 -0
[14:00:38] [in-live] minimal.scene: 4 изменений в живой сцене
[14:00:38] [in-live] minimal.scene: 4 изменений в живой сцене
[14:00:39] [out] patch minimal.scene: +0 >0 ~4 -0
[14:00:39] [in-live] minimal.scene: 4 изменений в живой сцене
[14:00:39] [out] patch minimal.scene: +0 >0 ~4 -0
[14:00:39] [in-live] minimal.scene: 4 изменений в живой сцене
[14:00:39] [out] patch minimal.scene: +0 >0 ~4 -0
[14:00:39] [in-live] minimal.scene: 4 изменений в живой сцене
[14:00:40] [out] patch minimal.scene: +0 >0 ~4 -0
[14:00:40] [in-live] minimal.scene: 4 изменений в живой сцене
[14:00:40] [out] patch minimal.scene: +0 >0 ~4 -0
[14:00:40] [in-live] minimal.scene: 4 изменений в живой сцене
[14:00:40] [out] patch minimal.scene: +0 >0 ~4 -0
[14:00:40] [in-live] minimal.scene: 4 изменений в живой сцене
[14:00:40] [out] patch minimal.scene: +0 >0 ~4 -0
[14:00:41] [out] patch minimal.scene: +0 >0 ~4 -0
[14:00:41] [in-live] minimal.scene: 4 изменений в живой сцене
[14:00:41] [out] patch minimal.scene: +0 >0 ~4 -0
[14:00:41] [in-live] minimal.scene: 4 изменений в живой сцене
[14:00:41] [in-live] minimal.scene: 4 изменений в живой сцене
[14:00:41] [out] patch minimal.scene: +0 >0 ~4 -0
[14:00:41] [in-live] minimal.scene: 4 изменений в живой сцене
[14:00:42] [out] patch minimal.scene: +0 >0 ~4 -0
[14:00:42] [in-live] minimal.scene: 4 изменений в живой сцене
[14:00:42] [out] patch minimal.scene: +0 >0 ~4 -0
[14:00:42] [delta] тик 6600, tracked: 1, files seen: 1
[14:00:42] [in-live] minimal.scene: 4 изменений в живой сцене
[14:00:42] [out] patch minimal.scene: +0 >0 ~4 -0
[14:00:42] [in-live] minimal.scene: 4 изменений в живой сцене
[14:00:43] [out] patch minimal.scene: +0 >0 ~4 -0
[14:00:43] [in-live] minimal.scene: 4 изменений в живой сцене
[14:00:43] [out] patch minimal.scene: +0 >0 ~4 -0
[14:00:43] [in-live] minimal.scene: 4 изменений в живой сцене
[14:00:43] [out] patch minimal.scene: +0 >0 ~4 -0
[14:00:43] [out] patch minimal.scene: +0 >0 ~4 -0
[14:00:44] [in-live] minimal.scene: 4 изменений в живой сцене
[14:00:44] [out] patch minimal.scene: +0 >0 ~4 -0
[14:00:44] [in-live] minimal.scene: 4 изменений в живой сцене
[14:00:44] [in-live] minimal.scene: 4 изменений в живой сцене
[14:00:45] [out] patch minimal.scene: +0 >0 ~4 -0
[14:00:45] [in-live] minimal.scene: 4 изменений в живой сцене
[14:00:45] [out] patch minimal.scene: +0 >0 ~4 -0
[14:00:45] [in-live] minimal.scene: 4 изменений в живой сцене
[14:00:45] [out] patch minimal.scene: +0 >0 ~4 -0
[14:00:45] [out] patch minimal.scene: +0 >0 ~4 -0
[14:00:45] [in-live] minimal.scene: 4 изменений в живой сцене
[14:00:46] [in-live] minimal.scene: 4 изменений в живой сцене
[14:00:46] [out] patch minimal.scene: +0 >0 ~4 -0
[14:00:46] [out] patch minimal.scene: +0 >0 ~4 -0
[14:00:46] [in-live] minimal.scene: 4 изменений в живой сцене
[14:00:46] [out] patch minimal.scene: +0 >0 ~4 -0
[14:00:46] [in-live] minimal.scene: 4 изменений в живой сцене
[14:00:46] [out] patch minimal.scene: +0 >0 ~4 -0
[14:00:47] [in-live] minimal.scene: 4 изменений в живой сцене
[14:00:47] [delta] тик 6900, tracked: 1, files seen: 1
[14:00:47] [in-live] minimal.scene: 4 изменений в живой сцене
[14:00:47] [out] patch minimal.scene: +0 >0 ~4 -0
[14:00:47] [in-live] minimal.scene: 4 изменений в живой сцене
[14:00:47] [out] patch minimal.scene: +0 >0 ~4 -0
[14:00:48] [in-live] minimal.scene: 4 изменений в живой сцене
[14:00:48] [out] patch minimal.scene: +0 >0 ~4 -0
[14:00:48] [out] patch minimal.scene: +0 >0 ~4 -0
[14:00:48] [in-live] minimal.scene: 4 изменений в живой сцене
[14:00:48] [in-live] minimal.scene: 4 изменений в живой сцене
[14:00:48] [out] patch minimal.scene: +0 >0 ~4 -0
[14:00:49] [in-live] minimal.scene: 4 изменений в живой сцене
[14:00:49] [out] patch minimal.scene: +0 >0 ~4 -0
[14:00:49] [out] patch minimal.scene: +0 >0 ~4 -0
[14:00:49] [in-live] minimal.scene: 4 изменений в живой сцене
[14:00:49] [out] patch minimal.scene: +0 >0 ~4 -0
[14:00:50] [in-live] minimal.scene: 4 изменений в живой сцене
[14:00:50] [in-live] minimal.scene: 4 изменений в живой сцене
[14:00:50] [out] patch minimal.scene: +0 >0 ~4 -0
[14:00:50] [in-live] minimal.scene: 4 изменений в живой сцене
[14:00:50] [out] patch minimal.scene: +0 >0 ~4 -0
[14:00:50] [out] patch minimal.scene: +0 >0 ~4 -0
[14:00:51] [in-live] minimal.scene: 4 изменений в живой сцене
[14:00:51] [in-live] minimal.scene: 4 изменений в живой сцене
[14:00:51] [out] patch minimal.scene: +0 >0 ~4 -0
[14:00:51] [in-live] minimal.scene: 4 изменений в живой сцене
[14:00:51] [out] patch minimal.scene: +0 >0 ~4 -0
[14:00:51] [delta] тик 7200, tracked: 1, files seen: 1
[14:00:52] [in-live] minimal.scene: 4 изменений в живой сцене
[14:00:52] [out] patch minimal.scene: +0 >0 ~4 -0
[14:00:52] [out] patch minimal.scene: +0 >0 ~4 -0
[14:00:52] [in-live] minimal.scene: 4 изменений в живой сцене
[14:00:52] [out] patch minimal.scene: +0 >0 ~4 -0
[14:00:52] [in-live] minimal.scene: 4 изменений в живой сцене
[14:00:53] [in-live] minimal.scene: 4 изменений в живой сцене
[14:00:53] [out] patch minimal.scene: +0 >0 ~4 -0
[14:00:53] [in-live] minimal.scene: 4 изменений в живой сцене
[14:00:53] [out] patch minimal.scene: +0 >0 ~4 -0
[14:00:53] [in-live] minimal.scene: 4 изменений в живой сцене
[14:00:53] [out] patch minimal.scene: +0 >0 ~4 -0
[14:00:54] [in-live] minimal.scene: 4 изменений в живой сцене
[14:00:54] [out] patch minimal.scene: +0 >0 ~4 -0
[14:00:54] [in-live] minimal.scene: 4 изменений в живой сцене
[14:00:54] [out] patch minimal.scene: +0 >0 ~4 -0
[14:00:54] [out] patch minimal.scene: +0 >0 ~4 -0
[14:00:54] [in-live] minimal.scene: 4 изменений в живой сцене
[14:00:55] [out] patch minimal.scene: +0 >0 ~4 -0
[14:00:55] [in-live] minimal.scene: 4 изменений в живой сцене
[14:00:55] [out] patch minimal.scene: +0 >0 ~4 -0
[14:00:55] [in-live] minimal.scene: 4 изменений в живой сцене
[14:00:56] [in-live] minimal.scene: 4 изменений в живой сцене
[14:00:56] [out] patch minimal.scene: +0 >0 ~4 -0
[14:00:56] [in-live] minimal.scene: 4 изменений в живой сцене
[14:00:56] [delta] тик 7500, tracked: 1, files seen: 1
[14:00:56] [out] patch minimal.scene: +0 >0 ~4 -0
[14:00:56] [in-live] minimal.scene: 4 изменений в живой сцене
[14:00:57] [out] patch minimal.scene: +0 >0 ~4 -0
[14:00:57] [out] patch minimal.scene: +0 >0 ~4 -0
[14:00:57] [in-live] minimal.scene: 4 изменений в живой сцене
[14:00:57] [in-live] minimal.scene: 4 изменений в живой сцене
[14:00:57] [out] patch minimal.scene: +0 >0 ~4 -0
[14:00:58] [in-live] minimal.scene: 4 изменений в живой сцене
[14:00:58] [out] patch minimal.scene: +0 >0 ~4 -0
[14:00:58] [in-live] minimal.scene: 4 изменений в живой сцене
[14:00:58] [out] patch minimal.scene: +0 >0 ~4 -0
[14:00:58] [out] patch minimal.scene: +0 >0 ~4 -0
[14:00:58] [in-live] minimal.scene: 4 изменений в живой сцене
[14:00:58] [in-live] minimal.scene: 4 изменений в живой сцене
[14:00:59] [out] patch minimal.scene: +0 >0 ~4 -0
[14:00:59] [in-live] minimal.scene: 4 изменений в живой сцене
[14:00:59] [out] patch minimal.scene: +0 >0 ~4 -0
[14:00:59] [in-live] minimal.scene: 4 изменений в живой сцене
[14:01:00] [out] patch minimal.scene: +0 >0 ~4 -0
[14:01:00] [out] patch minimal.scene: +0 >0 ~4 -0
[14:01:00] [in-live] minimal.scene: 4 изменений в живой сцене
[14:01:00] [in-live] minimal.scene: 4 изменений в живой сцене
[14:01:00] [out] patch minimal.scene: +0 >0 ~4 -0
[14:01:01] [in-live] minimal.scene: 4 изменений в живой сцене
[14:01:01] [out] patch minimal.scene: +0 >0 ~4 -0
[14:01:01] [in-live] minimal.scene: 4 изменений в живой сцене
[14:01:01] [delta] тик 7800, tracked: 1, files seen: 1
[14:01:01] [out] patch minimal.scene: +0 >0 ~4 -0
[14:01:01] [in-live] minimal.scene: 4 изменений в живой сцене
[14:01:02] [out] patch minimal.scene: +0 >0 ~4 -0
[14:01:02] [in-live] minimal.scene: 4 изменений в живой сцене
[14:01:02] [out] patch minimal.scene: +0 >0 ~4 -0
[14:01:02] [in-live] minimal.scene: 4 изменений в живой сцене
[14:01:02] [out] patch minimal.scene: +0 >0 ~4 -0
[14:01:02] [in-live] minimal.scene: 4 изменений в живой сцене
[14:01:03] [out] patch minimal.scene: +0 >0 ~4 -0
[14:01:03] [in-live] minimal.scene: 4 изменений в живой сцене
[14:01:03] [out] patch minimal.scene: +0 >0 ~4 -0
[14:01:03] [in-live] minimal.scene: 4 изменений в живой сцене
[14:01:03] [out] patch minimal.scene: +0 >0 ~4 -0
[14:01:03] [out] patch minimal.scene: +0 >0 ~4 -0
[14:01:04] [in-live] minimal.scene: 4 изменений в живой сцене
[14:01:04] [out] patch minimal.scene: +0 >0 ~4 -0
[14:01:04] [in-live] minimal.scene: 4 изменений в живой сцене
[14:01:04] [out] patch minimal.scene: +0 >0 ~4 -0
[14:01:04] [in-live] minimal.scene: 4 изменений в живой сцене
[14:01:04] [in-live] minimal.scene: 4 изменений в живой сцене
[14:01:05] [out] patch minimal.scene: +0 >0 ~4 -0
[14:01:05] [out] patch minimal.scene: +0 >0 ~4 -0
[14:01:05] [in-live] minimal.scene: 4 изменений в живой сцене
[14:01:05] [out] patch minimal.scene: +0 >0 ~4 -0
[14:01:06] [in-live] minimal.scene: 4 изменений в живой сцене
[14:01:06] [in-live] minimal.scene: 4 изменений в живой сцене
[14:01:06] [out] patch minimal.scene: +0 >0 ~4 -0
[14:01:06] [delta] тик 8100, tracked: 1, files seen: 1
[14:01:06] [in-live] minimal.scene: 4 изменений в живой сцене
[14:01:07] [out] patch minimal.scene: +0 >0 ~4 -0
[14:01:07] [in-live] minimal.scene: 4 изменений в живой сцене
[14:01:07] [out] patch minimal.scene: +0 >0 ~4 -0
[14:01:07] [in-live] minimal.scene: 4 изменений в живой сцене
[14:01:07] [out] patch minimal.scene: +0 >0 ~4 -0
[14:01:07] [in-live] minimal.scene: 4 изменений в живой сцене
[14:01:07] [out] patch minimal.scene: +0 >0 ~4 -0
[14:01:08] [in-live] minimal.scene: 4 изменений в живой сцене
[14:01:08] [out] patch minimal.scene: +0 >0 ~4 -0
[14:01:08] [in-live] minimal.scene: 4 изменений в живой сцене
[14:01:08] [out] patch minimal.scene: +0 >0 ~4 -0
[14:01:08] [in-live] minimal.scene: 4 изменений в живой сцене
[14:01:09] [out] patch minimal.scene: +0 >0 ~4 -0
[14:01:09] [in-live] minimal.scene: 4 изменений в живой сцене
[14:01:09] [out] patch minimal.scene: +0 >0 ~4 -0
[14:01:09] [in-live] minimal.scene: 4 изменений в живой сцене
[14:01:09] [out] patch minimal.scene: +0 >0 ~4 -0
[14:01:10] [in-live] minimal.scene: 4 изменений в живой сцене
[14:01:10] [out] patch minimal.scene: +0 >0 ~4 -0
[14:01:10] [in-live] minimal.scene: 4 изменений в живой сцене
[14:01:10] [out] patch minimal.scene: +0 >0 ~4 -0
[14:01:11] [in-live] minimal.scene: 4 изменений в живой сцене
[14:01:11] [out] patch minimal.scene: +0 >0 ~4 -0
[14:01:11] [delta] тик 8400, tracked: 1, files seen: 1
[14:01:11] [in-live] minimal.scene: 4 изменений в живой сцене
[14:01:11] [out] patch minimal.scene: +0 >0 ~4 -0
[14:01:11] [in-live] minimal.scene: 4 изменений в живой сцене
[14:01:11] [out] patch minimal.scene: +0 >0 ~4 -0
[14:01:12] [in-live] minimal.scene: 4 изменений в живой сцене
[14:01:12] [out] patch minimal.scene: +0 >0 ~4 -0
[14:01:12] [in-live] minimal.scene: 4 изменений в живой сцене
[14:01:12] [out] patch minimal.scene: +0 >0 ~4 -0
[14:01:12] [out] patch minimal.scene: +0 >0 ~4 -0
[14:01:12] [in-live] minimal.scene: 4 изменений в живой сцене
[14:01:13] [out] patch minimal.scene: +0 >0 ~4 -0
[14:01:13] [in-live] minimal.scene: 4 изменений в живой сцене
[14:01:13] [out] patch minimal.scene: +0 >0 ~4 -0
[14:01:13] [in-live] minimal.scene: 4 изменений в живой сцене
[14:01:13] [out] patch minimal.scene: +0 >0 ~4 -0
[14:01:13] [in-live] minimal.scene: 4 изменений в живой сцене
[14:01:14] [in-live] minimal.scene: 4 изменений в живой сцене
[14:01:14] [out] patch minimal.scene: +0 >0 ~4 -0
[14:01:14] [out] patch minimal.scene: +0 >0 ~4 -0
[14:01:14] [in-live] minimal.scene: 4 изменений в живой сцене
[14:01:14] [out] patch minimal.scene: +0 >0 ~4 -0
[14:01:15] [in-live] minimal.scene: 4 изменений в живой сцене
[14:01:15] [out] patch minimal.scene: +0 >0 ~4 -0
[14:01:15] [in-live] minimal.scene: 4 изменений в живой сцене
[14:01:15] [delta] тик 8700, tracked: 1, files seen: 1
[14:01:15] [in-live] minimal.scene: 4 изменений в живой сцене
[14:01:15] [out] patch minimal.scene: +0 >0 ~4 -0
[14:01:16] [in-live] minimal.scene: 4 изменений в живой сцене
[14:01:16] [out] patch minimal.scene: +0 >0 ~4 -0
[14:01:16] [out] patch minimal.scene: +0 >0 ~4 -0
[14:01:17] [in-live] minimal.scene: 4 изменений в живой сцене
[14:01:17] [out] patch minimal.scene: +0 >0 ~4 -0
[14:01:17] [in-live] minimal.scene: 4 изменений в живой сцене
[14:01:17] [in-live] minimal.scene: 4 изменений в живой сцене
[14:01:17] [out] patch minimal.scene: +0 >0 ~4 -0
[14:01:18] [in-live] minimal.scene: 4 изменений в живой сцене
[14:01:18] [out] patch minimal.scene: +0 >0 ~4 -0
[14:01:18] [out] patch minimal.scene: +0 >0 ~4 -0
[14:01:18] [in-live] minimal.scene: 4 изменений в живой сцене
[14:01:18] [in-live] minimal.scene: 4 изменений в живой сцене
[14:01:19] [out] patch minimal.scene: +0 >0 ~4 -0
[14:01:19] [in-live] minimal.scene: 4 изменений в живой сцене
[14:01:19] [out] patch minimal.scene: +0 >0 ~4 -0
[14:01:20] [in-live] minimal.scene: 4 изменений в живой сцене
[14:01:20] [out] patch minimal.scene: +0 >0 ~4 -0
[14:01:20] [in-live] minimal.scene: 4 изменений в живой сцене
[14:01:20] [out] patch minimal.scene: +0 >0 ~4 -0
[14:01:20] [delta] тик 9000, tracked: 1, files seen: 1
[14:01:20] [in-live] minimal.scene: 4 изменений в живой сцене
[14:01:20] [out] patch minimal.scene: +0 >0 ~4 -0
[14:01:21] [in-live] minimal.scene: 4 изменений в живой сцене
[14:01:21] [out] patch minimal.scene: +0 >0 ~4 -0
[14:01:21] [out] patch minimal.scene: +0 >0 ~4 -0
[14:01:21] [in-live] minimal.scene: 4 изменений в живой сцене
[14:01:21] [out] patch minimal.scene: +0 >0 ~4 -0
[14:01:21] [in-live] minimal.scene: 4 изменений в живой сцене
[14:01:22] [out] patch minimal.scene: +0 >0 ~4 -0
[14:01:22] [in-live] minimal.scene: 4 изменений в живой сцене
[14:01:22] [in-live] minimal.scene: 4 изменений в живой сцене
[14:01:22] [out] patch minimal.scene: +0 >0 ~4 -0
[14:01:22] [out] patch minimal.scene: +0 >0 ~4 -0
[14:01:22] [in-live] minimal.scene: 4 изменений в живой сцене
[14:01:23] [out] patch minimal.scene: +0 >0 ~4 -0
[14:01:23] [in-live] minimal.scene: 4 изменений в живой сцене
[14:01:23] [out] patch minimal.scene: +0 >0 ~4 -0
[14:01:23] [in-live] minimal.scene: 4 изменений в живой сцене
[14:01:24] [in-live] minimal.scene: 4 изменений в живой сцене
[14:01:24] [out] patch minimal.scene: +0 >0 ~4 -0
[14:01:24] [out] patch minimal.scene: +0 >0 ~4 -0
[14:01:24] [in-live] minimal.scene: 4 изменений в живой сцене
[14:01:24] [out] patch minimal.scene: +0 >0 ~4 -0
[14:01:25] [in-live] minimal.scene: 4 изменений в живой сцене
[14:01:25] [in-live] minimal.scene: 4 изменений в живой сцене
[14:01:25] [out] patch minimal.scene: +0 >0 ~4 -0
[14:01:25] [delta] тик 9300, tracked: 1, files seen: 1
[14:01:25] [in-live] minimal.scene: 4 изменений в живой сцене
[14:01:26] [out] patch minimal.scene: +0 >0 ~4 -0
[14:01:26] [in-live] minimal.scene: 4 изменений в живой сцене
[14:01:26] [out] patch minimal.scene: +0 >0 ~4 -0
[14:01:26] [in-live] minimal.scene: 4 изменений в живой сцене
[14:01:26] [out] patch minimal.scene: +0 >0 ~4 -0
[14:01:26] [out] patch minimal.scene: +0 >0 ~4 -0
[14:01:27] [in-live] minimal.scene: 4 изменений в живой сцене
[14:01:27] [in-live] minimal.scene: 4 изменений в живой сцене
[14:01:27] [out] patch minimal.scene: +0 >0 ~4 -0
[14:01:27] [out] patch minimal.scene: +0 >0 ~4 -0
[14:01:27] [in-live] minimal.scene: 4 изменений в живой сцене
[14:01:28] [out] patch minimal.scene: +0 >0 ~4 -0
[14:01:28] [in-live] minimal.scene: 4 изменений в живой сцене
[14:01:28] [out] patch minimal.scene: +0 >0 ~4 -0
[14:01:28] [in-live] minimal.scene: 4 изменений в живой сцене
[14:01:28] [in-live] minimal.scene: 4 изменений в живой сцене
[14:01:29] [out] patch minimal.scene: +0 >0 ~4 -0
[14:01:29] [out] patch minimal.scene: +0 >0 ~4 -0
[14:01:29] [in-live] minimal.scene: 4 изменений в живой сцене
[14:01:30] [in-live] minimal.scene: 4 изменений в живой сцене
[14:01:30] [out] patch minimal.scene: +0 >0 ~4 -0
[14:01:30] [delta] тик 9600, tracked: 1, files seen: 1
[14:01:30] [out] patch minimal.scene: +0 >0 ~4 -0
[14:01:30] [in-live] minimal.scene: 4 изменений в живой сцене
[14:01:30] [out] patch minimal.scene: +0 >0 ~4 -0
[14:01:31] [in-live] minimal.scene: 4 изменений в живой сцене
[14:01:31] [in-live] minimal.scene: 4 изменений в живой сцене
[14:01:31] [out] patch minimal.scene: +0 >0 ~4 -0
[14:01:31] [out] patch minimal.scene: +0 >0 ~4 -0
[14:01:31] [in-live] minimal.scene: 4 изменений в живой сцене
[14:01:32] [in-live] minimal.scene: 4 изменений в живой сцене
[14:01:32] [out] patch minimal.scene: +0 >0 ~4 -0
[14:01:32] [out] patch minimal.scene: +0 >0 ~4 -0
[14:01:32] [in-live] minimal.scene: 4 изменений в живой сцене
[14:01:32] [out] patch minimal.scene: +0 >0 ~4 -0
[14:01:32] [in-live] minimal.scene: 4 изменений в живой сцене
[14:01:33] [out] patch minimal.scene: +0 >0 ~4 -0
[14:01:33] [in-live] minimal.scene: 4 изменений в живой сцене
[14:01:33] [in-live] minimal.scene: 4 изменений в живой сцене
[14:01:33] [out] patch minimal.scene: +0 >0 ~4 -0
[14:01:33] [out] patch minimal.scene: +0 >0 ~4 -0
[14:01:34] [in-live] minimal.scene: 4 изменений в живой сцене
[14:01:34] [out] patch minimal.scene: +0 >0 ~4 -0
[14:01:34] [in-live] minimal.scene: 4 изменений в живой сцене
[14:01:34] [delta] тик 9900, tracked: 1, files seen: 1
[14:01:34] [in-live] minimal.scene: 4 изменений в живой сцене
[14:01:34] [out] patch minimal.scene: +0 >0 ~4 -0
[14:01:34] [out] patch minimal.scene: +0 >0 ~4 -0
[14:01:35] [in-live] minimal.scene: 4 изменений в живой сцене
[14:01:35] [in-live] minimal.scene: 4 изменений в живой сцене
[14:01:36] [out] patch minimal.scene: +0 >0 ~4 -0
[14:01:36] [out] patch minimal.scene: +0 >0 ~4 -0
[14:01:36] [in-live] minimal.scene: 4 изменений в живой сцене
[14:01:36] [in-live] minimal.scene: 4 изменений в живой сцене
[14:01:36] [out] patch minimal.scene: +0 >0 ~4 -0
[14:01:36] [in-live] minimal.scene: 4 изменений в живой сцене
[14:01:37] [out] patch minimal.scene: +0 >0 ~4 -0
[14:01:37] [out] patch minimal.scene: +0 >0 ~4 -0
[14:01:37] [in-live] minimal.scene: 4 изменений в живой сцене
[14:01:37] [in-live] minimal.scene: 4 изменений в живой сцене
[14:01:38] [out] patch minimal.scene: +0 >0 ~4 -0
[14:01:38] [out] patch minimal.scene: +0 >0 ~4 -0
[14:01:38] [in-live] minimal.scene: 4 изменений в живой сцене
[14:01:38] [in-live] minimal.scene: 4 изменений в живой сцене
[14:01:38] [out] patch minimal.scene: +0 >0 ~4 -0
[14:01:38] [out] patch minimal.scene: +0 >0 ~4 -0
[14:01:38] [delta] тик 10200, tracked: 1, files seen: 1
[14:01:38] [out] patch minimal.scene: +0 >0 ~4 -0
[14:01:39] [in-live] minimal.scene: 4 изменений в живой сцене
[14:01:39] [out] patch minimal.scene: +0 >0 ~4 -0
[14:01:39] [in-live] minimal.scene: 4 изменений в живой сцене
[14:01:39] [in-live] minimal.scene: 4 изменений в живой сцене
[14:01:40] [out] patch minimal.scene: +0 >0 ~4 -0
[14:01:40] [in-live] minimal.scene: 4 изменений в живой сцене
[14:01:40] [in-live] minimal.scene: 4 изменений в живой сцене
[14:01:41] [out] patch minimal.scene: +0 >0 ~4 -0
[14:01:41] [out] patch minimal.scene: +0 >0 ~4 -0
[14:01:41] [in-live] minimal.scene: 4 изменений в живой сцене
[14:01:41] [out] patch minimal.scene: +0 >0 ~4 -0
[14:01:41] [in-live] minimal.scene: 4 изменений в живой сцене
[14:01:42] [in-live] minimal.scene: 4 изменений в живой сцене
[14:01:42] [out] patch minimal.scene: +0 >0 ~4 -0
[14:01:42] [in-live] minimal.scene: 4 изменений в живой сцене
[14:01:42] [out] patch minimal.scene: +0 >0 ~4 -0
[14:01:43] [in-live] minimal.scene: 4 изменений в живой сцене
[14:01:43] [out] patch minimal.scene: +0 >0 ~4 -0
[14:01:43] [out] patch minimal.scene: +0 >0 ~4 -0
[14:01:43] [in-live] minimal.scene: 4 изменений в живой сцене
[14:01:43] [in-live] minimal.scene: 4 изменений в живой сцене
[14:01:43] [out] patch minimal.scene: +0 >0 ~4 -0
[14:01:44] [delta] тик 10500, tracked: 1, files seen: 1
[14:01:44] [out] patch minimal.scene: +0 >0 ~4 -0
[14:01:44] [in-live] minimal.scene: 4 изменений в живой сцене
[14:01:44] [out] patch minimal.scene: +0 >0 ~4 -0
[14:01:44] [in-live] minimal.scene: 4 изменений в живой сцене
[14:01:44] [in-live] minimal.scene: 4 изменений в живой сцене
[14:01:45] [out] patch minimal.scene: +0 >0 ~4 -0
[14:01:45] [out] patch minimal.scene: +0 >0 ~4 -0
[14:01:45] [in-live] minimal.scene: 4 изменений в живой сцене
[14:01:46] [in-live] minimal.scene: 4 изменений в живой сцене
[14:01:46] [out] patch minimal.scene: +0 >0 ~4 -0
[14:01:46] [out] patch minimal.scene: +0 >0 ~4 -0
[14:01:46] [in-live] minimal.scene: 4 изменений в живой сцене
[14:01:46] [out] patch minimal.scene: +0 >0 ~4 -0
[14:01:47] [in-live] minimal.scene: 4 изменений в живой сцене
[14:01:47] [in-live] minimal.scene: 4 изменений в живой сцене
[14:01:47] [out] patch minimal.scene: +0 >0 ~4 -0
[14:01:47] [out] patch minimal.scene: +0 >0 ~4 -0
[14:01:47] [in-live] minimal.scene: 4 изменений в живой сцене
[14:01:48] [out] patch minimal.scene: +0 >0 ~4 -0
[14:01:48] [in-live] minimal.scene: 4 изменений в живой сцене
[14:01:48] [out] patch minimal.scene: +0 >0 ~4 -0
[14:01:48] [in-live] minimal.scene: 4 изменений в живой сцене
[14:01:48] [delta] тик 10800, tracked: 1, files seen: 1
[14:01:49] [in-live] minimal.scene: 4 изменений в живой сцене
[14:01:49] [out] patch minimal.scene: +0 >0 ~4 -0
[14:01:49] [out] patch minimal.scene: +0 >0 ~4 -0
[14:01:49] [in-live] minimal.scene: 4 изменений в живой сцене
[14:01:49] [out] patch minimal.scene: +0 >0 ~4 -0
[14:01:50] [in-live] minimal.scene: 4 изменений в живой сцене
[14:01:50] [out] patch minimal.scene: +0 >0 ~4 -0
[14:01:50] [in-live] minimal.scene: 4 изменений в живой сцене
[14:01:50] [in-live] minimal.scene: 4 изменений в живой сцене
[14:01:51] [out] patch minimal.scene: +0 >0 ~4 -0
[14:01:51] [out] patch minimal.scene: +0 >0 ~4 -0
[14:01:51] [in-live] minimal.scene: 4 изменений в живой сцене
[14:01:51] [out] patch minimal.scene: +0 >0 ~4 -0
[14:01:51] [in-live] minimal.scene: 4 изменений в живой сцене
[14:01:52] [out] patch minimal.scene: +0 >0 ~4 -0
[14:01:52] [in-live] minimal.scene: 4 изменений в живой сцене
[14:01:52] [in-live] minimal.scene: 4 изменений в живой сцене
[14:01:53] [out] patch minimal.scene: +0 >0 ~4 -0
[14:01:53] [in-live] minimal.scene: 4 изменений в живой сцене
[14:01:53] [out] patch minimal.scene: +0 >0 ~4 -0
[14:01:53] [delta] тик 11100, tracked: 1, files seen: 1
[14:01:53] [in-live] minimal.scene: 4 изменений в живой сцене
[14:01:54] [out] patch minimal.scene: +0 >0 ~4 -0
[14:01:54] [out] patch minimal.scene: +0 >0 ~4 -0
[14:01:54] [in-live] minimal.scene: 4 изменений в живой сцене
[14:01:54] [in-live] minimal.scene: 4 изменений в живой сцене
[14:01:55] [out] patch minimal.scene: +0 >0 ~4 -0
[14:01:55] [in-live] minimal.scene: 4 изменений в живой сцене
[14:01:55] [out] patch minimal.scene: +0 >0 ~4 -0
[14:01:55] [out] patch minimal.scene: +0 >0 ~4 -0
[14:01:55] [in-live] minimal.scene: 4 изменений в живой сцене
[14:01:55] [out] patch minimal.scene: +0 >0 ~4 -0
[14:01:55] [in-live] minimal.scene: 4 изменений в живой сцене
[14:01:56] [out] patch minimal.scene: +0 >0 ~4 -0
[14:01:56] [in-live] minimal.scene: 4 изменений в живой сцене
[14:01:56] [out] patch minimal.scene: +0 >0 ~4 -0
[14:01:56] [in-live] minimal.scene: 4 изменений в живой сцене
[14:01:56] [out] patch minimal.scene: +0 >0 ~4 -0
[14:01:57] [in-live] minimal.scene: 4 изменений в живой сцене
[14:01:57] [out] patch minimal.scene: +0 >0 ~4 -0
[14:01:57] [in-live] minimal.scene: 4 изменений в живой сцене
[14:01:58] [out] patch minimal.scene: +0 >0 ~4 -0
[14:01:58] [in-live] minimal.scene: 4 изменений в живой сцене
[14:01:58] [out] patch minimal.scene: +0 >0 ~4 -0
[14:01:58] [delta] тик 11400, tracked: 1, files seen: 1
[14:01:58] [in-live] minimal.scene: 4 изменений в живой сцене
[14:01:59] [out] patch minimal.scene: +0 >0 ~4 -0
[14:01:59] [in-live] minimal.scene: 4 изменений в живой сцене
[14:01:59] [out] patch minimal.scene: +0 >0 ~4 -0
[14:01:59] [in-live] minimal.scene: 4 изменений в живой сцене
[14:02:00] [in-live] minimal.scene: 4 изменений в живой сцене
[14:02:00] [out] patch minimal.scene: +0 >0 ~4 -0
[14:02:00] [in-live] minimal.scene: 4 изменений в живой сцене
[14:02:00] [out] patch minimal.scene: +0 >0 ~4 -0
[14:02:00] [out] patch minimal.scene: +0 >0 ~4 -0
[14:02:00] [in-live] minimal.scene: 4 изменений в живой сцене
[14:02:01] [out] patch minimal.scene: +0 >0 ~4 -0
[14:02:01] [in-live] minimal.scene: 4 изменений в живой сцене
[14:02:01] [in-live] minimal.scene: 4 изменений в живой сцене
[14:02:01] [out] patch minimal.scene: +0 >0 ~4 -0
[14:02:02] [out] patch minimal.scene: +0 >0 ~4 -0
[14:02:02] [in-live] minimal.scene: 4 изменений в живой сцене
[14:02:02] [out] patch minimal.scene: +0 >0 ~4 -0
[14:02:02] [in-live] minimal.scene: 4 изменений в живой сцене
[14:02:02] [out] patch minimal.scene: +0 >0 ~4 -0
[14:02:03] [in-live] minimal.scene: 4 изменений в живой сцене
[14:02:03] [delta] тик 11700, tracked: 1, files seen: 1
[14:02:03] [in-live] minimal.scene: 4 изменений в живой сцене
[14:02:04] [out] patch minimal.scene: +0 >0 ~4 -0
[14:02:04] [out] patch minimal.scene: +0 >0 ~4 -0
[14:02:04] [in-live] minimal.scene: 4 изменений в живой сцене
[14:02:04] [in-live] minimal.scene: 4 изменений в живой сцене
[14:02:05] [out] patch minimal.scene: +0 >0 ~4 -0
[14:02:05] [in-live] minimal.scene: 4 изменений в живой сцене
[14:02:05] [out] patch minimal.scene: +0 >0 ~4 -0
[14:02:05] [out] patch minimal.scene: +0 >0 ~4 -0
[14:02:05] [in-live] minimal.scene: 4 изменений в живой сцене
[14:02:06] [out] patch minimal.scene: +0 >0 ~4 -0
[14:02:06] [in-live] minimal.scene: 4 изменений в живой сцене
[14:02:06] [out] patch minimal.scene: +0 >0 ~4 -0
[14:02:06] [in-live] minimal.scene: 4 изменений в живой сцене
[14:02:07] [in-live] minimal.scene: 4 изменений в живой сцене
[14:02:07] [out] patch minimal.scene: +0 >0 ~4 -0
[14:02:07] [out] patch minimal.scene: +0 >0 ~4 -0
[14:02:07] [in-live] minimal.scene: 4 изменений в живой сцене
[14:02:07] [out] patch minimal.scene: +0 >0 ~4 -0
[14:02:07] [delta] тик 12000, tracked: 1, files seen: 1
[14:02:08] [in-live] minimal.scene: 4 изменений в живой сцене
[14:02:08] [out] patch minimal.scene: +0 >0 ~4 -0
[14:02:08] [in-live] minimal.scene: 4 изменений в живой сцене
[14:02:08] [out] patch minimal.scene: +0 >0 ~4 -0
[14:02:09] [in-live] minimal.scene: 4 изменений в живой сцене
[14:02:09] [out] patch minimal.scene: +0 >0 ~4 -0
[14:02:09] [in-live] minimal.scene: 4 изменений в живой сцене
[14:02:10] [out] patch minimal.scene: +0 >0 ~4 -0
[14:02:10] [in-live] minimal.scene: 4 изменений в живой сцене
[14:02:10] [in-live] minimal.scene: 4 изменений в живой сцене
[14:02:10] [out] patch minimal.scene: +0 >0 ~4 -0
[14:02:11] [in-live] minimal.scene: 4 изменений в живой сцене
[14:02:11] [out] patch minimal.scene: +0 >0 ~4 -0
[14:02:11] [out] patch minimal.scene: +0 >0 ~4 -0
[14:02:11] [in-live] minimal.scene: 4 изменений в живой сцене
[14:02:11] [in-live] minimal.scene: 4 изменений в живой сцене
[14:02:11] [out] patch minimal.scene: +0 >0 ~4 -0
[14:02:12] [in-live] minimal.scene: 4 изменений в живой сцене
[14:02:12] [out] patch minimal.scene: +0 >0 ~4 -0
[14:02:12] [delta] тик 12300, tracked: 1, files seen: 1
[14:02:12] [out] patch minimal.scene: +0 >0 ~4 -0
[14:02:13] [in-live] minimal.scene: 4 изменений в живой сцене
[14:02:13] [out] patch minimal.scene: +0 >0 ~4 -0
[14:02:13] [in-live] minimal.scene: 4 изменений в живой сцене
[14:02:13] [in-live] minimal.scene: 4 изменений в живой сцене
[14:02:13] [out] patch minimal.scene: +0 >0 ~4 -0
[14:02:13] [out] patch minimal.scene: +0 >0 ~4 -0
[14:02:14] [in-live] minimal.scene: 4 изменений в живой сцене
[14:02:14] [out] patch minimal.scene: +0 >0 ~4 -0
[14:02:14] [in-live] minimal.scene: 4 изменений в живой сцене
[14:02:14] [out] patch minimal.scene: +0 >0 ~4 -0
[14:02:14] [in-live] minimal.scene: 4 изменений в живой сцене
[14:02:15] [out] patch minimal.scene: +0 >0 ~4 -0
[14:02:15] [in-live] minimal.scene: 4 изменений в живой сцене
[14:02:15] [out] patch minimal.scene: +0 >0 ~4 -0
[14:02:15] [in-live] minimal.scene: 4 изменений в живой сцене
[14:02:15] [out] patch minimal.scene: +0 >0 ~4 -0
[14:02:16] [in-live] minimal.scene: 4 изменений в живой сцене
[14:02:16] [out] patch minimal.scene: +0 >0 ~4 -0
[14:02:16] [in-live] minimal.scene: 4 изменений в живой сцене
[14:02:16] [out] patch minimal.scene: +0 >0 ~4 -0
[14:02:16] [in-live] minimal.scene: 4 изменений в живой сцене
[14:02:17] [delta] тик 12600, tracked: 1, files seen: 1
[14:02:17] [out] patch minimal.scene: +0 >0 ~4 -0
[14:02:17] [in-live] minimal.scene: 4 изменений в живой сцене
[14:02:17] [out] patch minimal.scene: +0 >0 ~4 -0
[14:02:17] [in-live] minimal.scene: 4 изменений в живой сцене
[14:02:18] [out] patch minimal.scene: +0 >0 ~4 -0
[14:02:18] [in-live] minimal.scene: 4 изменений в живой сцене
[14:02:18] [out] patch minimal.scene: +0 >0 ~4 -0
[14:02:18] [in-live] minimal.scene: 4 изменений в живой сцене
[14:02:19] [in-live] minimal.scene: 4 изменений в живой сцене
[14:02:19] [out] patch minimal.scene: +0 >0 ~4 -0
[14:02:19] [in-live] minimal.scene: 4 изменений в живой сцене
[14:02:20] [out] patch minimal.scene: +0 >0 ~4 -0
[14:02:20] [out] patch minimal.scene: +0 >0 ~4 -0
[14:02:20] [in-live] minimal.scene: 4 изменений в живой сцене
[14:02:20] [in-live] minimal.scene: 4 изменений в живой сцене
[14:02:21] [out] patch minimal.scene: +0 >0 ~4 -0
[14:02:21] [in-live] minimal.scene: 4 изменений в живой сцене
[14:02:21] [out] patch minimal.scene: +0 >0 ~4 -0
[14:02:21] [out] patch minimal.scene: +0 >0 ~4 -0
[14:02:21] [in-live] minimal.scene: 4 изменений в живой сцене
[14:02:22] [delta] тик 12900, tracked: 1, files seen: 1
[14:02:22] [in-live] minimal.scene: 4 изменений в живой сцене
[14:02:22] [out] patch minimal.scene: +0 >0 ~4 -0
[14:02:22] [out] patch minimal.scene: +0 >0 ~4 -0
[14:02:22] [in-live] minimal.scene: 4 изменений в живой сцене
[14:02:22] [out] patch minimal.scene: +0 >0 ~4 -0
[14:02:23] [in-live] minimal.scene: 4 изменений в живой сцене
[14:02:23] [out] patch minimal.scene: +0 >0 ~4 -0
[14:02:23] [in-live] minimal.scene: 4 изменений в живой сцене
[14:02:23] [out] patch minimal.scene: +0 >0 ~4 -0
[14:02:23] [in-live] minimal.scene: 4 изменений в живой сцене
[14:02:24] [in-live] minimal.scene: 4 изменений в живой сцене
[14:02:24] [out] patch minimal.scene: +0 >0 ~4 -0
[14:02:24] [out] patch minimal.scene: +0 >0 ~4 -0
[14:02:24] [in-live] minimal.scene: 4 изменений в живой сцене
[14:02:25] [out] patch minimal.scene: +0 >0 ~4 -0
[14:02:25] [in-live] minimal.scene: 4 изменений в живой сцене
[14:02:25] [out] patch minimal.scene: +0 >0 ~4 -0
[14:02:25] [in-live] minimal.scene: 4 изменений в живой сцене
[14:02:25] [in-live] minimal.scene: 4 изменений в живой сцене
[14:02:26] [out] patch minimal.scene: +0 >0 ~4 -0
[14:02:26] [in-live] minimal.scene: 4 изменений в живой сцене
[14:02:27] [out] patch minimal.scene: +0 >0 ~4 -0
[14:02:27] [delta] тик 13200, tracked: 1, files seen: 1
[14:02:27] [out] patch minimal.scene: +0 >0 ~4 -0
[14:02:27] [in-live] minimal.scene: 4 изменений в живой сцене
[14:02:27] [out] patch minimal.scene: +0 >0 ~4 -0
[14:02:27] [in-live] minimal.scene: 4 изменений в живой сцене
[14:02:28] [in-live] minimal.scene: 4 изменений в живой сцене
[14:02:28] [out] patch minimal.scene: +0 >0 ~4 -0
[14:02:28] [in-live] minimal.scene: 4 изменений в живой сцене
[14:02:28] [out] patch minimal.scene: +0 >0 ~4 -0
[14:02:28] [out] patch minimal.scene: +0 >0 ~4 -0
[14:02:29] [in-live] minimal.scene: 4 изменений в живой сцене
[14:02:29] [out] patch minimal.scene: +0 >0 ~4 -0
[14:02:29] [in-live] minimal.scene: 4 изменений в живой сцене
[14:02:30] [out] patch minimal.scene: +0 >0 ~4 -0
[14:02:30] [in-live] minimal.scene: 4 изменений в живой сцене
[14:02:30] [out] patch minimal.scene: +0 >0 ~4 -0
[14:02:30] [in-live] minimal.scene: 4 изменений в живой сцене
[14:02:30] [out] patch minimal.scene: +0 >0 ~4 -0
[14:02:31] [in-live] minimal.scene: 4 изменений в живой сцене
[14:02:31] [delta] тик 13500, tracked: 1, files seen: 1
[14:02:31] [in-live] minimal.scene: 4 изменений в живой сцене
[14:02:31] [out] patch minimal.scene: +0 >0 ~4 -0
[14:02:31] [out] patch minimal.scene: +0 >0 ~4 -0
[14:02:32] [in-live] minimal.scene: 4 изменений в живой сцене
[14:02:32] [out] patch minimal.scene: +0 >0 ~4 -0
[14:02:32] [in-live] minimal.scene: 4 изменений в живой сцене
[14:02:32] [out] patch minimal.scene: +0 >0 ~4 -0
[14:02:32] [in-live] minimal.scene: 4 изменений в живой сцене
[14:02:33] [out] patch minimal.scene: +0 >0 ~4 -0
[14:02:33] [in-live] minimal.scene: 4 изменений в живой сцене
[14:02:33] [out] patch minimal.scene: +0 >0 ~4 -0
[14:02:33] [out] patch minimal.scene: +0 >0 ~4 -0
[14:02:33] [in-live] minimal.scene: 4 изменений в живой сцене
[14:02:34] [in-live] minimal.scene: 4 изменений в живой сцене
[14:02:34] [out] patch minimal.scene: +0 >0 ~4 -0
[14:02:34] [in-live] minimal.scene: 4 изменений в живой сцене
[14:02:34] [out] patch minimal.scene: +0 >0 ~4 -0
[14:02:35] [in-live] minimal.scene: 4 изменений в живой сцене
[14:02:35] [out] patch minimal.scene: +0 >0 ~4 -0
[14:02:35] [in-live] minimal.scene: 4 изменений в живой сцене
[14:02:35] [out] patch minimal.scene: +0 >0 ~4 -0
[14:02:36] [in-live] minimal.scene: 4 изменений в живой сцене
[14:02:36] [delta] тик 13800, tracked: 1, files seen: 1
[14:02:36] [in-live] minimal.scene: 4 изменений в живой сцене
[14:02:36] [out] patch minimal.scene: +0 >0 ~4 -0
[14:02:36] [out] patch minimal.scene: +0 >0 ~4 -0
[14:02:37] [in-live] minimal.scene: 4 изменений в живой сцене
[14:02:37] [out] patch minimal.scene: +0 >0 ~4 -0
[14:02:37] [in-live] minimal.scene: 4 изменений в живой сцене
[14:02:37] [out] patch minimal.scene: +0 >0 ~4 -0
[14:02:37] [in-live] minimal.scene: 4 изменений в живой сцене
[14:02:38] [out] patch minimal.scene: +0 >0 ~4 -0
[14:02:38] [in-live] minimal.scene: 4 изменений в живой сцене
[14:02:38] [out] patch minimal.scene: +0 >0 ~4 -0
[14:02:39] [in-live] minimal.scene: 4 изменений в живой сцене
[14:02:39] [out] patch minimal.scene: +0 >0 ~4 -0
[14:02:39] [in-live] minimal.scene: 4 изменений в живой сцене
[14:02:39] [out] patch minimal.scene: +0 >0 ~4 -0
[14:02:39] [in-live] minimal.scene: 4 изменений в живой сцене
[14:02:40] [out] patch minimal.scene: +0 >0 ~4 -0
[14:02:40] [in-live] minimal.scene: 4 изменений в живой сцене
[14:02:40] [delta] тик 14100, tracked: 1, files seen: 1
[14:02:40] [out] patch minimal.scene: +0 >0 ~4 -0
[14:02:40] [out] patch minimal.scene: +0 >0 ~4 -0
[14:02:40] [in-live] minimal.scene: 4 изменений в живой сцене
[14:02:41] [in-live] minimal.scene: 4 изменений в живой сцене
[14:02:41] [out] patch minimal.scene: +0 >0 ~4 -0
[14:02:41] [in-live] minimal.scene: 4 изменений в живой сцене
[14:02:42] [out] patch minimal.scene: +0 >0 ~4 -0
[14:02:42] [in-live] minimal.scene: 4 изменений в живой сцене
[14:02:42] [out] patch minimal.scene: +0 >0 ~4 -0
[14:02:42] [in-live] minimal.scene: 4 изменений в живой сцене
[14:02:42] [out] patch minimal.scene: +0 >0 ~4 -0
[14:02:42] [in-live] minimal.scene: 4 изменений в живой сцене
[14:02:43] [out] patch minimal.scene: +0 >0 ~4 -0
[14:02:43] [in-live] minimal.scene: 4 изменений в живой сцене
[14:02:44] [out] patch minimal.scene: +0 >0 ~4 -0
[14:02:44] [in-live] minimal.scene: 4 изменений в живой сцене
[14:02:44] [out] patch minimal.scene: +0 >0 ~4 -0
[14:02:44] [in-live] minimal.scene: 4 изменений в живой сцене
[14:02:45] [in-live] minimal.scene: 4 изменений в живой сцене
[14:02:45] [out] patch minimal.scene: +0 >0 ~4 -0
[14:02:45] [delta] тик 14400, tracked: 1, files seen: 1
[14:02:45] [out] patch minimal.scene: +0 >0 ~4 -0
[14:02:45] [in-live] minimal.scene: 4 изменений в живой сцене
[14:02:45] [out] patch minimal.scene: +0 >0 ~4 -0
[14:02:46] [in-live] minimal.scene: 4 изменений в живой сцене
[14:02:46] [out] patch minimal.scene: +0 >0 ~4 -0
[14:02:46] [in-live] minimal.scene: 4 изменений в живой сцене
[14:02:47] [in-live] minimal.scene: 4 изменений в живой сцене
[14:02:47] [out] patch minimal.scene: +0 >0 ~4 -0
[14:02:47] [out] patch minimal.scene: +0 >0 ~4 -0
[14:02:47] [in-live] minimal.scene: 4 изменений в живой сцене
[14:02:48] [out] patch minimal.scene: +0 >0 ~4 -0
[14:02:48] [in-live] minimal.scene: 4 изменений в живой сцене
[14:02:48] [out] patch minimal.scene: +0 >0 ~4 -0
[14:02:48] [in-live] minimal.scene: 4 изменений в живой сцене
[14:02:49] [out] patch minimal.scene: +0 >0 ~4 -0
[14:02:49] [in-live] minimal.scene: 4 изменений в живой сцене
[14:02:49] [out] patch minimal.scene: +0 >0 ~4 -0
[14:02:49] [in-live] minimal.scene: 4 изменений в живой сцене
[14:02:49] [out] patch minimal.scene: +0 >0 ~4 -0
[14:02:50] [in-live] minimal.scene: 4 изменений в живой сцене
[14:02:50] [delta] тик 14700, tracked: 1, files seen: 1
[14:02:50] [in-live] minimal.scene: 4 изменений в живой сцене
[14:02:50] [out] patch minimal.scene: +0 >0 ~4 -0
[14:02:50] [in-live] minimal.scene: 4 изменений в живой сцене
[14:02:51] [out] patch minimal.scene: +0 >0 ~4 -0
[14:02:51] [out] patch minimal.scene: +0 >0 ~4 -0
[14:02:51] [out] patch minimal.scene: +0 >0 ~4 -0
[14:02:51] [in-live] minimal.scene: 4 изменений в живой сцене
[14:02:51] [out] patch minimal.scene: +0 >0 ~4 -0
[14:02:52] [in-live] minimal.scene: 4 изменений в живой сцене
[14:02:52] [in-live] minimal.scene: 4 изменений в живой сцене
[14:02:52] [out] patch minimal.scene: +0 >0 ~4 -0
[14:02:53] [in-live] minimal.scene: 4 изменений в живой сцене
[14:02:53] [in-live] minimal.scene: 4 изменений в живой сцене
[14:02:54] [out] patch minimal.scene: +0 >0 ~4 -0
[14:02:54] [out] patch minimal.scene: +0 >0 ~4 -0
[14:02:54] [in-live] minimal.scene: 4 изменений в живой сцене
[14:02:54] [out] patch minimal.scene: +0 >0 ~4 -0
[14:02:54] [in-live] minimal.scene: 4 изменений в живой сцене
[14:02:55] [delta] тик 15000, tracked: 1, files seen: 1
[14:02:55] [in-live] minimal.scene: 4 изменений в живой сцене
[14:02:55] [out] patch minimal.scene: +0 >0 ~4 -0
[14:02:55] [in-live] minimal.scene: 4 изменений в живой сцене
[14:02:56] [out] patch minimal.scene: +0 >0 ~4 -0
[14:02:56] [out] patch minimal.scene: +0 >0 ~4 -0
[14:02:56] [out] patch minimal.scene: +0 >0 ~4 -0
[14:02:56] [in-live] minimal.scene: 4 изменений в живой сцене
[14:02:56] [in-live] minimal.scene: 4 изменений в живой сцене
[14:02:56] [out] patch minimal.scene: +0 >0 ~4 -0
[14:02:57] [in-live] minimal.scene: 4 изменений в живой сцене
[14:02:57] [out] patch minimal.scene: +0 >0 ~4 -0
[14:02:57] [in-live] minimal.scene: 4 изменений в живой сцене
[14:02:57] [out] patch minimal.scene: +0 >0 ~4 -0
[14:02:58] [in-live] minimal.scene: 4 изменений в живой сцене
[14:02:58] [out] patch minimal.scene: +0 >0 ~4 -0
[14:02:58] [in-live] minimal.scene: 4 изменений в живой сцене
[14:02:59] [in-live] minimal.scene: 4 изменений в живой сцене
[14:02:59] [out] patch minimal.scene: +0 >0 ~4 -0
[14:02:59] [out] patch minimal.scene: +0 >0 ~4 -0
[14:02:59] [delta] тик 15300, tracked: 1, files seen: 1
[14:02:59] [in-live] minimal.scene: 4 изменений в живой сцене
[14:03:00] [out] patch minimal.scene: +0 >0 ~4 -0
[14:03:00] [in-live] minimal.scene: 4 изменений в живой сцене
[14:03:00] [in-live] minimal.scene: 4 изменений в живой сцене
[14:03:00] [out] patch minimal.scene: +0 >0 ~4 -0
[14:03:01] [out] patch minimal.scene: +0 >0 ~4 -0
[14:03:01] [out] patch minimal.scene: +0 >0 ~4 -0
[14:03:01] [in-live] minimal.scene: 4 изменений в живой сцене
[14:03:01] [out] patch minimal.scene: +0 >0 ~4 -0
[14:03:01] [in-live] minimal.scene: 4 изменений в живой сцене
[14:03:02] [in-live] minimal.scene: 4 изменений в живой сцене
[14:03:02] [out] patch minimal.scene: +0 >0 ~4 -0
[14:03:03] [in-live] minimal.scene: 4 изменений в живой сцене
[14:03:03] [out] patch minimal.scene: +0 >0 ~4 -0
[14:03:03] [in-live] minimal.scene: 4 изменений в живой сцене
[14:03:03] [out] patch minimal.scene: +0 >0 ~4 -0
[14:03:03] [in-live] minimal.scene: 4 изменений в живой сцене
[14:03:04] [delta] тик 15600, tracked: 1, files seen: 1
[14:03:04] [out] patch minimal.scene: +0 >0 ~4 -0
[14:03:04] [in-live] minimal.scene: 4 изменений в живой сцене
[14:03:04] [out] patch minimal.scene: +0 >0 ~4 -0
[14:03:04] [in-live] minimal.scene: 4 изменений в живой сцене
[14:03:05] [out] patch minimal.scene: +0 >0 ~4 -0
[14:03:05] [in-live] minimal.scene: 4 изменений в живой сцене
[14:03:05] [out] patch minimal.scene: +0 >0 ~4 -0
[14:03:05] [in-live] minimal.scene: 4 изменений в живой сцене
[14:03:06] [out] patch minimal.scene: +0 >0 ~4 -0
[14:03:06] [in-live] minimal.scene: 4 изменений в живой сцене
[14:03:06] [out] patch minimal.scene: +0 >0 ~4 -0
[14:03:06] [in-live] minimal.scene: 4 изменений в живой сцене
[14:03:07] [out] patch minimal.scene: +0 >0 ~4 -0
[14:03:07] [in-live] minimal.scene: 4 изменений в живой сцене
[14:03:07] [in-live] minimal.scene: 4 изменений в живой сцене
[14:03:08] [out] patch minimal.scene: +0 >0 ~4 -0
[14:03:08] [in-live] minimal.scene: 4 изменений в живой сцене
[14:03:08] [out] patch minimal.scene: +0 >0 ~4 -0
[14:03:08] [out] patch minimal.scene: +0 >0 ~4 -0
[14:03:08] [delta] тик 15900, tracked: 1, files seen: 1
[14:03:08] [out] patch minimal.scene: +0 >0 ~4 -0
[14:03:09] [in-live] minimal.scene: 4 изменений в живой сцене
[14:03:09] [in-live] minimal.scene: 4 изменений в живой сцене
[14:03:10] [out] patch minimal.scene: +0 >0 ~4 -0
[14:03:10] [in-live] minimal.scene: 4 изменений в живой сцене
[14:03:10] [out] patch minimal.scene: +0 >0 ~4 -0
[14:03:10] [in-live] minimal.scene: 4 изменений в живой сцене
[14:03:11] [in-live] minimal.scene: 4 изменений в живой сцене
[14:03:11] [out] patch minimal.scene: +0 >0 ~4 -0
[14:03:11] [out] patch minimal.scene: +0 >0 ~4 -0
[14:03:11] [in-live] minimal.scene: 4 изменений в живой сцене
[14:03:11] [out] patch minimal.scene: +0 >0 ~4 -0
[14:03:11] [out] patch minimal.scene: +0 >0 ~4 -0
[14:03:12] [in-live] minimal.scene: 4 изменений в живой сцене
[14:03:12] [out] patch minimal.scene: +0 >0 ~4 -0
[14:03:12] [in-live] minimal.scene: 4 изменений в живой сцене
[14:03:12] [out] patch minimal.scene: +0 >0 ~4 -0
[14:03:12] [delta] тик 16200, tracked: 1, files seen: 1
[14:03:13] [in-live] minimal.scene: 4 изменений в живой сцене
[14:03:13] [out] patch minimal.scene: +0 >0 ~4 -0
[14:03:13] [in-live] minimal.scene: 4 изменений в живой сцене
[14:03:14] [in-live] minimal.scene: 4 изменений в живой сцене
[14:03:14] [out] patch minimal.scene: +0 >0 ~4 -0
[14:03:14] [out] patch minimal.scene: +0 >0 ~4 -0
[14:03:14] [in-live] minimal.scene: 4 изменений в живой сцене
[14:03:14] [in-live] minimal.scene: 4 изменений в живой сцене
[14:03:15] [out] patch minimal.scene: +0 >0 ~4 -0
[14:03:15] [in-live] minimal.scene: 4 изменений в живой сцене
[14:03:16] [out] patch minimal.scene: +0 >0 ~4 -0
[14:03:16] [in-live] minimal.scene: 4 изменений в живой сцене
[14:03:16] [out] patch minimal.scene: +0 >0 ~4 -0
[14:03:16] [in-live] minimal.scene: 4 изменений в живой сцене
[14:03:17] [in-live] minimal.scene: 4 изменений в живой сцене
[14:03:17] [out] patch minimal.scene: +0 >0 ~4 -0
[14:03:17] [out] patch minimal.scene: +0 >0 ~4 -0
[14:03:17] [out] patch minimal.scene: +0 >0 ~4 -0
[14:03:18] [in-live] minimal.scene: 4 изменений в живой сцене
[14:03:18] [out] patch minimal.scene: +0 >0 ~4 -0
[14:03:18] [delta] тик 16500, tracked: 1, files seen: 1
[14:03:18] [in-live] minimal.scene: 4 изменений в живой сцене
[14:03:18] [in-live] minimal.scene: 4 изменений в живой сцене
[14:03:19] [out] patch minimal.scene: +0 >0 ~4 -0
[14:03:19] [in-live] minimal.scene: 4 изменений в живой сцене
[14:03:19] [out] patch minimal.scene: +0 >0 ~4 -0
[14:03:19] [in-live] minimal.scene: 4 изменений в живой сцене
[14:03:20] [out] patch minimal.scene: +0 >0 ~4 -0
[14:03:20] [in-live] minimal.scene: 4 изменений в живой сцене
[14:03:20] [out] patch minimal.scene: +0 >0 ~4 -0
[14:03:20] [out] patch minimal.scene: +0 >0 ~4 -0
[14:03:21] [in-live] minimal.scene: 4 изменений в живой сцене
[14:03:21] [out] patch minimal.scene: +0 >0 ~4 -0
[14:03:21] [in-live] minimal.scene: 4 изменений в живой сцене
[14:03:21] [out] patch minimal.scene: +0 >0 ~4 -0
[14:03:21] [in-live] minimal.scene: 4 изменений в живой сцене
[14:03:22] [in-live] minimal.scene: 4 изменений в живой сцене
[14:03:22] [out] patch minimal.scene: +0 >0 ~4 -0
[14:03:23] [in-live] minimal.scene: 4 изменений в живой сцене
[14:03:23] [out] patch minimal.scene: +0 >0 ~4 -0
[14:03:23] [delta] тик 16800, tracked: 1, files seen: 1
[14:03:23] [in-live] minimal.scene: 4 изменений в живой сцене
[14:03:23] [out] patch minimal.scene: +0 >0 ~4 -0
[14:03:24] [in-live] minimal.scene: 4 изменений в живой сцене
[14:03:24] [in-live] minimal.scene: 4 изменений в живой сцене
[14:03:24] [out] patch minimal.scene: +0 >0 ~4 -0
[14:03:24] [out] patch minimal.scene: +0 >0 ~4 -0
[14:03:24] [out] patch minimal.scene: +0 >0 ~4 -0
[14:03:25] [in-live] minimal.scene: 4 изменений в живой сцене
[14:03:25] [out] patch minimal.scene: +0 >0 ~4 -0
[14:03:26] [in-live] minimal.scene: 4 изменений в живой сцене
[14:03:26] [in-live] minimal.scene: 4 изменений в живой сцене
