[14:03:54] Team Create init (log: A:\s&box projects\test\test\Libraries\teamcreate\logs\tc-20260905-140354.log)
[14:04:28] Connect 127.0.0.1:4877...
[14:04:28] Файловый синк: A:\s&box projects\test\test
[14:04:28] SceneDelta: watching A:\s&box projects\test\test\Assets\scenes + prefabs (tracked: 1)
[14:04:28] Password hash: ***
[14:04:28] Подключение к 127.0.0.1:4877...
[14:04:28] Подключено!
[14:04:28] Peers in room: 1
[14:04:28] Live watch: запущен
[14:04:28] [delta] resync: baseline сброшен
[14:04:28] Отправляю состояние проекта пирам...
[14:04:28] Sync complete
[14:04:28] [out] snapshot: Assets/scenes/minimal.scene (82338 байт)
[14:04:28] [out] отправлен: .gitignore (437 байт)
[14:04:28] [out] отправлен: ProjectSettings/Collision.config (649 байт)
[14:04:28] [out] отправлен: ProjectSettings/Input.config (5038 байт)
[14:04:28] [out] отправлен: ProjectSettings/Platform.config (244 байт)
[14:04:28] [out] отправлен: Editor/Assembly.cs (114 байт)
[14:04:28] [out] отправлен: Code/Assembly.cs (92 байт)
[14:04:28] [live] слежу за Assets/scenes/minimal.scene
[14:04:31] [delta] тик 300, tracked: 1, files seen: 1
[14:04:32] necro joined
[14:04:32] [in] snapshot: Assets/scenes/minimal.scene (82338 байт)
[14:04:32] [in] сцена обновлена: Assets/scenes/minimal.scene
[14:04:34] [out] patch minimal.scene: +0 >0 ~0 -0
[14:04:34] [delta] тик 600, tracked: 1, files seen: 1
[14:04:37] [delta] тик 900, tracked: 1, files seen: 1
[14:04:39] [in-live] minimal.scene: 1 изменений в живой сцене
[14:04:39] [out] patch minimal.scene: +0 >0 ~1 -0
[14:04:39] [in-live] minimal.scene: 1 изменений в живой сцене
[14:04:39] [out] patch minimal.scene: +0 >0 ~1 -0
[14:04:39] [in-live] minimal.scene: 1 изменений в живой сцене
[14:04:39] [out] patch minimal.scene: +0 >0 ~1 -0
[14:04:40] [in-live] minimal.scene: 1 изменений в живой сцене
[14:04:40] [out] patch minimal.scene: +0 >0 ~1 -0
[14:04:40] [in-live] minimal.scene: 1 изменений в живой сцене
[14:04:40] [out] patch minimal.scene: +0 >0 ~1 -0
[14:04:40] [in-live] minimal.scene: 1 изменений в живой сцене
[14:04:40] [out] patch minimal.scene: +0 >0 ~1 -0
[14:04:40] [in-live] minimal.scene: 1 изменений в живой сцене
[14:04:40] [out] patch minimal.scene: +0 >0 ~1 -0
[14:04:40] [in-live] minimal.scene: 1 изменений в живой сцене
[14:04:40] [out] patch minimal.scene: +0 >0 ~1 -0
[14:04:40] [in-live] minimal.scene: 1 изменений в живой сцене
[14:04:40] [out] patch minimal.scene: +0 >0 ~1 -0
[14:04:40] [in-live] minimal.scene: 1 изменений в живой сцене
[14:04:40] [out] patch minimal.scene: +0 >0 ~1 -0
[14:04:41] [in-live] minimal.scene: 1 изменений в живой сцене
[14:04:41] [out] patch minimal.scene: +0 >0 ~1 -0
[14:04:41] [delta] тик 1200, tracked: 1, files seen: 1
[14:04:41] [in-live] minimal.scene: 1 изменений в живой сцене
[14:04:41] [out] patch minimal.scene: +0 >0 ~1 -0
[14:04:41] [in-live] minimal.scene: 1 изменений в живой сцене
[14:04:41] [out] patch minimal.scene: +0 >0 ~1 -0
[14:04:41] [in-live] minimal.scene: 1 изменений в живой сцене
[14:04:41] [out] patch minimal.scene: +0 >0 ~1 -0
[14:04:41] [in-live] minimal.scene: 1 изменений в живой сцене
[14:04:41] [out] patch minimal.scene: +0 >0 ~1 -0
[14:04:41] [in-live] minimal.scene: 1 изменений в живой сцене
[14:04:41] [out] patch minimal.scene: +0 >0 ~1 -0
[14:04:41] [in-live] minimal.scene: 1 изменений в живой сцене
[14:04:41] [out] patch minimal.scene: +0 >0 ~1 -0
[14:04:42] [in-live] minimal.scene: 1 изменений в живой сцене
[14:04:42] [out] patch minimal.scene: +0 >0 ~1 -0
[14:04:42] [in-live] minimal.scene: 1 изменений в живой сцене
[14:04:42] [out] patch minimal.scene: +0 >0 ~1 -0
[14:04:42] [in-live] minimal.scene: 1 изменений в живой сцене
[14:04:42] [out] patch minimal.scene: +0 >0 ~1 -0
[14:04:42] [in-live] minimal.scene: 1 изменений в живой сцене
[14:04:42] [out] patch minimal.scene: +0 >0 ~1 -0
[14:04:42] [in-live] minimal.scene: 1 изменений в живой сцене
[14:04:42] [out] patch minimal.scene: +0 >0 ~1 -0
[14:04:42] [in-live] minimal.scene: 1 изменений в живой сцене
[14:04:42] [out] patch minimal.scene: +0 >0 ~1 -0
[14:04:42] [in-live] minimal.scene: 1 изменений в живой сцене
[14:04:42] [out] patch minimal.scene: +0 >0 ~1 -0
[14:04:43] [in-live] minimal.scene: 1 изменений в живой сцене
[14:04:43] [out] patch minimal.scene: +0 >0 ~1 -0
[14:04:43] [in-live] minimal.scene: 1 изменений в живой сцене
[14:04:43] [out] patch minimal.scene: +0 >0 ~1 -0
[14:04:43] [in-live] minimal.scene: 1 изменений в живой сцене
[14:04:43] [out] patch minimal.scene: +0 >0 ~1 -0
[14:04:43] [in-live] minimal.scene: 1 изменений в живой сцене
[14:04:43] [out] patch minimal.scene: +0 >0 ~1 -0
[14:04:43] [in-live] minimal.scene: 1 изменений в живой сцене
[14:04:43] [out] patch minimal.scene: +0 >0 ~1 -0
[14:04:43] [in-live] minimal.scene: 1 изменений в живой сцене
[14:04:43] [out] patch minimal.scene: +0 >0 ~1 -0
[14:04:43] [in-live] minimal.scene: 1 изменений в живой сцене
[14:04:43] [out] patch minimal.scene: +0 >0 ~1 -0
[14:04:44] [in-live] minimal.scene: 1 изменений в живой сцене
[14:04:44] [out] patch minimal.scene: +0 >0 ~1 -0
[14:04:44] [in-live] minimal.scene: 1 изменений в живой сцене
[14:04:44] [out] patch minimal.scene: +0 >0 ~1 -0
[14:04:44] [in-live] minimal.scene: 1 изменений в живой сцене
[14:04:44] [out] patch minimal.scene: +0 >0 ~1 -0
[14:04:44] [in-live] minimal.scene: 1 изменений в живой сцене
[14:04:44] [out] patch minimal.scene: +0 >0 ~1 -0
[14:04:44] [in-live] minimal.scene: 1 изменений в живой сцене
[14:04:44] [out] patch minimal.scene: +0 >0 ~1 -0
[14:04:44] [in-live] minimal.scene: 1 изменений в живой сцене
[14:04:44] [out] patch minimal.scene: +0 >0 ~1 -0
[14:04:44] [in-live] minimal.scene: 1 изменений в живой сцене
[14:04:44] [out] patch minimal.scene: +0 >0 ~1 -0
[14:04:45] [in-live] minimal.scene: 1 изменений в живой сцене
[14:04:45] [out] patch minimal.scene: +0 >0 ~1 -0
[14:04:45] [in-live] minimal.scene: 1 изменений в живой сцене
[14:04:45] [out] patch minimal.scene: +0 >0 ~1 -0
[14:04:45] [in-live] minimal.scene: 1 изменений в живой сцене
[14:04:45] [out] patch minimal.scene: +0 >0 ~1 -0
[14:04:45] [in-live] minimal.scene: 1 изменений в живой сцене
[14:04:45] [out] patch minimal.scene: +0 >0 ~1 -0
[14:04:45] [in-live] minimal.scene: 1 изменений в живой сцене
[14:04:45] [out] patch minimal.scene: +0 >0 ~1 -0
[14:04:45] [in-live] minimal.scene: 1 изменений в живой сцене
[14:04:45] [out] patch minimal.scene: +0 >0 ~1 -0
[14:04:45] [in-live] minimal.scene: 1 изменений в живой сцене
[14:04:46] [out] patch minimal.scene: +0 >0 ~1 -0
[14:04:46] [delta] тик 1500, tracked: 1, files seen: 1
[14:04:46] [in-live] minimal.scene: 1 изменений в живой сцене
[14:04:46] [out] patch minimal.scene: +0 >0 ~1 -0
[14:04:46] [in-live] minimal.scene: 1 изменений в живой сцене
[14:04:46] [out] patch minimal.scene: +0 >0 ~1 -0
[14:04:46] [in-live] minimal.scene: 1 изменений в живой сцене
[14:04:46] [out] patch minimal.scene: +0 >0 ~1 -0
[14:04:46] [in-live] minimal.scene: 1 изменений в живой сцене
[14:04:46] [out] patch minimal.scene: +0 >0 ~1 -0
[14:04:46] [in-live] minimal.scene: 1 изменений в живой сцене
[14:04:46] [out] patch minimal.scene: +0 >0 ~1 -0
[14:04:46] [in-live] minimal.scene: 1 изменений в живой сцене
[14:04:46] [out] patch minimal.scene: +0 >0 ~1 -0
[14:04:46] [in-live] minimal.scene: 1 изменений в живой сцене
[14:04:47] [out] patch minimal.scene: +0 >0 ~1 -0
[14:04:47] [in-live] minimal.scene: 1 изменений в живой сцене
[14:04:47] [out] patch minimal.scene: +0 >0 ~1 -0
[14:04:47] [in-live] minimal.scene: 1 изменений в живой сцене
[14:04:47] [out] patch minimal.scene: +0 >0 ~1 -0
[14:04:47] [in-live] minimal.scene: 1 изменений в живой сцене
[14:04:47] [out] patch minimal.scene: +0 >0 ~1 -0
[14:04:47] [in-live] minimal.scene: 1 изменений в живой сцене
[14:04:47] [out] patch minimal.scene: +0 >0 ~1 -0
[14:04:47] [in-live] minimal.scene: 1 изменений в живой сцене
[14:04:47] [out] patch minimal.scene: +0 >0 ~1 -0
[14:04:47] [in-live] minimal.scene: 1 изменений в живой сцене
[14:04:48] [out] patch minimal.scene: +0 >0 ~1 -0
[14:04:48] [in-live] minimal.scene: 1 изменений в живой сцене
[14:04:48] [out] patch minimal.scene: +0 >0 ~1 -0
[14:04:48] [in-live] minimal.scene: 1 изменений в живой сцене
[14:04:48] [out] patch minimal.scene: +0 >0 ~1 -0
[14:04:48] [in-live] minimal.scene: 1 изменений в живой сцене
[14:04:48] [out] patch minimal.scene: +0 >0 ~1 -0
[14:04:48] [in-live] minimal.scene: 1 изменений в живой сцене
[14:04:48] [out] patch minimal.scene: +0 >0 ~1 -0
[14:04:48] [in-live] minimal.scene: 1 изменений в живой сцене
[14:04:48] [out] patch minimal.scene: +0 >0 ~1 -0
[14:04:48] [in-live] minimal.scene: 1 изменений в живой сцене
[14:04:48] [out] patch minimal.scene: +0 >0 ~1 -0
[14:04:49] [in-live] minimal.scene: 1 изменений в живой сцене
[14:04:49] [out] patch minimal.scene: +0 >0 ~1 -0
[14:04:49] [in-live] minimal.scene: 1 изменений в живой сцене
[14:04:49] [out] patch minimal.scene: +0 >0 ~1 -0
[14:04:50] [in-live] minimal.scene: 1 изменений в живой сцене
[14:04:50] [out] patch minimal.scene: +0 >0 ~1 -0
[14:04:50] [in-live] minimal.scene: 1 изменений в живой сцене
[14:04:50] [out] patch minimal.scene: +0 >0 ~1 -0
[14:04:50] [delta] тик 1800, tracked: 1, files seen: 1
[14:04:50] [in-live] minimal.scene: 1 изменений в живой сцене
[14:04:50] [out] patch minimal.scene: +0 >0 ~1 -0
[14:04:50] [in-live] minimal.scene: 1 изменений в живой сцене
[14:04:50] [out] patch minimal.scene: +0 >0 ~1 -0
[14:04:50] [in-live] minimal.scene: 1 изменений в живой сцене
[14:04:50] [out] patch minimal.scene: +0 >0 ~1 -0
[14:04:50] [in-live] minimal.scene: 1 изменений в живой сцене
[14:04:50] [out] patch minimal.scene: +0 >0 ~1 -0
[14:04:50] [in-live] minimal.scene: 1 изменений в живой сцене
[14:04:50] [out] patch minimal.scene: +0 >0 ~1 -0
[14:04:51] [in-live] minimal.scene: 1 изменений в живой сцене
[14:04:51] [out] patch minimal.scene: +0 >0 ~1 -0
[14:04:51] [in-live] minimal.scene: 1 изменений в живой сцене
[14:04:51] [out] patch minimal.scene: +0 >0 ~1 -0
[14:04:51] [in-live] minimal.scene: 1 изменений в живой сцене
[14:04:51] [in-live] minimal.scene: 1 изменений в живой сцене
[14:04:51] [out] patch minimal.scene: +0 >0 ~1 -0
[14:04:51] [in-live] minimal.scene: 2 изменений в живой сцене
[14:04:51] [out] patch minimal.scene: +0 >0 ~2 -0
[14:04:51] [in-live] minimal.scene: 2 изменений в живой сцене
[14:04:51] [out] patch minimal.scene: +0 >0 ~2 -0
[14:04:51] [in-live] minimal.scene: 2 изменений в живой сцене
[14:04:51] [out] patch minimal.scene: +0 >0 ~2 -0
[14:04:51] [in-live] minimal.scene: 2 изменений в живой сцене
[14:04:52] [out] patch minimal.scene: +0 >0 ~2 -0
[14:04:52] [in-live] minimal.scene: 2 изменений в живой сцене
[14:04:52] [out] patch minimal.scene: +0 >0 ~2 -0
[14:04:52] [in-live] minimal.scene: 2 изменений в живой сцене
[14:04:52] [out] patch minimal.scene: +0 >0 ~2 -0
[14:04:52] [in-live] minimal.scene: 2 изменений в живой сцене
[14:04:52] [out] patch minimal.scene: +0 >0 ~2 -0
[14:04:54] [delta] тик 2100, tracked: 1, files seen: 1
[14:04:54] [in-live] minimal.scene: 2 изменений в живой сцене
[14:04:54] [out] patch minimal.scene: +0 >0 ~2 -0
[14:04:54] [in-live] minimal.scene: 2 изменений в живой сцене
[14:04:54] [out] patch minimal.scene: +0 >0 ~2 -0
[14:04:54] [in-live] minimal.scene: 2 изменений в живой сцене
[14:04:54] [out] patch minimal.scene: +0 >0 ~2 -0
[14:04:54] [in-live] minimal.scene: 2 изменений в живой сцене
[14:04:55] [out] patch minimal.scene: +0 >0 ~2 -0
[14:04:55] [in-live] minimal.scene: 2 изменений в живой сцене
[14:04:55] [out] patch minimal.scene: +0 >0 ~2 -0
[14:04:55] [in-live] minimal.scene: 2 изменений в живой сцене
[14:04:55] [out] patch minimal.scene: +0 >0 ~2 -0
[14:04:55] [in-live] minimal.scene: 2 изменений в живой сцене
[14:04:55] [out] patch minimal.scene: +0 >0 ~2 -0
[14:04:55] [in-live] minimal.scene: 2 изменений в живой сцене
[14:04:55] [out] patch minimal.scene: +0 >0 ~2 -0
[14:04:55] [in-live] minimal.scene: 2 изменений в живой сцене
[14:04:56] [in-live] minimal.scene: 1 изменений в живой сцене
[14:04:56] [out] patch minimal.scene: +0 >0 ~2 -0
[14:04:56] [out] patch minimal.scene: +0 >0 ~2 -0
[14:04:56] [in-live] minimal.scene: 2 изменений в живой сцене
[14:04:56] [out] patch minimal.scene: +0 >0 ~2 -0
[14:04:56] [in-live] minimal.scene: 2 изменений в живой сцене
[14:04:56] [out] patch minimal.scene: +0 >0 ~2 -0
[14:04:56] [in-live] minimal.scene: 2 изменений в живой сцене
[14:04:56] [out] patch minimal.scene: +0 >0 ~2 -0
[14:04:56] [in-live] minimal.scene: 2 изменений в живой сцене
[14:04:56] [out] patch minimal.scene: +0 >0 ~2 -0
[14:04:56] [in-live] minimal.scene: 2 изменений в живой сцене
[14:04:56] [out] patch minimal.scene: +0 >0 ~2 -0
[14:04:57] [in-live] minimal.scene: 2 изменений в живой сцене
[14:04:57] [out] patch minimal.scene: +0 >0 ~2 -0
[14:04:57] [in-live] minimal.scene: 2 изменений в живой сцене
[14:04:57] [out] patch minimal.scene: +0 >0 ~2 -0
[14:04:57] [in-live] minimal.scene: 2 изменений в живой сцене
[14:04:57] [out] patch minimal.scene: +0 >0 ~2 -0
[14:04:57] [in-live] minimal.scene: 2 изменений в живой сцене
[14:04:57] [out] patch minimal.scene: +0 >0 ~2 -0
[14:04:57] [in-live] minimal.scene: 2 изменений в живой сцене
[14:04:57] [out] patch minimal.scene: +0 >0 ~2 -0
[14:04:57] [in-live] minimal.scene: 2 изменений в живой сцене
[14:04:57] [out] patch minimal.scene: +0 >0 ~2 -0
[14:04:58] [in-live] minimal.scene: 2 изменений в живой сцене
[14:04:58] [out] patch minimal.scene: +0 >0 ~2 -0
[14:04:58] [in-live] minimal.scene: 2 изменений в живой сцене
[14:04:58] [out] patch minimal.scene: +0 >0 ~2 -0
[14:04:58] [in-live] minimal.scene: 2 изменений в живой сцене
[14:04:58] [out] patch minimal.scene: +0 >0 ~2 -0
[14:04:58] [delta] тик 2400, tracked: 1, files seen: 1
[14:04:58] [in-live] minimal.scene: 2 изменений в живой сцене
[14:04:58] [out] patch minimal.scene: +0 >0 ~2 -0
[14:04:58] [in-live] minimal.scene: 2 изменений в живой сцене
[14:04:58] [out] patch minimal.scene: +0 >0 ~2 -0
[14:04:59] [in-live] minimal.scene: 2 изменений в живой сцене
[14:04:59] [out] patch minimal.scene: +0 >0 ~2 -0
[14:04:59] [in-live] minimal.scene: 2 изменений в живой сцене
[14:04:59] [out] patch minimal.scene: +0 >0 ~2 -0
[14:04:59] [in-live] minimal.scene: 2 изменений в живой сцене
[14:04:59] [out] patch minimal.scene: +0 >0 ~2 -0
[14:04:59] [in-live] minimal.scene: 2 изменений в живой сцене
[14:04:59] [out] patch minimal.scene: +0 >0 ~2 -0
[14:04:59] [in-live] minimal.scene: 2 изменений в живой сцене
[14:05:00] [out] patch minimal.scene: +0 >0 ~2 -0
[14:05:00] [in-live] minimal.scene: 2 изменений в живой сцене
[14:05:00] [out] patch minimal.scene: +0 >0 ~2 -0
[14:05:00] [in-live] minimal.scene: 2 изменений в живой сцене
[14:05:00] [out] patch minimal.scene: +0 >0 ~2 -0
[14:05:00] [in-live] minimal.scene: 2 изменений в живой сцене
[14:05:00] [out] patch minimal.scene: +0 >0 ~2 -0
[14:05:01] [in-live] minimal.scene: 2 изменений в живой сцене
[14:05:01] [out] patch minimal.scene: +0 >0 ~2 -0
[14:05:01] [in-live] minimal.scene: 2 изменений в живой сцене
[14:05:01] [out] patch minimal.scene: +0 >0 ~2 -0
[14:05:01] [in-live] minimal.scene: 2 изменений в живой сцене
[14:05:01] [out] patch minimal.scene: +0 >0 ~2 -0
[14:05:01] [in-live] minimal.scene: 2 изменений в живой сцене
[14:05:01] [out] patch minimal.scene: +0 >0 ~2 -0
[14:05:01] [in-live] minimal.scene: 2 изменений в живой сцене
[14:05:02] [out] patch minimal.scene: +0 >0 ~2 -0
[14:05:02] [in-live] minimal.scene: 2 изменений в живой сцене
[14:05:02] [out] patch minimal.scene: +0 >0 ~2 -0
[14:05:02] [in-live] minimal.scene: 2 изменений в живой сцене
[14:05:02] [out] patch minimal.scene: +0 >0 ~2 -0
[14:05:02] [in-live] minimal.scene: 3 изменений в живой сцене
[14:05:02] [out] patch minimal.scene: +0 >0 ~3 -0
[14:05:02] [in-live] minimal.scene: 3 изменений в живой сцене
[14:05:02] [delta] тик 2700, tracked: 1, files seen: 1
[14:05:02] [out] patch minimal.scene: +0 >0 ~3 -0
[14:05:02] [in-live] minimal.scene: 3 изменений в живой сцене
[14:05:02] [out] patch minimal.scene: +0 >0 ~3 -0
[14:05:03] [in-live] minimal.scene: 3 изменений в живой сцене
[14:05:03] [out] patch minimal.scene: +0 >0 ~3 -0
[14:05:03] [in-live] minimal.scene: 3 изменений в живой сцене
[14:05:03] [out] patch minimal.scene: +0 >0 ~3 -0
[14:05:03] [in-live] minimal.scene: 3 изменений в живой сцене
[14:05:03] [out] patch minimal.scene: +0 >0 ~3 -0
[14:05:03] [in-live] minimal.scene: 3 изменений в живой сцене
[14:05:03] [out] patch minimal.scene: +0 >0 ~3 -0
[14:05:03] [in-live] minimal.scene: 3 изменений в живой сцене
[14:05:03] [out] patch minimal.scene: +0 >0 ~3 -0
[14:05:03] [in-live] minimal.scene: 3 изменений в живой сцене
[14:05:04] [out] patch minimal.scene: +0 >0 ~3 -0
[14:05:04] [in-live] minimal.scene: 3 изменений в живой сцене
[14:05:04] [in-live] minimal.scene: 1 изменений в живой сцене
[14:05:04] [out] patch minimal.scene: +0 >0 ~3 -0
[14:05:04] [out] patch minimal.scene: +0 >0 ~3 -0
[14:05:04] [in-live] minimal.scene: 3 изменений в живой сцене
[14:05:04] [out] patch minimal.scene: +0 >0 ~3 -0
[14:05:04] [in-live] minimal.scene: 3 изменений в живой сцене
[14:05:04] [out] patch minimal.scene: +0 >0 ~3 -0
[14:05:04] [in-live] minimal.scene: 3 изменений в живой сцене
[14:05:04] [out] patch minimal.scene: +0 >0 ~3 -0
[14:05:04] [in-live] minimal.scene: 3 изменений в живой сцене
[14:05:05] [out] patch minimal.scene: +0 >0 ~3 -0
[14:05:05] [in-live] minimal.scene: 3 изменений в живой сцене
[14:05:05] [out] patch minimal.scene: +0 >0 ~3 -0
[14:05:05] [in-live] minimal.scene: 3 изменений в живой сцене
[14:05:05] [out] patch minimal.scene: +0 >0 ~3 -0
[14:05:05] [in-live] minimal.scene: 3 изменений в живой сцене
[14:05:05] [out] patch minimal.scene: +0 >0 ~3 -0
[14:05:05] [in-live] minimal.scene: 3 изменений в живой сцене
[14:05:05] [out] patch minimal.scene: +0 >0 ~3 -0
[14:05:06] [in-live] minimal.scene: 3 изменений в живой сцене
[14:05:06] [out] patch minimal.scene: +0 >0 ~3 -0
[14:05:06] [in-live] minimal.scene: 3 изменений в живой сцене
[14:05:06] [out] patch minimal.scene: +0 >0 ~3 -0
[14:05:06] [in-live] minimal.scene: 3 изменений в живой сцене
[14:05:06] [out] patch minimal.scene: +0 >0 ~3 -0
[14:05:06] [in-live] minimal.scene: 3 изменений в живой сцене
[14:05:06] [out] patch minimal.scene: +0 >0 ~3 -0
[14:05:06] [in-live] minimal.scene: 3 изменений в живой сцене
[14:05:06] [out] patch minimal.scene: +0 >0 ~3 -0
[14:05:06] [delta] тик 3000, tracked: 1, files seen: 1
[14:05:07] [in-live] minimal.scene: 3 изменений в живой сцене
[14:05:07] [out] patch minimal.scene: +0 >0 ~3 -0
[14:05:07] [in-live] minimal.scene: 3 изменений в живой сцене
[14:05:07] [out] patch minimal.scene: +0 >0 ~3 -0
[14:05:07] [in-live] minimal.scene: 3 изменений в живой сцене
[14:05:07] [out] patch minimal.scene: +0 >0 ~3 -0
[14:05:07] [in-live] minimal.scene: 3 изменений в живой сцене
[14:05:07] [out] patch minimal.scene: +0 >0 ~3 -0
[14:05:07] [in-live] minimal.scene: 3 изменений в живой сцене
[14:05:07] [out] patch minimal.scene: +0 >0 ~3 -0
[14:05:08] [in-live] minimal.scene: 3 изменений в живой сцене
[14:05:08] [out] patch minimal.scene: +0 >0 ~3 -0
[14:05:08] [in-live] minimal.scene: 3 изменений в живой сцене
[14:05:08] [out] patch minimal.scene: +0 >0 ~3 -0
[14:05:08] [in-live] minimal.scene: 1 изменений в живой сцене
[14:05:08] [in-live] minimal.scene: 3 изменений в живой сцене
[14:05:08] [out] patch minimal.scene: +0 >0 ~3 -0
[14:05:08] [in-live] minimal.scene: 3 изменений в живой сцене
[14:05:08] [out] patch minimal.scene: +0 >0 ~3 -0
[14:05:08] [in-live] minimal.scene: 3 изменений в живой сцене
[14:05:08] [out] patch minimal.scene: +0 >0 ~3 -0
[14:05:09] [in-live] minimal.scene: 3 изменений в живой сцене
[14:05:09] [out] patch minimal.scene: +0 >0 ~3 -0
[14:05:09] [in-live] minimal.scene: 3 изменений в живой сцене
[14:05:09] [out] patch minimal.scene: +0 >0 ~3 -0
[14:05:09] [in-live] minimal.scene: 3 изменений в живой сцене
[14:05:09] [out] patch minimal.scene: +0 >0 ~3 -0
[14:05:09] [in-live] minimal.scene: 3 изменений в живой сцене
[14:05:09] [out] patch minimal.scene: +0 >0 ~3 -0
[14:05:09] [in-live] minimal.scene: 3 изменений в живой сцене
[14:05:10] [out] patch minimal.scene: +0 >0 ~3 -0
[14:05:10] [in-live] minimal.scene: 3 изменений в живой сцене
[14:05:10] [out] patch minimal.scene: +0 >0 ~3 -0
[14:05:10] [in-live] minimal.scene: 3 изменений в живой сцене
[14:05:10] [out] patch minimal.scene: +0 >0 ~3 -0
[14:05:10] [in-live] minimal.scene: 3 изменений в живой сцене
[14:05:10] [out] patch minimal.scene: +0 >0 ~3 -0
[14:05:10] [in-live] minimal.scene: 3 изменений в живой сцене
[14:05:10] [out] patch minimal.scene: +0 >0 ~3 -0
[14:05:11] [in-live] minimal.scene: 3 изменений в живой сцене
[14:05:11] [delta] тик 3300, tracked: 1, files seen: 1
[14:05:11] [out] patch minimal.scene: +0 >0 ~3 -0
[14:05:11] [in-live] minimal.scene: 3 изменений в живой сцене
[14:05:11] [out] patch minimal.scene: +0 >0 ~3 -0
[14:05:11] [in-live] minimal.scene: 3 изменений в живой сцене
[14:05:11] [out] patch minimal.scene: +0 >0 ~3 -0
[14:05:11] [in-live] minimal.scene: 3 изменений в живой сцене
[14:05:11] [out] patch minimal.scene: +0 >0 ~3 -0
[14:05:12] [in-live] minimal.scene: 3 изменений в живой сцене
[14:05:12] [out] patch minimal.scene: +0 >0 ~3 -0
[14:05:12] [in-live] minimal.scene: 3 изменений в живой сцене
[14:05:12] [out] patch minimal.scene: +0 >0 ~3 -0
[14:05:12] [in-live] minimal.scene: 3 изменений в живой сцене
[14:05:12] [out] patch minimal.scene: +0 >0 ~3 -0
[14:05:13] [in-live] minimal.scene: 3 изменений в живой сцене
[14:05:13] [out] patch minimal.scene: +0 >0 ~3 -0
[14:05:13] [in-live] minimal.scene: 3 изменений в живой сцене
[14:05:13] [out] patch minimal.scene: +0 >0 ~3 -0
[14:05:13] [in-live] minimal.scene: 3 изменений в живой сцене
[14:05:13] [out] patch minimal.scene: +0 >0 ~3 -0
[14:05:13] [in-live] minimal.scene: 3 изменений в живой сцене
[14:05:13] [out] patch minimal.scene: +0 >0 ~3 -0
[14:05:14] [in-live] minimal.scene: 3 изменений в живой сцене
[14:05:14] [out] patch minimal.scene: +0 >0 ~3 -0
[14:05:14] [in-live] minimal.scene: 3 изменений в живой сцене
[14:05:14] [out] patch minimal.scene: +0 >0 ~3 -0
[14:05:14] [in-live] minimal.scene: 3 изменений в живой сцене
[14:05:14] [out] patch minimal.scene: +0 >0 ~3 -0
[14:05:14] [in-live] minimal.scene: 3 изменений в живой сцене
[14:05:14] [out] patch minimal.scene: +0 >0 ~3 -0
[14:05:15] [in-live] minimal.scene: 3 изменений в живой сцене
[14:05:15] [delta] тик 3600, tracked: 1, files seen: 1
[14:05:15] [out] patch minimal.scene: +0 >0 ~3 -0
[14:05:15] [in-live] minimal.scene: 3 изменений в живой сцене
[14:05:15] [out] patch minimal.scene: +0 >0 ~3 -0
[14:05:15] [in-live] minimal.scene: 3 изменений в живой сцене
[14:05:15] [out] patch minimal.scene: +0 >0 ~3 -0
[14:05:15] [in-live] minimal.scene: 3 изменений в живой сцене
[14:05:15] [out] patch minimal.scene: +0 >0 ~3 -0
[14:05:16] [in-live] minimal.scene: 3 изменений в живой сцене
[14:05:16] [in-live] minimal.scene: 5 изменений в живой сцене
[14:05:16] [out] patch minimal.scene: +0 >0 ~5 -0
[14:05:16] [out] patch minimal.scene: +0 >0 ~5 -0
[14:05:16] [in-live] minimal.scene: 5 изменений в живой сцене
[14:05:16] [in-live] minimal.scene: 5 изменений в живой сцене
[14:05:16] [out] patch minimal.scene: +0 >0 ~5 -0
[14:05:16] [out] patch minimal.scene: +0 >0 ~5 -0
[14:05:16] [in-live] minimal.scene: 5 изменений в живой сцене
[14:05:17] [in-live] minimal.scene: 5 изменений в живой сцене
[14:05:17] [out] patch minimal.scene: +0 >0 ~5 -0
[14:05:17] [in-live] minimal.scene: 5 изменений в живой сцене
[14:05:17] [out] patch minimal.scene: +0 >0 ~5 -0
[14:05:17] [in-live] minimal.scene: 5 изменений в живой сцене
[14:05:17] [out] patch minimal.scene: +0 >0 ~5 -0
[14:05:17] [in-live] minimal.scene: 5 изменений в живой сцене
[14:05:17] [out] patch minimal.scene: +0 >0 ~5 -0
[14:05:17] [in-live] minimal.scene: 5 изменений в живой сцене
[14:05:17] [out] patch minimal.scene: +0 >0 ~5 -0
[14:05:17] [out] patch minimal.scene: +0 >0 ~5 -0
[14:05:17] [in-live] minimal.scene: 5 изменений в живой сцене
[14:05:17] [in-live] minimal.scene: 5 изменений в живой сцене
[14:05:18] [out] patch minimal.scene: +0 >0 ~5 -0
[14:05:18] [out] patch minimal.scene: +0 >0 ~5 -0
[14:05:18] [in-live] minimal.scene: 5 изменений в живой сцене
[14:05:18] [in-live] minimal.scene: 5 изменений в живой сцене
[14:05:18] [out] patch minimal.scene: +0 >0 ~5 -0
[14:05:18] [in-live] minimal.scene: 5 изменений в живой сцене
[14:05:18] [out] patch minimal.scene: +0 >0 ~5 -0
[14:05:18] [in-live] minimal.scene: 5 изменений в живой сцене
[14:05:18] [out] patch minimal.scene: +0 >0 ~5 -0
[14:05:18] [out] patch minimal.scene: +0 >0 ~5 -0
[14:05:18] [in-live] minimal.scene: 5 изменений в живой сцене
[14:05:19] [in-live] minimal.scene: 5 изменений в живой сцене
[14:05:19] [out] patch minimal.scene: +0 >0 ~5 -0
[14:05:19] [in-live] minimal.scene: 5 изменений в живой сцене
[14:05:19] [out] patch minimal.scene: +0 >0 ~5 -0
[14:05:19] [out] patch minimal.scene: +0 >0 ~5 -0
[14:05:19] [in-live] minimal.scene: 5 изменений в живой сцене
[14:05:19] [in-live] minimal.scene: 5 изменений в живой сцене
[14:05:19] [out] patch minimal.scene: +0 >0 ~5 -0
[14:05:19] [delta] тик 3900, tracked: 1, files seen: 1
[14:05:19] [out] patch minimal.scene: +0 >0 ~5 -0
[14:05:19] [in-live] minimal.scene: 5 изменений в живой сцене
[14:05:19] [in-live] minimal.scene: 5 изменений в живой сцене
[14:05:19] [out] patch minimal.scene: +0 >0 ~5 -0
[14:05:19] [out] patch minimal.scene: +0 >0 ~5 -0
[14:05:20] [in-live] minimal.scene: 5 изменений в живой сцене
[14:05:20] [in-live] minimal.scene: 5 изменений в живой сцене
[14:05:20] [out] patch minimal.scene: +0 >0 ~5 -0
[14:05:20] [in-live] minimal.scene: 5 изменений в живой сцене
[14:05:20] [out] patch minimal.scene: +0 >0 ~5 -0
[14:05:20] [in-live] minimal.scene: 5 изменений в живой сцене
[14:05:20] [out] patch minimal.scene: +0 >0 ~5 -0
[14:05:20] [out] patch minimal.scene: +0 >0 ~5 -0
[14:05:20] [in-live] minimal.scene: 5 изменений в живой сцене
[14:05:20] [in-live] minimal.scene: 5 изменений в живой сцене
[14:05:21] [out] patch minimal.scene: +0 >0 ~5 -0
[14:05:21] [in-live] minimal.scene: 5 изменений в живой сцене
[14:05:21] [out] patch minimal.scene: +0 >0 ~5 -0
[14:05:21] [out] patch minimal.scene: +0 >0 ~5 -0
[14:05:21] [in-live] minimal.scene: 5 изменений в живой сцене
[14:05:21] [in-live] minimal.scene: 5 изменений в живой сцене
[14:05:21] [out] patch minimal.scene: +0 >0 ~5 -0
[14:05:21] [in-live] minimal.scene: 5 изменений в живой сцене
[14:05:21] [out] patch minimal.scene: +0 >0 ~5 -0
[14:05:21] [in-live] minimal.scene: 5 изменений в живой сцене
[14:05:21] [out] patch minimal.scene: +0 >0 ~5 -0
[14:05:22] [in-live] minimal.scene: 5 изменений в живой сцене
[14:05:22] [out] patch minimal.scene: +0 >0 ~5 -0
[14:05:22] [in-live] minimal.scene: 5 изменений в живой сцене
[14:05:22] [out] patch minimal.scene: +0 >0 ~5 -0
[14:05:22] [in-live] minimal.scene: 5 изменений в живой сцене
[14:05:22] [out] patch minimal.scene: +0 >0 ~5 -0
[14:05:22] [in-live] minimal.scene: 5 изменений в живой сцене
[14:05:22] [out] patch minimal.scene: +0 >0 ~5 -0
[14:05:22] [out] patch minimal.scene: +0 >0 ~5 -0
[14:05:22] [in-live] minimal.scene: 5 изменений в живой сцене
[14:05:23] [in-live] minimal.scene: 5 изменений в живой сцене
[14:05:23] [out] patch minimal.scene: +0 >0 ~5 -0
[14:05:23] [out] patch minimal.scene: +0 >0 ~5 -0
[14:05:23] [in-live] minimal.scene: 5 изменений в живой сцене
[14:05:23] [in-live] minimal.scene: 5 изменений в живой сцене
[14:05:23] [out] patch minimal.scene: +0 >0 ~5 -0
[14:05:23] [in-live] minimal.scene: 5 изменений в живой сцене
[14:05:23] [out] patch minimal.scene: +0 >0 ~5 -0
[14:05:23] [in-live] minimal.scene: 5 изменений в живой сцене
[14:05:23] [out] patch minimal.scene: +0 >0 ~5 -0
[14:05:23] [out] patch minimal.scene: +0 >0 ~5 -0
[14:05:23] [in-live] minimal.scene: 5 изменений в живой сцене
[14:05:24] [in-live] minimal.scene: 5 изменений в живой сцене
[14:05:24] [out] patch minimal.scene: +0 >0 ~5 -0
[14:05:24] [out] patch minimal.scene: +0 >0 ~5 -0
[14:05:24] [delta] тик 4200, tracked: 1, files seen: 1
[14:05:27] [delta] тик 4500, tracked: 1, files seen: 1
[14:05:28] [in-live] minimal.scene: 5 изменений в живой сцене
[14:05:28] [in-live] minimal.scene: 5 изменений в живой сцене
[14:05:28] [out] patch minimal.scene: +0 >0 ~5 -0
[14:05:28] [out] patch minimal.scene: +0 >0 ~5 -0
[14:05:30] [delta] тик 4800, tracked: 1, files seen: 1
[14:05:32] [in-live] minimal.scene: 5 изменений в живой сцене
[14:05:32] [in-live] minimal.scene: 5 изменений в живой сцене
[14:05:32] [out] patch minimal.scene: +0 >0 ~5 -0
[14:05:32] [out] patch minimal.scene: +0 >0 ~5 -0
[14:05:33] [in-live] minimal.scene: 5 изменений в живой сцене
[14:05:33] [in-live] minimal.scene: 5 изменений в живой сцене
[14:05:33] [out] patch minimal.scene: +0 >0 ~5 -0
[14:05:33] [out] patch minimal.scene: +0 >0 ~5 -0
[14:05:33] [in-live] minimal.scene: 5 изменений в живой сцене
[14:05:34] [in-live] minimal.scene: 5 изменений в живой сцене
[14:05:34] [out] patch minimal.scene: +0 >0 ~5 -0
[14:05:34] [delta] тик 5100, tracked: 1, files seen: 1
[14:05:34] [in-live] minimal.scene: 5 изменений в живой сцене
[14:05:34] [out] patch minimal.scene: +0 >0 ~5 -0
[14:05:34] [in-live] minimal.scene: 5 изменений в живой сцене
[14:05:34] [out] patch minimal.scene: +0 >0 ~5 -0
[14:05:34] [out] patch minimal.scene: +0 >0 ~5 -0
[14:05:34] [in-live] minimal.scene: 5 изменений в живой сцене
[14:05:35] [out] patch minimal.scene: +0 >0 ~5 -0
[14:05:35] [in-live] minimal.scene: 5 изменений в живой сцене
[14:05:35] [out] patch minimal.scene: +0 >0 ~5 -0
[14:05:35] [in-live] minimal.scene: 5 изменений в живой сцене
[14:05:35] [in-live] minimal.scene: 5 изменений в живой сцене
[14:05:35] [out] patch minimal.scene: +0 >0 ~5 -0
[14:05:35] [out] patch minimal.scene: +0 >0 ~5 -0
[14:05:35] [in-live] minimal.scene: 5 изменений в живой сцене
[14:05:35] [in-live] minimal.scene: 5 изменений в живой сцене
[14:05:35] [out] patch minimal.scene: +0 >0 ~5 -0
[14:05:36] [out] patch minimal.scene: +0 >0 ~5 -0
[14:05:36] [in-live] minimal.scene: 5 изменений в живой сцене
[14:05:36] [out] patch minimal.scene: +0 >0 ~5 -0
[14:05:36] [in-live] minimal.scene: 5 изменений в живой сцене
[14:05:36] [in-live] minimal.scene: 5 изменений в живой сцене
[14:05:36] [out] patch minimal.scene: +0 >0 ~5 -0
[14:05:36] [out] patch minimal.scene: +0 >0 ~5 -0
[14:05:36] [in-live] minimal.scene: 5 изменений в живой сцене
[14:05:36] [in-live] minimal.scene: 5 изменений в живой сцене
[14:05:36] [out] patch minimal.scene: +0 >0 ~5 -0
[14:05:36] [out] patch minimal.scene: +0 >0 ~5 -0
[14:05:37] [in-live] minimal.scene: 5 изменений в живой сцене
[14:05:37] [in-live] minimal.scene: 5 изменений в живой сцене
[14:05:37] [out] patch minimal.scene: +0 >0 ~5 -0
[14:05:37] [out] patch minimal.scene: +0 >0 ~5 -0
[14:05:37] [in-live] minimal.scene: 5 изменений в живой сцене
[14:05:37] [in-live] minimal.scene: 5 изменений в живой сцене
[14:05:37] [out] patch minimal.scene: +0 >0 ~5 -0
[14:05:37] [in-live] minimal.scene: 5 изменений в живой сцене
[14:05:37] [out] patch minimal.scene: +0 >0 ~5 -0
[14:05:37] [out] patch minimal.scene: +0 >0 ~5 -0
[14:05:38] [in-live] minimal.scene: 5 изменений в живой сцене
[14:05:38] [in-live] minimal.scene: 5 изменений в живой сцене
[14:05:38] [out] patch minimal.scene: +0 >0 ~5 -0
[14:05:38] [out] patch minimal.scene: +0 >0 ~5 -0
[14:05:38] [in-live] minimal.scene: 5 изменений в живой сцене
[14:05:38] [in-live] minimal.scene: 5 изменений в живой сцене
[14:05:38] [out] patch minimal.scene: +0 >0 ~5 -0
[14:05:38] [delta] тик 5400, tracked: 1, files seen: 1
[14:05:39] [in-live] minimal.scene: 5 изменений в живой сцене
[14:05:39] [out] patch minimal.scene: +0 >0 ~5 -0
[14:05:39] [in-live] minimal.scene: 5 изменений в живой сцене
[14:05:39] [out] patch minimal.scene: +0 >0 ~5 -0
[14:05:39] [out] patch minimal.scene: +0 >0 ~5 -0
[14:05:39] [in-live] minimal.scene: 5 изменений в живой сцене
[14:05:39] [in-live] minimal.scene: 5 изменений в живой сцене
[14:05:39] [out] patch minimal.scene: +0 >0 ~5 -0
[14:05:39] [out] patch minimal.scene: +0 >0 ~5 -0
[14:05:39] [in-live] minimal.scene: 5 изменений в живой сцене
[14:05:39] [out] patch minimal.scene: +0 >0 ~5 -0
[14:05:40] [in-live] minimal.scene: 5 изменений в живой сцене
[14:05:40] [out] patch minimal.scene: +0 >0 ~5 -0
[14:05:40] [in-live] minimal.scene: 5 изменений в живой сцене
[14:05:40] [in-live] minimal.scene: 5 изменений в живой сцене
[14:05:40] [out] patch minimal.scene: +0 >0 ~5 -0
[14:05:40] [out] patch minimal.scene: +0 >0 ~5 -0
[14:05:40] [in-live] minimal.scene: 5 изменений в живой сцене
[14:05:40] [in-live] minimal.scene: 5 изменений в живой сцене
[14:05:40] [out] patch minimal.scene: +0 >0 ~5 -0
[14:05:41] [out] patch minimal.scene: +0 >0 ~5 -0
[14:05:41] [in-live] minimal.scene: 5 изменений в живой сцене
[14:05:41] [out] patch minimal.scene: +0 >0 ~5 -0
[14:05:41] [in-live] minimal.scene: 5 изменений в живой сцене
[14:05:41] [in-live] minimal.scene: 5 изменений в живой сцене
[14:05:41] [out] patch minimal.scene: +0 >0 ~5 -0
[14:05:41] [out] patch minimal.scene: +0 >0 ~5 -0
[14:05:41] [in-live] minimal.scene: 5 изменений в живой сцене
[14:05:42] [in-live] minimal.scene: 5 изменений в живой сцене
[14:05:42] [out] patch minimal.scene: +0 >0 ~5 -0
[14:05:42] [out] patch minimal.scene: +0 >0 ~5 -0
[14:05:42] [in-live] minimal.scene: 5 изменений в живой сцене
[14:05:42] [out] patch minimal.scene: +0 >0 ~5 -0
[14:05:42] [in-live] minimal.scene: 5 изменений в живой сцене
[14:05:42] [in-live] minimal.scene: 5 изменений в живой сцене
[14:05:42] [out] patch minimal.scene: +0 >0 ~5 -0
[14:05:42] [out] patch minimal.scene: +0 >0 ~5 -0
[14:05:42] [in-live] minimal.scene: 5 изменений в живой сцене
[14:05:43] [in-live] minimal.scene: 5 изменений в живой сцене
[14:05:43] [out] patch minimal.scene: +0 >0 ~5 -0
[14:05:43] [delta] тик 5700, tracked: 1, files seen: 1
[14:05:43] [in-live] minimal.scene: 5 изменений в живой сцене
[14:05:43] [out] patch minimal.scene: +0 >0 ~5 -0
[14:05:43] [out] patch minimal.scene: +0 >0 ~5 -0
[14:05:43] [in-live] minimal.scene: 5 изменений в живой сцене
[14:05:43] [out] patch minimal.scene: +0 >0 ~5 -0
[14:05:43] [in-live] minimal.scene: 5 изменений в живой сцене
[14:05:44] [out] patch minimal.scene: +0 >0 ~5 -0
[14:05:44] [in-live] minimal.scene: 5 изменений в живой сцене
[14:05:44] [in-live] minimal.scene: 5 изменений в живой сцене
[14:05:44] [out] patch minimal.scene: +0 >0 ~5 -0
[14:05:44] [in-live] minimal.scene: 5 изменений в живой сцене
[14:05:44] [out] patch minimal.scene: +0 >0 ~5 -0
[14:05:44] [out] patch minimal.scene: +0 >0 ~5 -0
[14:05:44] [in-live] minimal.scene: 5 изменений в живой сцене
[14:05:44] [in-live] minimal.scene: 5 изменений в живой сцене
[14:05:45] [out] patch minimal.scene: +0 >0 ~5 -0
[14:05:45] [out] patch minimal.scene: +0 >0 ~5 -0
[14:05:45] [in-live] minimal.scene: 5 изменений в живой сцене
[14:05:45] [out] patch minimal.scene: +0 >0 ~5 -0
[14:05:45] [in-live] minimal.scene: 5 изменений в живой сцене
[14:05:45] [in-live] minimal.scene: 5 изменений в живой сцене
[14:05:45] [out] patch minimal.scene: +0 >0 ~5 -0
[14:05:45] [out] patch minimal.scene: +0 >0 ~5 -0
[14:05:45] [in-live] minimal.scene: 5 изменений в живой сцене
[14:05:46] [out] patch minimal.scene: +0 >0 ~5 -0
[14:05:46] [in-live] minimal.scene: 5 изменений в живой сцене
[14:05:46] [in-live] minimal.scene: 5 изменений в живой сцене
[14:05:46] [out] patch minimal.scene: +0 >0 ~5 -0
[14:05:46] [in-live] minimal.scene: 5 изменений в живой сцене
[14:05:46] [out] patch minimal.scene: +0 >0 ~5 -0
[14:05:46] [out] patch minimal.scene: +0 >0 ~5 -0
[14:05:47] [in-live] minimal.scene: 5 изменений в живой сцене
[14:05:47] [in-live] minimal.scene: 5 изменений в живой сцене
[14:05:47] [out] patch minimal.scene: +0 >0 ~5 -0
[14:05:47] [out] patch minimal.scene: +0 >0 ~5 -0
[14:05:47] [in-live] minimal.scene: 5 изменений в живой сцене
[14:05:47] [delta] тик 6000, tracked: 1, files seen: 1
[14:05:47] [in-live] minimal.scene: 5 изменений в живой сцене
[14:05:47] [out] patch minimal.scene: +0 >0 ~5 -0
[14:05:48] [in-live] minimal.scene: 5 изменений в живой сцене
[14:05:48] [out] patch minimal.scene: +0 >0 ~5 -0
[14:05:48] [in-live] minimal.scene: 5 изменений в живой сцене
[14:05:48] [out] patch minimal.scene: +0 >0 ~5 -0
[14:05:48] [in-live] minimal.scene: 5 изменений в живой сцене
[14:05:48] [out] patch minimal.scene: +0 >0 ~5 -0
[14:05:48] [out] patch minimal.scene: +0 >0 ~5 -0
[14:05:48] [in-live] minimal.scene: 5 изменений в живой сцене
[14:05:48] [in-live] minimal.scene: 5 изменений в живой сцене
[14:05:49] [out] patch minimal.scene: +0 >0 ~5 -0
[14:05:49] [out] patch minimal.scene: +0 >0 ~5 -0
[14:05:49] [in-live] minimal.scene: 5 изменений в живой сцене
[14:05:49] [in-live] minimal.scene: 5 изменений в живой сцене
[14:05:49] [out] patch minimal.scene: +0 >0 ~5 -0
[14:05:49] [out] patch minimal.scene: +0 >0 ~5 -0
[14:05:49] [in-live] minimal.scene: 5 изменений в живой сцене
[14:05:49] [in-live] minimal.scene: 5 изменений в живой сцене
[14:05:49] [out] patch minimal.scene: +0 >0 ~5 -0
[14:05:50] [out] patch minimal.scene: +0 >0 ~5 -0
[14:05:50] [in-live] minimal.scene: 5 изменений в живой сцене
[14:05:50] [in-live] minimal.scene: 5 изменений в живой сцене
[14:05:50] [out] patch minimal.scene: +0 >0 ~5 -0
[14:05:50] [out] patch minimal.scene: +0 >0 ~5 -0
[14:05:50] [in-live] minimal.scene: 5 изменений в живой сцене
[14:05:50] [in-live] minimal.scene: 5 изменений в живой сцене
[14:05:50] [out] patch minimal.scene: +0 >0 ~5 -0
[14:05:51] [out] patch minimal.scene: +0 >0 ~5 -0
[14:05:51] [in-live] minimal.scene: 5 изменений в живой сцене
[14:05:51] [in-live] minimal.scene: 5 изменений в живой сцене
[14:05:51] [out] patch minimal.scene: +0 >0 ~5 -0
[14:05:51] [out] patch minimal.scene: +0 >0 ~5 -0
[14:05:51] [in-live] minimal.scene: 5 изменений в живой сцене
[14:05:51] [in-live] minimal.scene: 5 изменений в живой сцене
[14:05:51] [out] patch minimal.scene: +0 >0 ~5 -0
[14:05:51] [delta] тик 6300, tracked: 1, files seen: 1
[14:05:51] [out] patch minimal.scene: +0 >0 ~5 -0
[14:05:52] [in-live] minimal.scene: 5 изменений в живой сцене
[14:05:52] [in-live] minimal.scene: 5 изменений в живой сцене
[14:05:52] [out] patch minimal.scene: +0 >0 ~5 -0
[14:05:52] [out] patch minimal.scene: +0 >0 ~5 -0
[14:05:52] [in-live] minimal.scene: 5 изменений в живой сцене
[14:05:52] [out] patch minimal.scene: +0 >0 ~5 -0
[14:05:53] [in-live] minimal.scene: 5 изменений в живой сцене
[14:05:53] [out] patch minimal.scene: +0 >0 ~5 -0
[14:05:53] [in-live] minimal.scene: 5 изменений в живой сцене
[14:05:53] [in-live] minimal.scene: 5 изменений в живой сцене
[14:05:53] [out] patch minimal.scene: +0 >0 ~5 -0
[14:05:53] [out] patch minimal.scene: +0 >0 ~5 -0
[14:05:53] [in-live] minimal.scene: 5 изменений в живой сцене
[14:05:54] [in-live] minimal.scene: 5 изменений в живой сцене
[14:05:54] [out] patch minimal.scene: +0 >0 ~5 -0
[14:05:54] [out] patch minimal.scene: +0 >0 ~5 -0
[14:05:54] [in-live] minimal.scene: 5 изменений в живой сцене
[14:05:54] [in-live] minimal.scene: 5 изменений в живой сцене
[14:05:54] [out] patch minimal.scene: +0 >0 ~5 -0
[14:05:54] [out] patch minimal.scene: +0 >0 ~5 -0
[14:05:55] [in-live] minimal.scene: 5 изменений в живой сцене
[14:05:55] [in-live] minimal.scene: 5 изменений в живой сцене
[14:05:55] [out] patch minimal.scene: +0 >0 ~5 -0
[14:05:55] [in-live] minimal.scene: 5 изменений в живой сцене
[14:05:55] [out] patch minimal.scene: +0 >0 ~5 -0
[14:05:55] [out] patch minimal.scene: +0 >0 ~5 -0
[14:05:55] [in-live] minimal.scene: 5 изменений в живой сцене
[14:05:55] [in-live] minimal.scene: 5 изменений в живой сцене
[14:05:56] [out] patch minimal.scene: +0 >0 ~5 -0
[14:05:56] [delta] тик 6600, tracked: 1, files seen: 1
[14:05:56] [out] patch minimal.scene: +0 >0 ~5 -0
[14:05:56] [in-live] minimal.scene: 5 изменений в живой сцене
[14:05:56] [in-live] minimal.scene: 5 изменений в живой сцене
[14:05:56] [out] patch minimal.scene: +0 >0 ~5 -0
[14:05:56] [out] patch minimal.scene: +0 >0 ~5 -0
[14:05:56] [in-live] minimal.scene: 5 изменений в живой сцене
[14:05:57] [in-live] minimal.scene: 5 изменений в живой сцене
[14:05:57] [out] patch minimal.scene: +0 >0 ~5 -0
[14:05:57] [out] patch minimal.scene: +0 >0 ~5 -0
[14:05:57] [in-live] minimal.scene: 5 изменений в живой сцене
[14:05:57] [out] patch minimal.scene: +0 >0 ~5 -0
[14:05:57] [in-live] minimal.scene: 5 изменений в живой сцене
[14:05:57] [in-live] minimal.scene: 5 изменений в живой сцене
[14:05:57] [out] patch minimal.scene: +0 >0 ~5 -0
[14:05:57] [out] patch minimal.scene: +0 >0 ~5 -0
[14:05:58] [in-live] minimal.scene: 5 изменений в живой сцене
[14:05:58] [in-live] minimal.scene: 5 изменений в живой сцене
[14:05:58] [out] patch minimal.scene: +0 >0 ~5 -0
[14:05:58] [out] patch minimal.scene: +0 >0 ~5 -0
[14:05:58] [in-live] minimal.scene: 5 изменений в живой сцене
[14:05:58] [in-live] minimal.scene: 5 изменений в живой сцене
[14:05:58] [out] patch minimal.scene: +0 >0 ~5 -0
[14:05:59] [out] patch minimal.scene: +0 >0 ~5 -0
[14:05:59] [in-live] minimal.scene: 5 изменений в живой сцене
[14:05:59] [out] patch minimal.scene: +0 >0 ~5 -0
[14:05:59] [in-live] minimal.scene: 5 изменений в живой сцене
[14:05:59] [out] patch minimal.scene: +0 >0 ~5 -0
[14:05:59] [in-live] minimal.scene: 5 изменений в живой сцене
[14:06:00] [in-live] minimal.scene: 5 изменений в живой сцене
[14:06:00] [out] patch minimal.scene: +0 >0 ~5 -0
[14:06:00] [out] patch minimal.scene: +0 >0 ~5 -0
[14:06:00] [delta] тик 6900, tracked: 1, files seen: 1
[14:06:00] [in-live] minimal.scene: 5 изменений в живой сцене
[14:06:00] [in-live] minimal.scene: 5 изменений в живой сцене
[14:06:00] [out] patch minimal.scene: +0 >0 ~5 -0
[14:06:00] [out] patch minimal.scene: +0 >0 ~5 -0
[14:06:10] [in-live] minimal.scene: 5 изменений в живой сцене
[14:06:10] [in-live] minimal.scene: 5 изменений в живой сцене
[14:06:10] [live] MainThread.Queue не отвечает (UI-поток занят?)
[14:06:10] [delta] тик 7200, tracked: 1, files seen: 1
[14:06:10] [delta] тик 7500, tracked: 1, files seen: 1
[14:06:10] [delta] тик 7800, tracked: 1, files seen: 1
[14:06:10] [out] patch minimal.scene: +0 >0 ~5 -0
[14:06:10] [out] patch minimal.scene: +0 >0 ~5 -0
[14:06:13] [delta] тик 8100, tracked: 1, files seen: 1
[14:06:16] [delta] тик 8400, tracked: 1, files seen: 1
[14:06:19] [in-live] minimal.scene: 5 изменений в живой сцене
[14:06:19] [in-live] minimal.scene: 5 изменений в живой сцене
[14:06:20] [out] patch minimal.scene: +0 >0 ~5 -0
[14:06:20] [out] patch minimal.scene: +0 >0 ~5 -0
[14:06:20] [delta] тик 8700, tracked: 1, files seen: 1
[14:06:20] [in-live] minimal.scene: 5 изменений в живой сцене
[14:06:20] [in-live] minimal.scene: 5 изменений в живой сцене
[14:06:20] [out] patch minimal.scene: +0 >0 ~5 -0
[14:06:20] [out] patch minimal.scene: +0 >0 ~5 -0
[14:06:21] [in-live] minimal.scene: 5 изменений в живой сцене
[14:06:21] [in-live] minimal.scene: 5 изменений в живой сцене
[14:06:21] [out] patch minimal.scene: +0 >0 ~5 -0
[14:06:21] [in-live] minimal.scene: 5 изменений в живой сцене
[14:06:22] [out] patch minimal.scene: +0 >0 ~5 -0
[14:06:22] [out] patch minimal.scene: +0 >0 ~5 -0
[14:06:22] [in-live] minimal.scene: 5 изменений в живой сцене
[14:06:22] [in-live] minimal.scene: 5 изменений в живой сцене
[14:06:22] [out] patch minimal.scene: +0 >0 ~5 -0
[14:06:23] [in-live] minimal.scene: 5 изменений в живой сцене
[14:06:23] [out] patch minimal.scene: +0 >0 ~5 -0
[14:06:23] [in-live] minimal.scene: 5 изменений в живой сцене
[14:06:23] [out] patch minimal.scene: +0 >0 ~5 -0
[14:06:23] [in-live] minimal.scene: 5 изменений в живой сцене
[14:06:23] [out] patch minimal.scene: +0 >0 ~5 -0
[14:06:24] [out] patch minimal.scene: +0 >0 ~5 -0
[14:06:24] [in-live] minimal.scene: 5 изменений в живой сцене
[14:06:24] [in-live] minimal.scene: 5 изменений в живой сцене
[14:06:24] [delta] тик 9000, tracked: 1, files seen: 1
[14:06:24] [out] patch minimal.scene: +0 >0 ~5 -0
[14:06:24] [out] patch minimal.scene: +0 >0 ~5 -0
[14:06:24] [in-live] minimal.scene: 5 изменений в живой сцене
[14:06:25] [in-live] minimal.scene: 5 изменений в живой сцене
[14:06:25] [out] patch minimal.scene: +0 >0 ~5 -0
[14:06:25] [in-live] minimal.scene: 5 изменений в живой сцене
[14:06:25] [out] patch minimal.scene: +0 >0 ~5 -0
[14:06:25] [in-live] minimal.scene: 5 изменений в живой сцене
[14:06:26] [out] patch minimal.scene: +0 >0 ~5 -0
[14:06:26] [out] patch minimal.scene: +0 >0 ~5 -0
[14:06:26] [in-live] minimal.scene: 5 изменений в живой сцене
[14:06:26] [out] patch minimal.scene: +0 >0 ~5 -0
[14:06:26] [in-live] minimal.scene: 5 изменений в живой сцене
[14:06:27] [in-live] minimal.scene: 5 изменений в живой сцене
[14:06:27] [out] patch minimal.scene: +0 >0 ~5 -0
[14:06:27] [out] patch minimal.scene: +0 >0 ~5 -0
[14:06:27] [in-live] minimal.scene: 5 изменений в живой сцене
[14:06:27] [in-live] minimal.scene: 5 изменений в живой сцене
[14:06:27] [out] patch minimal.scene: +0 >0 ~5 -0
[14:06:28] [out] patch minimal.scene: +0 >0 ~5 -0
[14:06:28] [in-live] minimal.scene: 5 изменений в живой сцене
[14:06:28] [in-live] minimal.scene: 5 изменений в живой сцене
[14:06:28] [out] patch minimal.scene: +0 >0 ~5 -0
[14:06:28] [out] patch minimal.scene: +0 >0 ~5 -0
[14:06:28] [delta] тик 9300, tracked: 1, files seen: 1
[14:06:28] [in-live] minimal.scene: 5 изменений в живой сцене
[14:06:29] [in-live] minimal.scene: 5 изменений в живой сцене
[14:06:29] [out] patch minimal.scene: +0 >0 ~5 -0
[14:06:29] [out] patch minimal.scene: +0 >0 ~5 -0
[14:06:29] [in-live] minimal.scene: 5 изменений в живой сцене
[14:06:29] [in-live] minimal.scene: 5 изменений в живой сцене
[14:06:30] [out] patch minimal.scene: +0 >0 ~5 -0
[14:06:30] [out] patch minimal.scene: +0 >0 ~5 -0
[14:06:30] [in-live] minimal.scene: 5 изменений в живой сцене
[14:06:30] [in-live] minimal.scene: 5 изменений в живой сцене
[14:06:30] [out] patch minimal.scene: +0 >0 ~5 -0
[14:06:31] [in-live] minimal.scene: 5 изменений в живой сцене
[14:06:31] [out] patch minimal.scene: +0 >0 ~5 -0
[14:06:31] [in-live] minimal.scene: 5 изменений в живой сцене
[14:06:31] [out] patch minimal.scene: +0 >0 ~5 -0
[14:06:31] [in-live] minimal.scene: 5 изменений в живой сцене
[14:06:32] [out] patch minimal.scene: +0 >0 ~5 -0
[14:06:32] [in-live] minimal.scene: 5 изменений в живой сцене
[14:06:32] [out] patch minimal.scene: +0 >0 ~5 -0
[14:06:32] [in-live] minimal.scene: 5 изменений в живой сцене
[14:06:32] [out] patch minimal.scene: +0 >0 ~5 -0
[14:06:32] [in-live] minimal.scene: 5 изменений в живой сцене
[14:06:32] [out] patch minimal.scene: +0 >0 ~5 -0
[14:06:33] [out] patch minimal.scene: +0 >0 ~5 -0
[14:06:33] [delta] тик 9600, tracked: 1, files seen: 1
[14:06:33] [in-live] minimal.scene: 5 изменений в живой сцене
[14:06:33] [in-live] minimal.scene: 5 изменений в живой сцене
[14:06:33] [out] patch minimal.scene: +0 >0 ~5 -0
[14:06:34] [out] patch minimal.scene: +0 >0 ~5 -0
[14:06:34] [in-live] minimal.scene: 5 изменений в живой сцене
[14:06:34] [in-live] minimal.scene: 5 изменений в живой сцене
[14:06:34] [out] patch minimal.scene: +0 >0 ~5 -0
[14:06:34] [out] patch minimal.scene: +0 >0 ~5 -0
[14:06:35] [in-live] minimal.scene: 5 изменений в живой сцене
[14:06:35] [in-live] minimal.scene: 5 изменений в живой сцене
[14:06:35] [out] patch minimal.scene: +0 >0 ~5 -0
[14:06:35] [out] patch minimal.scene: +0 >0 ~5 -0
[14:06:35] [in-live] minimal.scene: 5 изменений в живой сцене
[14:06:36] [in-live] minimal.scene: 5 изменений в живой сцене
[14:06:36] [out] patch minimal.scene: +0 >0 ~5 -0
[14:06:36] [out] patch minimal.scene: +0 >0 ~5 -0
[14:06:36] [in-live] minimal.scene: 5 изменений в живой сцене
[14:06:36] [in-live] minimal.scene: 5 изменений в живой сцене
[14:06:36] [out] patch minimal.scene: +0 >0 ~5 -0
[14:06:37] [out] patch minimal.scene: +0 >0 ~5 -0
[14:06:37] [in-live] minimal.scene: 5 изменений в живой сцене
[14:06:37] [delta] тик 9900, tracked: 1, files seen: 1
[14:06:37] [in-live] minimal.scene: 5 изменений в живой сцене
[14:06:38] [out] patch minimal.scene: +0 >0 ~5 -0
[14:06:38] [in-live] minimal.scene: 5 изменений в живой сцене
[14:06:38] [out] patch minimal.scene: +0 >0 ~5 -0
[14:06:38] [in-live] minimal.scene: 5 изменений в живой сцене
[14:06:38] [out] patch minimal.scene: +0 >0 ~5 -0
[14:06:38] [in-live] minimal.scene: 5 изменений в живой сцене
[14:06:39] [out] patch minimal.scene: +0 >0 ~5 -0
[14:06:39] [out] patch minimal.scene: +0 >0 ~5 -0
[14:06:39] [in-live] minimal.scene: 5 изменений в живой сцене
[14:06:39] [in-live] minimal.scene: 5 изменений в живой сцене
[14:06:39] [out] patch minimal.scene: +0 >0 ~5 -0
[14:06:40] [in-live] minimal.scene: 5 изменений в живой сцене
[14:06:40] [out] patch minimal.scene: +0 >0 ~5 -0
[14:06:40] [in-live] minimal.scene: 5 изменений в живой сцене
[14:06:40] [out] patch minimal.scene: +0 >0 ~5 -0
[14:06:40] [in-live] minimal.scene: 5 изменений в живой сцене
[14:06:40] [out] patch minimal.scene: +0 >0 ~5 -0
[14:06:41] [in-live] minimal.scene: 5 изменений в живой сцене
[14:06:41] [out] patch minimal.scene: +0 >0 ~5 -0
[14:06:41] [out] patch minimal.scene: +0 >0 ~5 -0
[14:06:41] [in-live] minimal.scene: 5 изменений в живой сцене
[14:06:41] [in-live] minimal.scene: 5 изменений в живой сцене
[14:06:42] [delta] тик 10200, tracked: 1, files seen: 1
[14:06:42] [out] patch minimal.scene: +0 >0 ~5 -0
[14:06:42] [out] patch minimal.scene: +0 >0 ~5 -0
[14:06:42] [in-live] minimal.scene: 5 изменений в живой сцене
[14:06:42] [in-live] minimal.scene: 5 изменений в живой сцене
[14:06:42] [out] patch minimal.scene: +0 >0 ~5 -0
[14:06:43] [out] patch minimal.scene: +0 >0 ~5 -0
[14:06:43] [in-live] minimal.scene: 5 изменений в живой сцене
[14:06:43] [in-live] minimal.scene: 5 изменений в живой сцене
[14:06:43] [out] patch minimal.scene: +0 >0 ~5 -0
[14:06:43] [out] patch minimal.scene: +0 >0 ~5 -0
[14:06:44] [in-live] minimal.scene: 5 изменений в живой сцене
[14:06:44] [in-live] minimal.scene: 5 изменений в живой сцене
[14:06:44] [out] patch minimal.scene: +0 >0 ~5 -0
[14:06:44] [out] patch minimal.scene: +0 >0 ~5 -0
[14:06:45] [delta] тик 10500, tracked: 1, files seen: 1
[14:06:48] [delta] тик 10800, tracked: 1, files seen: 1
[14:06:52] [delta] тик 11100, tracked: 1, files seen: 1
[14:06:55] [delta] тик 11400, tracked: 1, files seen: 1
[14:06:56] [in-live] minimal.scene: 5 изменений в живой сцене
[14:06:57] [out] patch minimal.scene: +0 >0 ~5 -0
[14:06:57] [in-live] minimal.scene: 5 изменений в живой сцене
[14:06:57] [out] patch minimal.scene: +0 >0 ~5 -0
[14:06:58] [in-live] minimal.scene: 5 изменений в живой сцене
[14:06:58] [in-live] minimal.scene: 5 изменений в живой сцене
[14:06:58] [out] patch minimal.scene: +0 >0 ~5 -0
[14:06:58] [out] patch minimal.scene: +0 >0 ~5 -0
[14:06:59] [in-live] minimal.scene: 5 изменений в живой сцене
[14:06:59] [in-live] minimal.scene: 5 изменений в живой сцене
[14:06:59] [out] patch minimal.scene: +0 >0 ~5 -0
[14:06:59] [out] patch minimal.scene: +0 >0 ~5 -0
[14:06:59] [delta] тик 11700, tracked: 1, files seen: 1
[14:06:59] [in-live] minimal.scene: 5 изменений в живой сцене
[14:07:00] [in-live] minimal.scene: 5 изменений в живой сцене
[14:07:00] [out] patch minimal.scene: +0 >0 ~5 -0
[14:07:00] [in-live] minimal.scene: 5 изменений в живой сцене
[14:07:00] [out] patch minimal.scene: +0 >0 ~5 -0
[14:07:01] [out] patch minimal.scene: +0 >0 ~5 -0
[14:07:01] [in-live] minimal.scene: 5 изменений в живой сцене
[14:07:01] [in-live] minimal.scene: 5 изменений в живой сцене
[14:07:01] [out] patch minimal.scene: +0 >0 ~5 -0
[14:07:02] [in-live] minimal.scene: 5 изменений в живой сцене
[14:07:02] [out] patch minimal.scene: +0 >0 ~5 -0
[14:07:02] [in-live] minimal.scene: 5 изменений в живой сцене
[14:07:02] [out] patch minimal.scene: +0 >0 ~5 -0
[14:07:02] [out] patch minimal.scene: +0 >0 ~5 -0
[14:07:03] [in-live] minimal.scene: 5 изменений в живой сцене
[14:07:03] [in-live] minimal.scene: 5 изменений в живой сцене
[14:07:03] [out] patch minimal.scene: +0 >0 ~5 -0
[14:07:03] [out] patch minimal.scene: +0 >0 ~5 -0
[14:07:03] [in-live] minimal.scene: 5 изменений в живой сцене
[14:07:04] [delta] тик 12000, tracked: 1, files seen: 1
[14:07:04] [in-live] minimal.scene: 5 изменений в живой сцене
[14:07:04] [out] patch minimal.scene: +0 >0 ~5 -0
[14:07:04] [out] patch minimal.scene: +0 >0 ~5 -0
[14:07:04] [in-live] minimal.scene: 5 изменений в живой сцене
[14:07:05] [in-live] minimal.scene: 5 изменений в живой сцене
[14:07:05] [out] patch minimal.scene: +0 >0 ~5 -0
[14:07:05] [out] patch minimal.scene: +0 >0 ~5 -0
[14:07:05] [in-live] minimal.scene: 5 изменений в живой сцене
[14:07:05] [in-live] minimal.scene: 5 изменений в живой сцене
[14:07:06] [out] patch minimal.scene: +0 >0 ~5 -0
[14:07:06] [out] patch minimal.scene: +0 >0 ~5 -0
[14:07:06] [in-live] minimal.scene: 5 изменений в живой сцене
[14:07:06] [in-live] minimal.scene: 5 изменений в живой сцене
[14:07:07] [out] patch minimal.scene: +0 >0 ~5 -0
[14:07:07] [in-live] minimal.scene: 5 изменений в живой сцене
[14:07:07] [out] patch minimal.scene: +0 >0 ~5 -0
[14:07:07] [in-live] minimal.scene: 5 изменений в живой сцене
[14:07:07] [out] patch minimal.scene: +0 >0 ~5 -0
[14:07:08] [out] patch minimal.scene: +0 >0 ~5 -0
[14:07:08] [in-live] minimal.scene: 5 изменений в живой сцене
[14:07:08] [delta] тик 12300, tracked: 1, files seen: 1
[14:07:08] [in-live] minimal.scene: 5 изменений в живой сцене
[14:07:08] [out] patch minimal.scene: +0 >0 ~5 -0
[14:07:08] [out] patch minimal.scene: +0 >0 ~5 -0
[14:07:08] [in-live] minimal.scene: 5 изменений в живой сцене
[14:07:09] [in-live] minimal.scene: 5 изменений в живой сцене
[14:07:09] [out] patch minimal.scene: +0 >0 ~5 -0
[14:07:10] [in-live] minimal.scene: 5 изменений в живой сцене
[14:07:10] [out] patch minimal.scene: +0 >0 ~5 -0
[14:07:10] [in-live] minimal.scene: 5 изменений в живой сцене
[14:07:10] [out] patch minimal.scene: +0 >0 ~5 -0
[14:07:11] [in-live] minimal.scene: 5 изменений в живой сцене
[14:07:11] [out] patch minimal.scene: +0 >0 ~5 -0
[14:07:11] [in-live] minimal.scene: 5 изменений в живой сцене
[14:07:11] [out] patch minimal.scene: +0 >0 ~5 -0
[14:07:11] [out] patch minimal.scene: +0 >0 ~5 -0
[14:07:11] [in-live] minimal.scene: 5 изменений в живой сцене
[14:07:12] [in-live] minimal.scene: 5 изменений в живой сцене
[14:07:12] [out] patch minimal.scene: +0 >0 ~5 -0
[14:07:13] [in-live] minimal.scene: 5 изменений в живой сцене
[14:07:13] [delta] тик 12600, tracked: 1, files seen: 1
[14:07:13] [out] patch minimal.scene: +0 >0 ~5 -0
[14:07:13] [in-live] minimal.scene: 5 изменений в живой сцене
[14:07:13] [out] patch minimal.scene: +0 >0 ~5 -0
[14:07:14] [in-live] minimal.scene: 5 изменений в живой сцене
[14:07:14] [out] patch minimal.scene: +0 >0 ~5 -0
[14:07:14] [in-live] minimal.scene: 5 изменений в живой сцене
[14:07:14] [out] patch minimal.scene: +0 >0 ~5 -0
[14:07:14] [out] patch minimal.scene: +0 >0 ~5 -0
[14:07:14] [in-live] minimal.scene: 5 изменений в живой сцене
[14:07:15] [in-live] minimal.scene: 5 изменений в живой сцене
[14:07:15] [out] patch minimal.scene: +0 >0 ~5 -0
[14:07:15] [in-live] minimal.scene: 5 изменений в живой сцене
[14:07:16] [out] patch minimal.scene: +0 >0 ~5 -0
[14:07:16] [in-live] minimal.scene: 5 изменений в живой сцене
[14:07:16] [out] patch minimal.scene: +0 >0 ~5 -0
[14:07:16] [out] patch minimal.scene: +0 >0 ~5 -0
[14:07:16] [in-live] minimal.scene: 5 изменений в живой сцене
[14:07:17] [in-live] minimal.scene: 5 изменений в живой сцене
[14:07:17] [out] patch minimal.scene: +0 >0 ~5 -0
[14:07:17] [delta] тик 12900, tracked: 1, files seen: 1
[14:07:17] [in-live] minimal.scene: 5 изменений в живой сцене
[14:07:17] [out] patch minimal.scene: +0 >0 ~5 -0
[14:07:18] [in-live] minimal.scene: 5 изменений в живой сцене
[14:07:18] [out] patch minimal.scene: +0 >0 ~5 -0
[14:07:18] [in-live] minimal.scene: 5 изменений в живой сцене
[14:07:18] [out] patch minimal.scene: +0 >0 ~5 -0
[14:07:19] [out] patch minimal.scene: +0 >0 ~5 -0
[14:07:19] [in-live] minimal.scene: 5 изменений в живой сцене
[14:07:19] [in-live] minimal.scene: 5 изменений в живой сцене
[14:07:19] [out] patch minimal.scene: +0 >0 ~5 -0
[14:07:20] [in-live] minimal.scene: 5 изменений в живой сцене
[14:07:20] [out] patch minimal.scene: +0 >0 ~5 -0
[14:07:20] [out] patch minimal.scene: +0 >0 ~5 -0
[14:07:20] [in-live] minimal.scene: 5 изменений в живой сцене
[14:07:21] [in-live] minimal.scene: 5 изменений в живой сцене
[14:07:21] [delta] тик 13200, tracked: 1, files seen: 1
[14:07:21] [out] patch minimal.scene: +0 >0 ~5 -0
[14:07:21] [out] patch minimal.scene: +0 >0 ~5 -0
[14:07:21] [in-live] minimal.scene: 5 изменений в живой сцене
[14:07:22] [in-live] minimal.scene: 5 изменений в живой сцене
[14:07:22] [out] patch minimal.scene: +0 >0 ~5 -0
[14:07:22] [out] patch minimal.scene: +0 >0 ~5 -0
[14:07:22] [in-live] minimal.scene: 5 изменений в живой сцене
[14:07:23] [in-live] minimal.scene: 5 изменений в живой сцене
[14:07:23] [out] patch minimal.scene: +0 >0 ~5 -0
[14:07:23] [in-live] minimal.scene: 5 изменений в живой сцене
[14:07:23] [out] patch minimal.scene: +0 >0 ~5 -0
[14:07:24] [out] patch minimal.scene: +0 >0 ~5 -0
[14:07:24] [in-live] minimal.scene: 5 изменений в живой сцене
[14:07:24] [in-live] minimal.scene: 5 изменений в живой сцене
[14:07:24] [out] patch minimal.scene: +0 >0 ~5 -0
[14:07:24] [in-live] minimal.scene: 5 изменений в живой сцене
[14:07:25] [out] patch minimal.scene: +0 >0 ~5 -0
[14:07:25] [out] patch minimal.scene: +0 >0 ~5 -0
[14:07:25] [in-live] minimal.scene: 5 изменений в живой сцене
[14:07:25] [delta] тик 13500, tracked: 1, files seen: 1
[14:07:26] [in-live] minimal.scene: 5 изменений в живой сцене
[14:07:26] [out] patch minimal.scene: +0 >0 ~5 -0
[14:07:26] [in-live] minimal.scene: 5 изменений в живой сцене
[14:07:26] [out] patch minimal.scene: +0 >0 ~5 -0
[14:07:27] [in-live] minimal.scene: 5 изменений в живой сцене
[14:07:27] [out] patch minimal.scene: +0 >0 ~5 -0
[14:07:27] [out] patch minimal.scene: +0 >0 ~5 -0
[14:07:28] [in-live] minimal.scene: 5 изменений в живой сцене
[14:07:28] [in-live] minimal.scene: 5 изменений в живой сцене
[14:07:28] [out] patch minimal.scene: +0 >0 ~5 -0
[14:07:28] [out] patch minimal.scene: +0 >0 ~5 -0
[14:07:28] [in-live] minimal.scene: 5 изменений в живой сцене
[14:07:29] [in-live] minimal.scene: 5 изменений в живой сцене
[14:07:29] [out] patch minimal.scene: +0 >0 ~5 -0
[14:07:29] [in-live] minimal.scene: 5 изменений в живой сцене
[14:07:29] [out] patch minimal.scene: +0 >0 ~5 -0
[14:07:29] [delta] тик 13800, tracked: 1, files seen: 1
[14:07:30] [in-live] minimal.scene: 5 изменений в живой сцене
[14:07:30] [out] patch minimal.scene: +0 >0 ~5 -0
[14:07:30] [in-live] minimal.scene: 5 изменений в живой сцене
[14:07:30] [out] patch minimal.scene: +0 >0 ~5 -0
[14:07:31] [in-live] minimal.scene: 5 изменений в живой сцене
[14:07:31] [out] patch minimal.scene: +0 >0 ~5 -0
[14:07:31] [out] patch minimal.scene: +0 >0 ~5 -0
[14:07:31] [in-live] minimal.scene: 5 изменений в живой сцене
[14:07:31] [in-live] minimal.scene: 5 изменений в живой сцене
[14:07:32] [out] patch minimal.scene: +0 >0 ~5 -0
[14:07:32] [in-live] minimal.scene: 5 изменений в живой сцене
[14:07:32] [out] patch minimal.scene: +0 >0 ~5 -0
[14:07:32] [in-live] minimal.scene: 5 изменений в живой сцене
[14:07:33] [out] patch minimal.scene: +0 >0 ~5 -0
[14:07:33] [out] patch minimal.scene: +0 >0 ~5 -0
[14:07:33] [in-live] minimal.scene: 5 изменений в живой сцене
[14:07:33] [in-live] minimal.scene: 5 изменений в живой сцене
[14:07:33] [out] patch minimal.scene: +0 >0 ~5 -0
[14:07:34] [out] patch minimal.scene: +0 >0 ~5 -0
[14:07:34] [in-live] minimal.scene: 5 изменений в живой сцене
[14:07:34] [delta] тик 14100, tracked: 1, files seen: 1
[14:07:35] [in-live] minimal.scene: 5 изменений в живой сцене
[14:07:35] [out] patch minimal.scene: +0 >0 ~5 -0
[14:07:35] [in-live] minimal.scene: 5 изменений в живой сцене
[14:07:36] [out] patch minimal.scene: +0 >0 ~5 -0
[14:07:36] [out] patch minimal.scene: +0 >0 ~5 -0
[14:07:36] [in-live] minimal.scene: 5 изменений в живой сцене
[14:07:36] [in-live] minimal.scene: 5 изменений в живой сцене
[14:07:37] [out] patch minimal.scene: +0 >0 ~5 -0
[14:07:37] [in-live] minimal.scene: 5 изменений в живой сцене
[14:07:37] [out] patch minimal.scene: +0 >0 ~5 -0
[14:07:37] [out] patch minimal.scene: +0 >0 ~5 -0
[14:07:38] [in-live] minimal.scene: 5 изменений в живой сцене
[14:07:38] [in-live] minimal.scene: 5 изменений в живой сцене
[14:07:38] [out] patch minimal.scene: +0 >0 ~5 -0
[14:07:38] [delta] тик 14400, tracked: 1, files seen: 1
[14:07:38] [out] patch minimal.scene: +0 >0 ~5 -0
[14:07:39] [in-live] minimal.scene: 5 изменений в живой сцене
[14:07:39] [in-live] minimal.scene: 5 изменений в живой сцене
[14:07:39] [out] patch minimal.scene: +0 >0 ~5 -0
[14:07:40] [in-live] minimal.scene: 5 изменений в живой сцене
[14:07:40] [out] patch minimal.scene: +0 >0 ~5 -0
[14:07:40] [in-live] minimal.scene: 5 изменений в живой сцене
[14:07:40] [out] patch minimal.scene: +0 >0 ~5 -0
[14:07:40] [in-live] minimal.scene: 5 изменений в живой сцене
[14:07:40] [out] patch minimal.scene: +0 >0 ~5 -0
[14:07:41] [in-live] minimal.scene: 5 изменений в живой сцене
[14:07:41] [out] patch minimal.scene: +0 >0 ~5 -0
[14:07:42] [in-live] minimal.scene: 5 изменений в живой сцене
[14:07:42] [out] patch minimal.scene: +0 >0 ~5 -0
[14:07:42] [out] patch minimal.scene: +0 >0 ~5 -0
[14:07:42] [delta] тик 14700, tracked: 1, files seen: 1
