[14:54:44] Team Create init (log: A:\s&box projects\test\test\Libraries\teamcreate\logs\tc-20260905-145444.log)
[14:55:25] Connect 127.0.0.1:4877...
[14:55:25] Файловый синк: A:\s&box projects\test\test
[14:55:25] SceneDelta: watching A:\s&box projects\test\test\Assets\scenes + prefabs (tracked: 1)
[14:55:25] Password hash: ***
[14:55:25] Подключение к 127.0.0.1:4877...
[14:55:25] Подключено!
[14:55:25] Peers in room: 2
[14:55:25] [delta] resync: baseline сброшен
[14:55:25] Отправляю состояние проекта пирам...
[14:55:25] [in] file: Code/Assembly.cs (92 bytes)
[14:55:25] [in] file: ProjectSettings/Platform.config (244 bytes)
[14:55:25] [in] file: Editor/Assembly.cs (114 bytes)
[14:55:25] [in] file: ProjectSettings/Collision.config (649 bytes)
[14:55:25] [in] file: .gitignore (437 bytes)
[14:55:25] [in] file: ProjectSettings/Input.config (5038 bytes)
[14:55:25] Sync complete
[14:55:25] [in] snapshot: Assets/scenes/minimal.scene (82338 байт)
[14:55:25] [in] сцена обновлена: Assets/scenes/minimal.scene
[14:55:25] [out] snapshot: Assets/scenes/minimal.scene (82338 байт)
[14:55:27] [out] patch minimal.scene: +0 >0 ~0 -0
[14:55:28] [delta] тик 300, tracked: 1, files seen: 1
[14:55:31] [delta] тик 600, tracked: 1, files seen: 1
[14:55:34] [delta] тик 900, tracked: 1, files seen: 1
[14:55:38] [delta] тик 1200, tracked: 1, files seen: 1
[14:55:41] [delta] тик 1500, tracked: 1, files seen: 1
[14:55:44] [delta] тик 1800, tracked: 1, files seen: 1
[14:55:47] [delta] тик 2100, tracked: 1, files seen: 1
[14:55:50] [delta] тик 2400, tracked: 1, files seen: 1
[14:55:53] [delta] тик 2700, tracked: 1, files seen: 1
[14:55:56] [delta] тик 3000, tracked: 1, files seen: 1
[14:55:59] [delta] тик 3300, tracked: 1, files seen: 1
[14:56:03] [delta] тик 3600, tracked: 1, files seen: 1
[14:56:06] [delta] тик 3900, tracked: 1, files seen: 1
[14:56:09] [delta] тик 4200, tracked: 1, files seen: 1
[14:56:12] [delta] тик 4500, tracked: 1, files seen: 1
[14:56:15] [delta] тик 4800, tracked: 1, files seen: 1
[14:56:18] [delta] тик 5100, tracked: 1, files seen: 1
[14:56:21] [delta] тик 5400, tracked: 1, files seen: 1
[14:56:24] [delta] тик 5700, tracked: 1, files seen: 1
[14:56:27] [delta] тик 6000, tracked: 1, files seen: 1
[14:56:31] [delta] тик 6300, tracked: 1, files seen: 1
[14:56:34] [delta] тик 6600, tracked: 1, files seen: 1
[14:56:37] [delta] тик 6900, tracked: 1, files seen: 1
[14:56:40] [delta] тик 7200, tracked: 1, files seen: 1
[14:56:43] [delta] тик 7500, tracked: 1, files seen: 1
[14:56:46] [delta] тик 7800, tracked: 1, files seen: 1
[14:56:49] [delta] тик 8100, tracked: 1, files seen: 1
[14:56:52] [delta] тик 8400, tracked: 1, files seen: 1
[14:56:55] [delta] тик 8700, tracked: 1, files seen: 1
[14:56:59] [delta] тик 9000, tracked: 1, files seen: 1
[14:57:02] [delta] тик 9300, tracked: 1, files seen: 1
[14:57:05] [delta] тик 9600, tracked: 1, files seen: 1
[14:57:08] [delta] тик 9900, tracked: 1, files seen: 1
[14:57:12] [delta] тик 10200, tracked: 1, files seen: 1
[14:57:15] [delta] тик 10500, tracked: 1, files seen: 1
[14:57:18] [delta] тик 10800, tracked: 1, files seen: 1
[14:57:21] [delta] тик 11100, tracked: 1, files seen: 1
[14:57:24] [delta] тик 11400, tracked: 1, files seen: 1
[14:57:27] [delta] тик 11700, tracked: 1, files seen: 1
[14:57:30] [delta] тик 12000, tracked: 1, files seen: 1
[14:57:33] [delta] тик 12300, tracked: 1, files seen: 1
[14:57:37] [delta] тик 12600, tracked: 1, files seen: 1
[14:57:40] [delta] тик 12900, tracked: 1, files seen: 1
[14:57:43] [delta] тик 13200, tracked: 1, files seen: 1
[14:57:46] [delta] тик 13500, tracked: 1, files seen: 1
[14:57:49] [delta] тик 13800, tracked: 1, files seen: 1
[14:57:52] [delta] тик 14100, tracked: 1, files seen: 1
[14:57:55] [delta] тик 14400, tracked: 1, files seen: 1
[14:57:58] [delta] тик 14700, tracked: 1, files seen: 1
[14:58:02] [delta] тик 15000, tracked: 1, files seen: 1
[14:58:05] [delta] тик 15300, tracked: 1, files seen: 1
[14:58:08] [delta] тик 15600, tracked: 1, files seen: 1
[14:58:11] [delta] тик 15900, tracked: 1, files seen: 1
[14:58:14] [delta] тик 16200, tracked: 1, files seen: 1
[14:58:17] [delta] тик 16500, tracked: 1, files seen: 1
[14:58:20] [delta] тик 16800, tracked: 1, files seen: 1
[14:58:23] [delta] тик 17100, tracked: 1, files seen: 1
[14:58:27] [delta] тик 17400, tracked: 1, files seen: 1
[14:58:30] [delta] тик 17700, tracked: 1, files seen: 1
[14:58:33] [delta] тик 18000, tracked: 1, files seen: 1
[14:58:36] [delta] тик 18300, tracked: 1, files seen: 1
[14:58:39] [delta] тик 18600, tracked: 1, files seen: 1
[14:58:42] [delta] тик 18900, tracked: 1, files seen: 1
[14:58:45] [delta] тик 19200, tracked: 1, files seen: 1
[14:58:48] [delta] тик 19500, tracked: 1, files seen: 1
[14:58:52] [delta] тик 19800, tracked: 1, files seen: 1
[14:58:55] [delta] тик 20100, tracked: 1, files seen: 1
[14:58:58] [delta] тик 20400, tracked: 1, files seen: 1
[14:59:01] [delta] тик 20700, tracked: 1, files seen: 1
[14:59:04] [delta] тик 21000, tracked: 1, files seen: 1
[14:59:07] [delta] тик 21300, tracked: 1, files seen: 1
[14:59:10] [delta] тик 21600, tracked: 1, files seen: 1
[14:59:13] [delta] тик 21900, tracked: 1, files seen: 1
[14:59:17] [delta] тик 22200, tracked: 1, files seen: 1
[14:59:20] [delta] тик 22500, tracked: 1, files seen: 1
[14:59:23] [delta] тик 22800, tracked: 1, files seen: 1
[14:59:26] [delta] тик 23100, tracked: 1, files seen: 1
[14:59:29] [delta] тик 23400, tracked: 1, files seen: 1
[14:59:32] [delta] тик 23700, tracked: 1, files seen: 1
[14:59:35] [delta] тик 24000, tracked: 1, files seen: 1
[14:59:38] [delta] тик 24300, tracked: 1, files seen: 1
[14:59:42] [delta] тик 24600, tracked: 1, files seen: 1
[14:59:45] [delta] тик 24900, tracked: 1, files seen: 1
[14:59:48] [delta] тик 25200, tracked: 1, files seen: 1
[14:59:51] [delta] тик 25500, tracked: 1, files seen: 1
[14:59:54] [delta] тик 25800, tracked: 1, files seen: 1
[14:59:57] [delta] тик 26100, tracked: 1, files seen: 1
[15:00:00] [delta] тик 26400, tracked: 1, files seen: 1
[15:00:03] [delta] тик 26700, tracked: 1, files seen: 1
[15:00:07] [delta] тик 27000, tracked: 1, files seen: 1
[15:00:10] [delta] тик 27300, tracked: 1, files seen: 1
[15:00:13] [delta] тик 27600, tracked: 1, files seen: 1
[15:00:16] [delta] тик 27900, tracked: 1, files seen: 1
[15:00:19] [delta] тик 28200, tracked: 1, files seen: 1
[15:00:22] [delta] тик 28500, tracked: 1, files seen: 1
[15:00:25] [delta] тик 28800, tracked: 1, files seen: 1
[15:00:28] [delta] тик 29100, tracked: 1, files seen: 1
[15:00:32] [delta] тик 29400, tracked: 1, files seen: 1
[15:00:35] [delta] тик 29700, tracked: 1, files seen: 1
[15:00:38] [delta] тик 30000, tracked: 1, files seen: 1
[15:00:41] [delta] тик 30300, tracked: 1, files seen: 1
[15:00:44] [delta] тик 30600, tracked: 1, files seen: 1
[15:00:47] [delta] тик 30900, tracked: 1, files seen: 1
[15:00:50] [delta] тик 31200, tracked: 1, files seen: 1
[15:00:53] [delta] тик 31500, tracked: 1, files seen: 1
[15:00:57] [delta] тик 31800, tracked: 1, files seen: 1
[15:01:00] [delta] тик 32100, tracked: 1, files seen: 1
[15:01:03] [delta] тик 32400, tracked: 1, files seen: 1
[15:01:06] [delta] тик 32700, tracked: 1, files seen: 1
[15:01:09] [delta] тик 33000, tracked: 1, files seen: 1
[15:01:12] [delta] тик 33300, tracked: 1, files seen: 1
[15:01:15] [delta] тик 33600, tracked: 1, files seen: 1
[15:01:18] [delta] тик 33900, tracked: 1, files seen: 1
[15:01:21] [delta] тик 34200, tracked: 1, files seen: 1
[15:01:25] [delta] тик 34500, tracked: 1, files seen: 1
[15:01:28] [delta] тик 34800, tracked: 1, files seen: 1
[15:01:31] [delta] тик 35100, tracked: 1, files seen: 1
[15:01:34] [delta] тик 35400, tracked: 1, files seen: 1
[15:01:37] [delta] тик 35700, tracked: 1, files seen: 1
[15:01:40] [delta] тик 36000, tracked: 1, files seen: 1
[15:01:43] [delta] тик 36300, tracked: 1, files seen: 1
[15:01:47] [delta] тик 36600, tracked: 1, files seen: 1
[15:01:50] [delta] тик 36900, tracked: 1, files seen: 1
[15:01:53] [delta] тик 37200, tracked: 1, files seen: 1
[15:01:56] [delta] тик 37500, tracked: 1, files seen: 1
[15:01:59] [delta] тик 37800, tracked: 1, files seen: 1
[15:02:02] [delta] тик 38100, tracked: 1, files seen: 1
[15:02:05] [delta] тик 38400, tracked: 1, files seen: 1
[15:02:08] [delta] тик 38700, tracked: 1, files seen: 1
[15:02:11] [delta] тик 39000, tracked: 1, files seen: 1
[15:02:15] [delta] тик 39300, tracked: 1, files seen: 1
[15:02:18] [delta] тик 39600, tracked: 1, files seen: 1
[15:02:21] [delta] тик 39900, tracked: 1, files seen: 1
[15:02:24] [delta] тик 40200, tracked: 1, files seen: 1
[15:02:27] [delta] тик 40500, tracked: 1, files seen: 1
[15:02:30] [delta] тик 40800, tracked: 1, files seen: 1
[15:02:33] [delta] тик 41100, tracked: 1, files seen: 1
[15:02:36] [delta] тик 41400, tracked: 1, files seen: 1
[15:02:40] [delta] тик 41700, tracked: 1, files seen: 1
[15:02:43] [delta] тик 42000, tracked: 1, files seen: 1
[15:02:46] [delta] тик 42300, tracked: 1, files seen: 1
[15:02:49] [delta] тик 42600, tracked: 1, files seen: 1
[15:02:52] [delta] тик 42900, tracked: 1, files seen: 1
[15:02:55] [delta] тик 43200, tracked: 1, files seen: 1
[15:02:58] [delta] тик 43500, tracked: 1, files seen: 1
[15:03:01] [delta] тик 43800, tracked: 1, files seen: 1
[15:03:05] [delta] тик 44100, tracked: 1, files seen: 1
[15:03:08] [delta] тик 44400, tracked: 1, files seen: 1
[15:03:11] [delta] тик 44700, tracked: 1, files seen: 1
[15:03:14] [delta] тик 45000, tracked: 1, files seen: 1
[15:03:17] [delta] тик 45300, tracked: 1, files seen: 1
[15:03:20] [delta] тик 45600, tracked: 1, files seen: 1
[15:03:23] [delta] тик 45900, tracked: 1, files seen: 1
[15:03:26] [delta] тик 46200, tracked: 1, files seen: 1
[15:03:30] [delta] тик 46500, tracked: 1, files seen: 1
[15:03:33] [delta] тик 46800, tracked: 1, files seen: 1
[15:03:36] [delta] тик 47100, tracked: 1, files seen: 1
[15:03:39] [delta] тик 47400, tracked: 1, files seen: 1
[15:03:42] [delta] тик 47700, tracked: 1, files seen: 1
[15:03:45] [delta] тик 48000, tracked: 1, files seen: 1
[15:03:48] [delta] тик 48300, tracked: 1, files seen: 1
[15:03:51] [delta] тик 48600, tracked: 1, files seen: 1
[15:03:55] [delta] тик 48900, tracked: 1, files seen: 1
[15:03:58] [delta] тик 49200, tracked: 1, files seen: 1
[15:04:01] [delta] тик 49500, tracked: 1, files seen: 1
[15:04:04] [delta] тик 49800, tracked: 1, files seen: 1
[15:04:07] [delta] тик 50100, tracked: 1, files seen: 1
[15:04:10] [delta] тик 50400, tracked: 1, files seen: 1
[15:04:13] [delta] тик 50700, tracked: 1, files seen: 1
[15:04:16] [delta] тик 51000, tracked: 1, files seen: 1
[15:04:20] [delta] тик 51300, tracked: 1, files seen: 1
[15:04:23] [delta] тик 51600, tracked: 1, files seen: 1
[15:04:26] [delta] тик 51900, tracked: 1, files seen: 1
[15:04:29] [delta] тик 52200, tracked: 1, files seen: 1
[15:04:32] [delta] тик 52500, tracked: 1, files seen: 1
[15:04:35] [delta] тик 52800, tracked: 1, files seen: 1
[15:04:38] [delta] тик 53100, tracked: 1, files seen: 1
[15:04:41] [delta] тик 53400, tracked: 1, files seen: 1
[15:04:44] [delta] тик 53700, tracked: 1, files seen: 1
[15:04:48] [delta] тик 54000, tracked: 1, files seen: 1
[15:04:51] [delta] тик 54300, tracked: 1, files seen: 1
[15:04:54] [delta] тик 54600, tracked: 1, files seen: 1
[15:04:57] [delta] тик 54900, tracked: 1, files seen: 1
[15:05:00] [delta] тик 55200, tracked: 1, files seen: 1
[15:05:03] [delta] тик 55500, tracked: 1, files seen: 1
[15:05:06] [delta] тик 55800, tracked: 1, files seen: 1
[15:05:09] [delta] тик 56100, tracked: 1, files seen: 1
[15:05:13] [delta] тик 56400, tracked: 1, files seen: 1
[15:05:16] [delta] тик 56700, tracked: 1, files seen: 1
[15:05:19] [delta] тик 57000, tracked: 1, files seen: 1
[15:05:22] [delta] тик 57300, tracked: 1, files seen: 1
[15:05:25] [delta] тик 57600, tracked: 1, files seen: 1
[15:05:28] [delta] тик 57900, tracked: 1, files seen: 1
[15:05:31] [delta] тик 58200, tracked: 1, files seen: 1
[15:05:34] [delta] тик 58500, tracked: 1, files seen: 1
[15:05:37] [delta] тик 58800, tracked: 1, files seen: 1
[15:05:41] [delta] тик 59100, tracked: 1, files seen: 1
[15:05:44] [delta] тик 59400, tracked: 1, files seen: 1
[15:05:47] [delta] тик 59700, tracked: 1, files seen: 1
[15:05:50] [delta] тик 60000, tracked: 1, files seen: 1
[15:05:53] [delta] тик 60300, tracked: 1, files seen: 1
[15:05:56] [delta] тик 60600, tracked: 1, files seen: 1
[15:05:59] [delta] тик 60900, tracked: 1, files seen: 1
[15:06:02] [delta] тик 61200, tracked: 1, files seen: 1
[15:06:06] [delta] тик 61500, tracked: 1, files seen: 1
[15:06:09] [delta] тик 61800, tracked: 1, files seen: 1
[15:06:12] [delta] тик 62100, tracked: 1, files seen: 1
[15:06:15] [delta] тик 62400, tracked: 1, files seen: 1
[15:06:18] [delta] тик 62700, tracked: 1, files seen: 1
[15:06:21] [delta] тик 63000, tracked: 1, files seen: 1
[15:06:24] [delta] тик 63300, tracked: 1, files seen: 1
[15:06:27] [delta] тик 63600, tracked: 1, files seen: 1
[15:06:30] [delta] тик 63900, tracked: 1, files seen: 1
[15:06:34] [delta] тик 64200, tracked: 1, files seen: 1
[15:06:37] [delta] тик 64500, tracked: 1, files seen: 1
[15:06:40] [delta] тик 64800, tracked: 1, files seen: 1
[15:06:43] [delta] тик 65100, tracked: 1, files seen: 1
[15:06:46] [delta] тик 65400, tracked: 1, files seen: 1
[15:06:49] [delta] тик 65700, tracked: 1, files seen: 1
[15:06:52] [delta] тик 66000, tracked: 1, files seen: 1
[15:06:55] [delta] тик 66300, tracked: 1, files seen: 1
[15:06:59] [delta] тик 66600, tracked: 1, files seen: 1
[15:07:02] [delta] тик 66900, tracked: 1, files seen: 1
[15:07:05] [delta] тик 67200, tracked: 1, files seen: 1
[15:07:08] [delta] тик 67500, tracked: 1, files seen: 1
[15:07:11] [delta] тик 67800, tracked: 1, files seen: 1
[15:07:14] [delta] тик 68100, tracked: 1, files seen: 1
[15:07:17] [delta] тик 68400, tracked: 1, files seen: 1
[15:07:20] [delta] тик 68700, tracked: 1, files seen: 1
[15:07:23] [delta] тик 69000, tracked: 1, files seen: 1
[15:07:27] [delta] тик 69300, tracked: 1, files seen: 1
[15:07:30] [delta] тик 69600, tracked: 1, files seen: 1
[15:07:33] [delta] тик 69900, tracked: 1, files seen: 1
[15:07:36] [delta] тик 70200, tracked: 1, files seen: 1
[15:07:39] [delta] тик 70500, tracked: 1, files seen: 1
[15:07:42] [delta] тик 70800, tracked: 1, files seen: 1
[15:07:45] [delta] тик 71100, tracked: 1, files seen: 1
[15:07:48] [delta] тик 71400, tracked: 1, files seen: 1
[15:07:52] [delta] тик 71700, tracked: 1, files seen: 1
[15:07:55] [delta] тик 72000, tracked: 1, files seen: 1
[15:07:58] [delta] тик 72300, tracked: 1, files seen: 1
[15:08:01] [delta] тик 72600, tracked: 1, files seen: 1
[15:08:04] [delta] тик 72900, tracked: 1, files seen: 1
[15:08:07] [delta] тик 73200, tracked: 1, files seen: 1
[15:08:10] [delta] тик 73500, tracked: 1, files seen: 1
[15:08:13] [delta] тик 73800, tracked: 1, files seen: 1
[15:08:16] [delta] тик 74100, tracked: 1, files seen: 1
[15:08:20] [delta] тик 74400, tracked: 1, files seen: 1
[15:08:23] [delta] тик 74700, tracked: 1, files seen: 1
[15:08:26] [delta] тик 75000, tracked: 1, files seen: 1
[15:08:29] [delta] тик 75300, tracked: 1, files seen: 1
[15:08:32] [delta] тик 75600, tracked: 1, files seen: 1
[15:08:35] [delta] тик 75900, tracked: 1, files seen: 1
[15:08:38] [delta] тик 76200, tracked: 1, files seen: 1
[15:08:41] [delta] тик 76500, tracked: 1, files seen: 1
[15:08:45] [delta] тик 76800, tracked: 1, files seen: 1
[15:08:48] [delta] тик 77100, tracked: 1, files seen: 1
[15:08:51] [delta] тик 77400, tracked: 1, files seen: 1
[15:08:54] [delta] тик 77700, tracked: 1, files seen: 1
[15:08:57] [delta] тик 78000, tracked: 1, files seen: 1
[15:09:00] [delta] тик 78300, tracked: 1, files seen: 1
[15:09:03] [delta] тик 78600, tracked: 1, files seen: 1
[15:09:06] [delta] тик 78900, tracked: 1, files seen: 1
[15:09:09] [delta] тик 79200, tracked: 1, files seen: 1
[15:09:13] [delta] тик 79500, tracked: 1, files seen: 1
[15:09:16] [delta] тик 79800, tracked: 1, files seen: 1
[15:09:19] [delta] тик 80100, tracked: 1, files seen: 1
[15:09:22] [delta] тик 80400, tracked: 1, files seen: 1
[15:09:25] [delta] тик 80700, tracked: 1, files seen: 1
[15:09:28] [delta] тик 81000, tracked: 1, files seen: 1
[15:09:31] [delta] тик 81300, tracked: 1, files seen: 1
[15:09:34] [delta] тик 81600, tracked: 1, files seen: 1
[15:09:38] [delta] тик 81900, tracked: 1, files seen: 1
[15:09:41] [delta] тик 82200, tracked: 1, files seen: 1
[15:09:44] [delta] тик 82500, tracked: 1, files seen: 1
[15:09:47] [delta] тик 82800, tracked: 1, files seen: 1
[15:09:50] [delta] тик 83100, tracked: 1, files seen: 1
[15:09:53] [delta] тик 83400, tracked: 1, files seen: 1
[15:09:56] [delta] тик 83700, tracked: 1, files seen: 1
[15:09:59] [delta] тик 84000, tracked: 1, files seen: 1
[15:10:02] [delta] тик 84300, tracked: 1, files seen: 1
[15:10:06] [delta] тик 84600, tracked: 1, files seen: 1
[15:10:09] [delta] тик 84900, tracked: 1, files seen: 1
[15:10:12] [delta] тик 85200, tracked: 1, files seen: 1
[15:10:15] [delta] тик 85500, tracked: 1, files seen: 1
[15:10:18] [delta] тик 85800, tracked: 1, files seen: 1
[15:10:21] [delta] тик 86100, tracked: 1, files seen: 1
[15:10:24] [delta] тик 86400, tracked: 1, files seen: 1
[15:10:27] [delta] тик 86700, tracked: 1, files seen: 1
[15:10:31] [delta] тик 87000, tracked: 1, files seen: 1
[15:10:34] [delta] тик 87300, tracked: 1, files seen: 1
[15:10:37] [delta] тик 87600, tracked: 1, files seen: 1
[15:10:40] [delta] тик 87900, tracked: 1, files seen: 1
[15:10:43] [delta] тик 88200, tracked: 1, files seen: 1
[15:10:46] [delta] тик 88500, tracked: 1, files seen: 1
[15:10:49] [delta] тик 88800, tracked: 1, files seen: 1
[15:10:52] [delta] тик 89100, tracked: 1, files seen: 1
[15:10:56] [delta] тик 89400, tracked: 1, files seen: 1
[15:10:59] [delta] тик 89700, tracked: 1, files seen: 1
[15:11:02] [delta] тик 90000, tracked: 1, files seen: 1
[15:11:05] [delta] тик 90300, tracked: 1, files seen: 1
[15:11:08] [delta] тик 90600, tracked: 1, files seen: 1
[15:11:11] [delta] тик 90900, tracked: 1, files seen: 1
[15:11:14] [delta] тик 91200, tracked: 1, files seen: 1
[15:11:17] [delta] тик 91500, tracked: 1, files seen: 1
[15:11:20] [delta] тик 91800, tracked: 1, files seen: 1
[15:11:24] [delta] тик 92100, tracked: 1, files seen: 1
[15:11:27] [delta] тик 92400, tracked: 1, files seen: 1
[15:11:30] [delta] тик 92700, tracked: 1, files seen: 1
[15:11:33] [delta] тик 93000, tracked: 1, files seen: 1
[15:11:36] [delta] тик 93300, tracked: 1, files seen: 1
[15:11:39] [delta] тик 93600, tracked: 1, files seen: 1
[15:11:42] [delta] тик 93900, tracked: 1, files seen: 1
[15:11:45] [delta] тик 94200, tracked: 1, files seen: 1
[15:11:49] [delta] тик 94500, tracked: 1, files seen: 1
[15:11:52] [delta] тик 94800, tracked: 1, files seen: 1
[15:11:55] [delta] тик 95100, tracked: 1, files seen: 1
[15:11:58] [delta] тик 95400, tracked: 1, files seen: 1
[15:12:01] [delta] тик 95700, tracked: 1, files seen: 1
[15:12:04] [delta] тик 96000, tracked: 1, files seen: 1
[15:12:07] [delta] тик 96300, tracked: 1, files seen: 1
[15:12:10] [delta] тик 96600, tracked: 1, files seen: 1
[15:12:13] [delta] тик 96900, tracked: 1, files seen: 1
[15:12:17] [delta] тик 97200, tracked: 1, files seen: 1
[15:12:20] [delta] тик 97500, tracked: 1, files seen: 1
[15:12:23] [delta] тик 97800, tracked: 1, files seen: 1
[15:12:26] [delta] тик 98100, tracked: 1, files seen: 1
[15:12:29] [delta] тик 98400, tracked: 1, files seen: 1
[15:12:32] [delta] тик 98700, tracked: 1, files seen: 1
[15:12:35] [delta] тик 99000, tracked: 1, files seen: 1
[15:12:38] [delta] тик 99300, tracked: 1, files seen: 1
[15:12:42] [delta] тик 99600, tracked: 1, files seen: 1
[15:12:45] [delta] тик 99900, tracked: 1, files seen: 1
[15:12:48] [delta] тик 100200, tracked: 1, files seen: 1
[15:12:51] [delta] тик 100500, tracked: 1, files seen: 1
[15:12:54] [delta] тик 100800, tracked: 1, files seen: 1
[15:12:57] [delta] тик 101100, tracked: 1, files seen: 1
[15:13:00] [delta] тик 101400, tracked: 1, files seen: 1
[15:13:03] [delta] тик 101700, tracked: 1, files seen: 1
[15:13:06] [delta] тик 102000, tracked: 1, files seen: 1
[15:13:10] [delta] тик 102300, tracked: 1, files seen: 1
[15:13:13] [delta] тик 102600, tracked: 1, files seen: 1
[15:13:16] [delta] тик 102900, tracked: 1, files seen: 1
[15:13:19] [delta] тик 103200, tracked: 1, files seen: 1
[15:13:22] [delta] тик 103500, tracked: 1, files seen: 1
[15:13:25] [delta] тик 103800, tracked: 1, files seen: 1
[15:13:28] [delta] тик 104100, tracked: 1, files seen: 1
[15:13:31] [delta] тик 104400, tracked: 1, files seen: 1
[15:13:35] [delta] тик 104700, tracked: 1, files seen: 1
[15:13:38] [delta] тик 105000, tracked: 1, files seen: 1
[15:13:41] [delta] тик 105300, tracked: 1, files seen: 1
[15:13:44] [delta] тик 105600, tracked: 1, files seen: 1
[15:13:47] [delta] тик 105900, tracked: 1, files seen: 1
[15:13:50] [delta] тик 106200, tracked: 1, files seen: 1
[15:13:53] [delta] тик 106500, tracked: 1, files seen: 1
[15:13:56] [delta] тик 106800, tracked: 1, files seen: 1
[15:14:00] [delta] тик 107100, tracked: 1, files seen: 1
[15:14:03] [delta] тик 107400, tracked: 1, files seen: 1
[15:14:06] [delta] тик 107700, tracked: 1, files seen: 1
[15:14:09] [delta] тик 108000, tracked: 1, files seen: 1
[15:14:12] [delta] тик 108300, tracked: 1, files seen: 1
[15:14:15] [delta] тик 108600, tracked: 1, files seen: 1
[15:14:18] [delta] тик 108900, tracked: 1, files seen: 1
[15:14:21] [delta] тик 109200, tracked: 1, files seen: 1
[15:14:24] [delta] тик 109500, tracked: 1, files seen: 1
[15:14:28] [delta] тик 109800, tracked: 1, files seen: 1
[15:14:31] [delta] тик 110100, tracked: 1, files seen: 1
[15:14:34] [delta] тик 110400, tracked: 1, files seen: 1
[15:14:37] [delta] тик 110700, tracked: 1, files seen: 1
[15:14:40] [delta] тик 111000, tracked: 1, files seen: 1
[15:14:43] [delta] тик 111300, tracked: 1, files seen: 1
[15:14:46] [delta] тик 111600, tracked: 1, files seen: 1
[15:14:49] [delta] тик 111900, tracked: 1, files seen: 1
[15:14:53] [delta] тик 112200, tracked: 1, files seen: 1
[15:14:56] [delta] тик 112500, tracked: 1, files seen: 1
[15:14:59] [delta] тик 112800, tracked: 1, files seen: 1
[15:15:02] [delta] тик 113100, tracked: 1, files seen: 1
[15:15:05] [delta] тик 113400, tracked: 1, files seen: 1
[15:15:08] [delta] тик 113700, tracked: 1, files seen: 1
[15:15:11] [delta] тик 114000, tracked: 1, files seen: 1
[15:15:14] [delta] тик 114300, tracked: 1, files seen: 1
[15:15:18] [delta] тик 114600, tracked: 1, files seen: 1
[15:15:21] [delta] тик 114900, tracked: 1, files seen: 1
[15:15:24] [delta] тик 115200, tracked: 1, files seen: 1
[15:15:27] [delta] тик 115500, tracked: 1, files seen: 1
[15:15:30] [delta] тик 115800, tracked: 1, files seen: 1
[15:15:33] [delta] тик 116100, tracked: 1, files seen: 1
[15:15:36] [delta] тик 116400, tracked: 1, files seen: 1
[15:15:39] [delta] тик 116700, tracked: 1, files seen: 1
[15:15:42] [delta] тик 117000, tracked: 1, files seen: 1
[15:15:46] [delta] тик 117300, tracked: 1, files seen: 1
[15:15:49] [delta] тик 117600, tracked: 1, files seen: 1
[15:15:52] [delta] тик 117900, tracked: 1, files seen: 1
[15:15:55] [delta] тик 118200, tracked: 1, files seen: 1
[15:15:58] [delta] тик 118500, tracked: 1, files seen: 1
[15:16:01] [delta] тик 118800, tracked: 1, files seen: 1
[15:16:04] [delta] тик 119100, tracked: 1, files seen: 1
[15:16:07] [delta] тик 119400, tracked: 1, files seen: 1
[15:16:11] [delta] тик 119700, tracked: 1, files seen: 1
[15:16:14] [delta] тик 120000, tracked: 1, files seen: 1
[15:16:17] [delta] тик 120300, tracked: 1, files seen: 1
[15:16:20] [delta] тик 120600, tracked: 1, files seen: 1
[15:16:23] [delta] тик 120900, tracked: 1, files seen: 1
[15:16:26] [delta] тик 121200, tracked: 1, files seen: 1
[15:16:29] [delta] тик 121500, tracked: 1, files seen: 1
[15:16:32] [delta] тик 121800, tracked: 1, files seen: 1
[15:16:36] [delta] тик 122100, tracked: 1, files seen: 1
[15:16:39] [delta] тик 122400, tracked: 1, files seen: 1
[15:16:42] [delta] тик 122700, tracked: 1, files seen: 1
[15:16:45] [delta] тик 123000, tracked: 1, files seen: 1
[15:16:48] [delta] тик 123300, tracked: 1, files seen: 1
[15:16:51] [delta] тик 123600, tracked: 1, files seen: 1
[15:16:54] [delta] тик 123900, tracked: 1, files seen: 1
[15:16:57] [delta] тик 124200, tracked: 1, files seen: 1
[15:17:01] [delta] тик 124500, tracked: 1, files seen: 1
[15:17:04] [delta] тик 124800, tracked: 1, files seen: 1
[15:17:07] [delta] тик 125100, tracked: 1, files seen: 1
[15:17:10] [delta] тик 125400, tracked: 1, files seen: 1
[15:17:13] [delta] тик 125700, tracked: 1, files seen: 1
[15:17:16] [delta] тик 126000, tracked: 1, files seen: 1
[15:17:19] [delta] тик 126300, tracked: 1, files seen: 1
[15:17:22] [delta] тик 126600, tracked: 1, files seen: 1
[15:17:26] [delta] тик 126900, tracked: 1, files seen: 1
[15:17:29] [delta] тик 127200, tracked: 1, files seen: 1
[15:17:32] [delta] тик 127500, tracked: 1, files seen: 1
[15:17:35] [delta] тик 127800, tracked: 1, files seen: 1
[15:17:38] [delta] тик 128100, tracked: 1, files seen: 1
[15:17:41] [delta] тик 128400, tracked: 1, files seen: 1
[15:17:44] [delta] тик 128700, tracked: 1, files seen: 1
[15:17:47] [delta] тик 129000, tracked: 1, files seen: 1
[15:17:51] [delta] тик 129300, tracked: 1, files seen: 1
[15:17:54] [delta] тик 129600, tracked: 1, files seen: 1
[15:17:57] [delta] тик 129900, tracked: 1, files seen: 1
[15:18:00] [delta] тик 130200, tracked: 1, files seen: 1
[15:18:03] [delta] тик 130500, tracked: 1, files seen: 1
[15:18:06] [delta] тик 130800, tracked: 1, files seen: 1
[15:18:09] [delta] тик 131100, tracked: 1, files seen: 1
[15:18:12] [delta] тик 131400, tracked: 1, files seen: 1
[15:18:16] [delta] тик 131700, tracked: 1, files seen: 1
[15:18:19] [delta] тик 132000, tracked: 1, files seen: 1
[15:18:22] [delta] тик 132300, tracked: 1, files seen: 1
[15:18:25] [delta] тик 132600, tracked: 1, files seen: 1
[15:18:28] [delta] тик 132900, tracked: 1, files seen: 1
[15:18:31] [delta] тик 133200, tracked: 1, files seen: 1
[15:18:34] [delta] тик 133500, tracked: 1, files seen: 1
[15:18:37] [delta] тик 133800, tracked: 1, files seen: 1
[15:18:41] [delta] тик 134100, tracked: 1, files seen: 1
[15:18:44] [delta] тик 134400, tracked: 1, files seen: 1
[15:18:47] [delta] тик 134700, tracked: 1, files seen: 1
[15:18:50] [delta] тик 135000, tracked: 1, files seen: 1
[15:18:53] [delta] тик 135300, tracked: 1, files seen: 1
[15:18:56] [delta] тик 135600, tracked: 1, files seen: 1
[15:18:59] [delta] тик 135900, tracked: 1, files seen: 1
[15:19:02] [delta] тик 136200, tracked: 1, files seen: 1
[15:19:05] [delta] тик 136500, tracked: 1, files seen: 1
[15:19:09] [delta] тик 136800, tracked: 1, files seen: 1
[15:19:12] [delta] тик 137100, tracked: 1, files seen: 1
[15:19:15] [delta] тик 137400, tracked: 1, files seen: 1
[15:19:18] [delta] тик 137700, tracked: 1, files seen: 1
[15:19:21] [delta] тик 138000, tracked: 1, files seen: 1
[15:19:24] [delta] тик 138300, tracked: 1, files seen: 1
[15:19:27] [delta] тик 138600, tracked: 1, files seen: 1
[15:19:30] [delta] тик 138900, tracked: 1, files seen: 1
[15:19:34] [delta] тик 139200, tracked: 1, files seen: 1
[15:19:37] [delta] тик 139500, tracked: 1, files seen: 1
[15:19:40] [delta] тик 139800, tracked: 1, files seen: 1
[15:19:43] [delta] тик 140100, tracked: 1, files seen: 1
[15:19:46] [delta] тик 140400, tracked: 1, files seen: 1
[15:19:49] [delta] тик 140700, tracked: 1, files seen: 1
[15:19:52] [delta] тик 141000, tracked: 1, files seen: 1
[15:19:55] [delta] тик 141300, tracked: 1, files seen: 1
[15:19:59] [delta] тик 141600, tracked: 1, files seen: 1
[15:20:02] [delta] тик 141900, tracked: 1, files seen: 1
[15:20:05] [delta] тик 142200, tracked: 1, files seen: 1
[15:20:08] [delta] тик 142500, tracked: 1, files seen: 1
[15:20:11] [delta] тик 142800, tracked: 1, files seen: 1
[15:20:14] [delta] тик 143100, tracked: 1, files seen: 1
[15:20:17] [delta] тик 143400, tracked: 1, files seen: 1
[15:20:20] [delta] тик 143700, tracked: 1, files seen: 1
[15:20:24] [delta] тик 144000, tracked: 1, files seen: 1
[15:20:27] [delta] тик 144300, tracked: 1, files seen: 1
[15:20:30] [delta] тик 144600, tracked: 1, files seen: 1
[15:20:33] [delta] тик 144900, tracked: 1, files seen: 1
[15:20:36] [delta] тик 145200, tracked: 1, files seen: 1
[15:20:39] [delta] тик 145500, tracked: 1, files seen: 1
[15:20:42] [delta] тик 145800, tracked: 1, files seen: 1
[15:20:45] [delta] тик 146100, tracked: 1, files seen: 1
[15:20:49] [delta] тик 146400, tracked: 1, files seen: 1
[15:20:52] [delta] тик 146700, tracked: 1, files seen: 1
[15:20:55] [delta] тик 147000, tracked: 1, files seen: 1
[15:20:58] [delta] тик 147300, tracked: 1, files seen: 1
[15:21:01] [delta] тик 147600, tracked: 1, files seen: 1
[15:21:04] [delta] тик 147900, tracked: 1, files seen: 1
[15:21:07] [delta] тик 148200, tracked: 1, files seen: 1
[15:21:10] [delta] тик 148500, tracked: 1, files seen: 1
[15:21:13] [delta] тик 148800, tracked: 1, files seen: 1
[15:21:17] [delta] тик 149100, tracked: 1, files seen: 1
[15:21:20] [delta] тик 149400, tracked: 1, files seen: 1
[15:21:23] [delta] тик 149700, tracked: 1, files seen: 1
[15:21:26] [delta] тик 150000, tracked: 1, files seen: 1
[15:21:29] [delta] тик 150300, tracked: 1, files seen: 1
[15:21:32] [delta] тик 150600, tracked: 1, files seen: 1
[15:21:35] [delta] тик 150900, tracked: 1, files seen: 1
[15:21:38] [delta] тик 151200, tracked: 1, files seen: 1
[15:21:42] [delta] тик 151500, tracked: 1, files seen: 1
[15:21:45] [delta] тик 151800, tracked: 1, files seen: 1
[15:21:48] [delta] тик 152100, tracked: 1, files seen: 1
[15:21:51] [delta] тик 152400, tracked: 1, files seen: 1
[15:21:54] [delta] тик 152700, tracked: 1, files seen: 1
[15:21:57] [delta] тик 153000, tracked: 1, files seen: 1
[15:22:00] [delta] тик 153300, tracked: 1, files seen: 1
[15:22:03] [delta] тик 153600, tracked: 1, files seen: 1
[15:22:06] [delta] тик 153900, tracked: 1, files seen: 1
[15:22:10] [delta] тик 154200, tracked: 1, files seen: 1
[15:22:13] [delta] тик 154500, tracked: 1, files seen: 1
[15:22:16] [delta] тик 154800, tracked: 1, files seen: 1
[15:22:19] [delta] тик 155100, tracked: 1, files seen: 1
[15:22:22] [delta] тик 155400, tracked: 1, files seen: 1
[15:22:25] [delta] тик 155700, tracked: 1, files seen: 1
[15:22:28] [delta] тик 156000, tracked: 1, files seen: 1
[15:22:32] [delta] тик 156300, tracked: 1, files seen: 1
[15:22:35] [delta] тик 156600, tracked: 1, files seen: 1
[15:22:38] [delta] тик 156900, tracked: 1, files seen: 1
[15:22:41] [delta] тик 157200, tracked: 1, files seen: 1
[15:22:44] [delta] тик 157500, tracked: 1, files seen: 1
[15:22:47] [delta] тик 157800, tracked: 1, files seen: 1
[15:22:50] [delta] тик 158100, tracked: 1, files seen: 1
[15:22:53] [delta] тик 158400, tracked: 1, files seen: 1
[15:22:57] [delta] тик 158700, tracked: 1, files seen: 1
[15:23:00] [delta] тик 159000, tracked: 1, files seen: 1
[15:23:03] [delta] тик 159300, tracked: 1, files seen: 1
[15:23:06] [delta] тик 159600, tracked: 1, files seen: 1
[15:23:09] [delta] тик 159900, tracked: 1, files seen: 1
[15:23:12] [delta] тик 160200, tracked: 1, files seen: 1
[15:23:15] [delta] тик 160500, tracked: 1, files seen: 1
[15:23:18] [delta] тик 160800, tracked: 1, files seen: 1
[15:23:22] [delta] тик 161100, tracked: 1, files seen: 1
[15:23:25] [delta] тик 161400, tracked: 1, files seen: 1
[15:23:28] [delta] тик 161700, tracked: 1, files seen: 1
[15:23:31] [delta] тик 162000, tracked: 1, files seen: 1
[15:23:35] [delta] тик 162300, tracked: 1, files seen: 1
[15:23:38] [delta] тик 162600, tracked: 1, files seen: 1
[15:23:41] [delta] тик 162900, tracked: 1, files seen: 1
[15:23:44] [delta] тик 163200, tracked: 1, files seen: 1
[15:23:47] [delta] тик 163500, tracked: 1, files seen: 1
[15:23:50] [delta] тик 163800, tracked: 1, files seen: 1
[15:23:53] [delta] тик 164100, tracked: 1, files seen: 1
[15:23:57] [delta] тик 164400, tracked: 1, files seen: 1
[15:24:00] [delta] тик 164700, tracked: 1, files seen: 1
[15:24:03] [delta] тик 165000, tracked: 1, files seen: 1
[15:24:06] [delta] тик 165300, tracked: 1, files seen: 1
[15:24:09] [delta] тик 165600, tracked: 1, files seen: 1
[15:24:13] [delta] тик 165900, tracked: 1, files seen: 1
[15:24:16] [delta] тик 166200, tracked: 1, files seen: 1
[15:24:19] [delta] тик 166500, tracked: 1, files seen: 1
[15:24:23] [delta] тик 166800, tracked: 1, files seen: 1
[15:24:26] [delta] тик 167100, tracked: 1, files seen: 1
[15:24:29] [delta] тик 167400, tracked: 1, files seen: 1
[15:24:32] [delta] тик 167700, tracked: 1, files seen: 1
[15:24:35] [delta] тик 168000, tracked: 1, files seen: 1
[15:24:38] [delta] тик 168300, tracked: 1, files seen: 1
[15:24:41] [delta] тик 168600, tracked: 1, files seen: 1
[15:24:44] [delta] тик 168900, tracked: 1, files seen: 1
[15:24:48] [delta] тик 169200, tracked: 1, files seen: 1
[15:24:51] [delta] тик 169500, tracked: 1, files seen: 1
[15:24:54] [delta] тик 169800, tracked: 1, files seen: 1
[15:24:57] [delta] тик 170100, tracked: 1, files seen: 1
[15:25:00] [delta] тик 170400, tracked: 1, files seen: 1
[15:25:03] [delta] тик 170700, tracked: 1, files seen: 1
[15:25:06] [delta] тик 171000, tracked: 1, files seen: 1
[15:25:10] [delta] тик 171300, tracked: 1, files seen: 1
[15:25:13] [delta] тик 171600, tracked: 1, files seen: 1
[15:25:16] [delta] тик 171900, tracked: 1, files seen: 1
[15:25:19] [delta] тик 172200, tracked: 1, files seen: 1
[15:25:22] [delta] тик 172500, tracked: 1, files seen: 1
[15:25:25] [delta] тик 172800, tracked: 1, files seen: 1
[15:25:28] [delta] тик 173100, tracked: 1, files seen: 1
[15:25:31] [delta] тик 173400, tracked: 1, files seen: 1
[15:25:35] [delta] тик 173700, tracked: 1, files seen: 1
[15:25:38] [delta] тик 174000, tracked: 1, files seen: 1
[15:25:41] [delta] тик 174300, tracked: 1, files seen: 1
[15:25:44] [delta] тик 174600, tracked: 1, files seen: 1
[15:25:47] [delta] тик 174900, tracked: 1, files seen: 1
[15:25:50] [delta] тик 175200, tracked: 1, files seen: 1
[15:25:53] [delta] тик 175500, tracked: 1, files seen: 1
[15:25:56] [delta] тик 175800, tracked: 1, files seen: 1
[15:26:00] [delta] тик 176100, tracked: 1, files seen: 1
[15:26:03] [delta] тик 176400, tracked: 1, files seen: 1
[15:26:06] [delta] тик 176700, tracked: 1, files seen: 1
[15:26:09] [delta] тик 177000, tracked: 1, files seen: 1
[15:26:12] [delta] тик 177300, tracked: 1, files seen: 1
[15:26:15] [delta] тик 177600, tracked: 1, files seen: 1
[15:26:18] [delta] тик 177900, tracked: 1, files seen: 1
[15:26:21] [delta] тик 178200, tracked: 1, files seen: 1
[15:26:25] [delta] тик 178500, tracked: 1, files seen: 1
[15:26:28] [delta] тик 178800, tracked: 1, files seen: 1
[15:26:31] [delta] тик 179100, tracked: 1, files seen: 1
[15:26:34] [delta] тик 179400, tracked: 1, files seen: 1
[15:26:37] [delta] тик 179700, tracked: 1, files seen: 1
[15:26:40] [delta] тик 180000, tracked: 1, files seen: 1
[15:26:43] [delta] тик 180300, tracked: 1, files seen: 1
[15:26:46] [delta] тик 180600, tracked: 1, files seen: 1
[15:26:50] [delta] тик 180900, tracked: 1, files seen: 1
[15:26:53] [delta] тик 181200, tracked: 1, files seen: 1
[15:26:56] [delta] тик 181500, tracked: 1, files seen: 1
[15:26:59] [delta] тик 181800, tracked: 1, files seen: 1
[15:27:02] [delta] тик 182100, tracked: 1, files seen: 1
[15:27:05] [delta] тик 182400, tracked: 1, files seen: 1
[15:27:08] [delta] тик 182700, tracked: 1, files seen: 1
[15:27:11] [delta] тик 183000, tracked: 1, files seen: 1
[15:27:15] [delta] тик 183300, tracked: 1, files seen: 1
[15:27:18] [delta] тик 183600, tracked: 1, files seen: 1
[15:27:21] [delta] тик 183900, tracked: 1, files seen: 1
[15:27:24] [delta] тик 184200, tracked: 1, files seen: 1
[15:27:27] [delta] тик 184500, tracked: 1, files seen: 1
[15:27:30] [delta] тик 184800, tracked: 1, files seen: 1
[15:27:33] [delta] тик 185100, tracked: 1, files seen: 1
[15:27:36] [delta] тик 185400, tracked: 1, files seen: 1
[15:27:40] [delta] тик 185700, tracked: 1, files seen: 1
[15:27:43] [delta] тик 186000, tracked: 1, files seen: 1
[15:27:46] [delta] тик 186300, tracked: 1, files seen: 1
[15:27:49] [delta] тик 186600, tracked: 1, files seen: 1
[15:27:52] [delta] тик 186900, tracked: 1, files seen: 1
[15:27:55] [delta] тик 187200, tracked: 1, files seen: 1
[15:27:58] [delta] тик 187500, tracked: 1, files seen: 1
[15:28:01] [delta] тик 187800, tracked: 1, files seen: 1
[15:28:05] [delta] тик 188100, tracked: 1, files seen: 1
[15:28:08] [delta] тик 188400, tracked: 1, files seen: 1
[15:28:11] [delta] тик 188700, tracked: 1, files seen: 1
[15:28:14] [delta] тик 189000, tracked: 1, files seen: 1
[15:28:17] [delta] тик 189300, tracked: 1, files seen: 1
[15:28:20] [delta] тик 189600, tracked: 1, files seen: 1
[15:28:23] [delta] тик 189900, tracked: 1, files seen: 1
[15:28:26] [delta] тик 190200, tracked: 1, files seen: 1
[15:28:30] [delta] тик 190500, tracked: 1, files seen: 1
[15:28:33] [delta] тик 190800, tracked: 1, files seen: 1
[15:28:36] [delta] тик 191100, tracked: 1, files seen: 1
[15:28:39] [delta] тик 191400, tracked: 1, files seen: 1
[15:28:42] [delta] тик 191700, tracked: 1, files seen: 1
[15:28:45] [delta] тик 192000, tracked: 1, files seen: 1
[15:28:48] [delta] тик 192300, tracked: 1, files seen: 1
[15:28:51] [delta] тик 192600, tracked: 1, files seen: 1
[15:28:55] [delta] тик 192900, tracked: 1, files seen: 1
[15:28:58] [delta] тик 193200, tracked: 1, files seen: 1
[15:29:01] [delta] тик 193500, tracked: 1, files seen: 1
[15:29:04] [delta] тик 193800, tracked: 1, files seen: 1
[15:29:07] [delta] тик 194100, tracked: 1, files seen: 1
[15:29:10] [delta] тик 194400, tracked: 1, files seen: 1
[15:29:13] [delta] тик 194700, tracked: 1, files seen: 1
[15:29:16] [delta] тик 195000, tracked: 1, files seen: 1
[15:29:20] [delta] тик 195300, tracked: 1, files seen: 1
[15:29:23] [delta] тик 195600, tracked: 1, files seen: 1
[15:29:26] [delta] тик 195900, tracked: 1, files seen: 1
[15:29:29] [delta] тик 196200, tracked: 1, files seen: 1
[15:29:32] [delta] тик 196500, tracked: 1, files seen: 1
[15:29:35] [delta] тик 196800, tracked: 1, files seen: 1
[15:29:38] [delta] тик 197100, tracked: 1, files seen: 1
[15:29:41] [delta] тик 197400, tracked: 1, files seen: 1
[15:29:44] [delta] тик 197700, tracked: 1, files seen: 1
[15:29:48] [delta] тик 198000, tracked: 1, files seen: 1
[15:29:51] [delta] тик 198300, tracked: 1, files seen: 1
[15:29:54] [delta] тик 198600, tracked: 1, files seen: 1
[15:29:57] [delta] тик 198900, tracked: 1, files seen: 1
[15:30:00] [delta] тик 199200, tracked: 1, files seen: 1
[15:30:03] [delta] тик 199500, tracked: 1, files seen: 1
[15:30:06] [delta] тик 199800, tracked: 1, files seen: 1
[15:30:09] [delta] тик 200100, tracked: 1, files seen: 1
[15:30:13] [delta] тик 200400, tracked: 1, files seen: 1
[15:30:16] [delta] тик 200700, tracked: 1, files seen: 1
[15:30:19] [delta] тик 201000, tracked: 1, files seen: 1
[15:30:22] [delta] тик 201300, tracked: 1, files seen: 1
[15:30:25] [delta] тик 201600, tracked: 1, files seen: 1
[15:30:28] [delta] тик 201900, tracked: 1, files seen: 1
[15:30:31] [delta] тик 202200, tracked: 1, files seen: 1
[15:30:34] [delta] тик 202500, tracked: 1, files seen: 1
[15:30:38] [delta] тик 202800, tracked: 1, files seen: 1
[15:30:41] [delta] тик 203100, tracked: 1, files seen: 1
[15:30:44] [delta] тик 203400, tracked: 1, files seen: 1
[15:30:47] [delta] тик 203700, tracked: 1, files seen: 1
[15:30:50] [delta] тик 204000, tracked: 1, files seen: 1
[15:30:53] [delta] тик 204300, tracked: 1, files seen: 1
[15:30:56] [delta] тик 204600, tracked: 1, files seen: 1
[15:30:59] [delta] тик 204900, tracked: 1, files seen: 1
[15:31:03] [delta] тик 205200, tracked: 1, files seen: 1
[15:31:06] [delta] тик 205500, tracked: 1, files seen: 1
[15:31:09] [delta] тик 205800, tracked: 1, files seen: 1
[15:31:12] [delta] тик 206100, tracked: 1, files seen: 1
[15:31:15] [delta] тик 206400, tracked: 1, files seen: 1
[15:31:18] [delta] тик 206700, tracked: 1, files seen: 1
[15:31:21] [delta] тик 207000, tracked: 1, files seen: 1
[15:31:24] [delta] тик 207300, tracked: 1, files seen: 1
[15:31:28] [delta] тик 207600, tracked: 1, files seen: 1
[15:31:31] [delta] тик 207900, tracked: 1, files seen: 1
[15:31:34] [delta] тик 208200, tracked: 1, files seen: 1
[15:31:37] [delta] тик 208500, tracked: 1, files seen: 1
[15:31:40] [delta] тик 208800, tracked: 1, files seen: 1
[15:31:43] [delta] тик 209100, tracked: 1, files seen: 1
[15:31:46] [delta] тик 209400, tracked: 1, files seen: 1
[15:31:49] [delta] тик 209700, tracked: 1, files seen: 1
[15:31:53] [delta] тик 210000, tracked: 1, files seen: 1
[15:31:56] [delta] тик 210300, tracked: 1, files seen: 1
[15:31:59] [delta] тик 210600, tracked: 1, files seen: 1
[15:32:02] [delta] тик 210900, tracked: 1, files seen: 1
[15:32:05] [delta] тик 211200, tracked: 1, files seen: 1
[15:32:08] [delta] тик 211500, tracked: 1, files seen: 1
[15:32:11] [delta] тик 211800, tracked: 1, files seen: 1
[15:32:14] [delta] тик 212100, tracked: 1, files seen: 1
[15:32:18] [delta] тик 212400, tracked: 1, files seen: 1
[15:32:21] [delta] тик 212700, tracked: 1, files seen: 1
[15:32:24] [delta] тик 213000, tracked: 1, files seen: 1
[15:32:27] [delta] тик 213300, tracked: 1, files seen: 1
[15:32:30] [delta] тик 213600, tracked: 1, files seen: 1
[15:32:33] [delta] тик 213900, tracked: 1, files seen: 1
[15:32:36] [delta] тик 214200, tracked: 1, files seen: 1
[15:32:39] [delta] тик 214500, tracked: 1, files seen: 1
[15:32:43] [delta] тик 214800, tracked: 1, files seen: 1
[15:32:46] [delta] тик 215100, tracked: 1, files seen: 1
[15:32:49] [delta] тик 215400, tracked: 1, files seen: 1
[15:32:52] [delta] тик 215700, tracked: 1, files seen: 1
[15:32:55] [delta] тик 216000, tracked: 1, files seen: 1
[15:32:58] [delta] тик 216300, tracked: 1, files seen: 1
[15:33:01] [delta] тик 216600, tracked: 1, files seen: 1
[15:33:04] [delta] тик 216900, tracked: 1, files seen: 1
[15:33:08] [delta] тик 217200, tracked: 1, files seen: 1
[15:33:11] [delta] тик 217500, tracked: 1, files seen: 1
[15:33:14] [delta] тик 217800, tracked: 1, files seen: 1
[15:33:17] [delta] тик 218100, tracked: 1, files seen: 1
[15:33:20] [delta] тик 218400, tracked: 1, files seen: 1
[15:33:23] [delta] тик 218700, tracked: 1, files seen: 1
[15:33:26] [delta] тик 219000, tracked: 1, files seen: 1
[15:33:29] [delta] тик 219300, tracked: 1, files seen: 1
[15:33:33] [delta] тик 219600, tracked: 1, files seen: 1
[15:33:36] [delta] тик 219900, tracked: 1, files seen: 1
[15:33:39] [delta] тик 220200, tracked: 1, files seen: 1
[15:33:42] [delta] тик 220500, tracked: 1, files seen: 1
[15:33:45] [delta] тик 220800, tracked: 1, files seen: 1
[15:33:48] [delta] тик 221100, tracked: 1, files seen: 1
[15:33:51] [delta] тик 221400, tracked: 1, files seen: 1
[15:33:54] [delta] тик 221700, tracked: 1, files seen: 1
[15:33:58] [delta] тик 222000, tracked: 1, files seen: 1
[15:34:01] [delta] тик 222300, tracked: 1, files seen: 1
[15:34:04] [delta] тик 222600, tracked: 1, files seen: 1
[15:34:07] [delta] тик 222900, tracked: 1, files seen: 1
[15:34:10] [delta] тик 223200, tracked: 1, files seen: 1
[15:34:13] [delta] тик 223500, tracked: 1, files seen: 1
[15:34:16] [delta] тик 223800, tracked: 1, files seen: 1
[15:34:19] [delta] тик 224100, tracked: 1, files seen: 1
[15:34:23] [delta] тик 224400, tracked: 1, files seen: 1
[15:34:26] [delta] тик 224700, tracked: 1, files seen: 1
[15:34:29] [delta] тик 225000, tracked: 1, files seen: 1
[15:34:32] [delta] тик 225300, tracked: 1, files seen: 1
[15:34:35] [delta] тик 225600, tracked: 1, files seen: 1
[15:34:38] [delta] тик 225900, tracked: 1, files seen: 1
[15:34:41] [delta] тик 226200, tracked: 1, files seen: 1
[15:34:44] [delta] тик 226500, tracked: 1, files seen: 1
[15:34:47] [delta] тик 226800, tracked: 1, files seen: 1
[15:34:51] [delta] тик 227100, tracked: 1, files seen: 1
[15:34:54] [delta] тик 227400, tracked: 1, files seen: 1
[15:34:57] [delta] тик 227700, tracked: 1, files seen: 1
[15:35:00] [delta] тик 228000, tracked: 1, files seen: 1
[15:35:03] [delta] тик 228300, tracked: 1, files seen: 1
[15:35:06] [delta] тик 228600, tracked: 1, files seen: 1
[15:35:09] [delta] тик 228900, tracked: 1, files seen: 1
[15:35:12] [delta] тик 229200, tracked: 1, files seen: 1
[15:35:16] [delta] тик 229500, tracked: 1, files seen: 1
[15:35:19] [delta] тик 229800, tracked: 1, files seen: 1
[15:35:22] [delta] тик 230100, tracked: 1, files seen: 1
[15:35:25] [delta] тик 230400, tracked: 1, files seen: 1
[15:35:28] [delta] тик 230700, tracked: 1, files seen: 1
[15:35:31] [delta] тик 231000, tracked: 1, files seen: 1
[15:35:34] [delta] тик 231300, tracked: 1, files seen: 1
[15:35:37] [delta] тик 231600, tracked: 1, files seen: 1
[15:35:41] [delta] тик 231900, tracked: 1, files seen: 1
[15:35:44] [delta] тик 232200, tracked: 1, files seen: 1
[15:35:47] [delta] тик 232500, tracked: 1, files seen: 1
[15:35:50] [delta] тик 232800, tracked: 1, files seen: 1
[15:35:53] [delta] тик 233100, tracked: 1, files seen: 1
[15:35:56] [delta] тик 233400, tracked: 1, files seen: 1
[15:35:59] [delta] тик 233700, tracked: 1, files seen: 1
[15:36:02] [delta] тик 234000, tracked: 1, files seen: 1
[15:36:06] [delta] тик 234300, tracked: 1, files seen: 1
[15:36:09] [delta] тик 234600, tracked: 1, files seen: 1
[15:36:12] [delta] тик 234900, tracked: 1, files seen: 1
[15:36:15] [delta] тик 235200, tracked: 1, files seen: 1
[15:36:18] [delta] тик 235500, tracked: 1, files seen: 1
[15:36:21] [delta] тик 235800, tracked: 1, files seen: 1
[15:36:24] [delta] тик 236100, tracked: 1, files seen: 1
[15:36:27] [delta] тик 236400, tracked: 1, files seen: 1
[15:36:30] [delta] тик 236700, tracked: 1, files seen: 1
[15:36:34] [delta] тик 237000, tracked: 1, files seen: 1
[15:36:37] [delta] тик 237300, tracked: 1, files seen: 1
[15:36:40] [delta] тик 237600, tracked: 1, files seen: 1
[15:36:43] [delta] тик 237900, tracked: 1, files seen: 1
[15:36:46] [delta] тик 238200, tracked: 1, files seen: 1
[15:36:49] [delta] тик 238500, tracked: 1, files seen: 1
[15:36:52] [delta] тик 238800, tracked: 1, files seen: 1
[15:36:56] [delta] тик 239100, tracked: 1, files seen: 1
[15:37:00] [delta] тик 239400, tracked: 1, files seen: 1
[15:37:05] [delta] тик 239700, tracked: 1, files seen: 1
[15:37:08] [delta] тик 240000, tracked: 1, files seen: 1
[15:37:11] [delta] тик 240300, tracked: 1, files seen: 1
[15:37:14] [delta] тик 240600, tracked: 1, files seen: 1
[15:37:17] [delta] тик 240900, tracked: 1, files seen: 1
[15:37:20] [delta] тик 241200, tracked: 1, files seen: 1
[15:37:23] [delta] тик 241500, tracked: 1, files seen: 1
[15:37:26] [delta] тик 241800, tracked: 1, files seen: 1
[15:37:30] [delta] тик 242100, tracked: 1, files seen: 1
[15:37:33] [delta] тик 242400, tracked: 1, files seen: 1
[15:37:36] [delta] тик 242700, tracked: 1, files seen: 1
[15:37:39] [delta] тик 243000, tracked: 1, files seen: 1
[15:37:42] [delta] тик 243300, tracked: 1, files seen: 1
[15:37:45] [delta] тик 243600, tracked: 1, files seen: 1
[15:37:48] [delta] тик 243900, tracked: 1, files seen: 1
[15:37:51] [delta] тик 244200, tracked: 1, files seen: 1
[15:37:54] [delta] тик 244500, tracked: 1, files seen: 1
[15:37:58] [delta] тик 244800, tracked: 1, files seen: 1
[15:38:01] [delta] тик 245100, tracked: 1, files seen: 1
[15:38:04] [delta] тик 245400, tracked: 1, files seen: 1
[15:38:07] [delta] тик 245700, tracked: 1, files seen: 1
[15:38:10] [delta] тик 246000, tracked: 1, files seen: 1
[15:38:13] [delta] тик 246300, tracked: 1, files seen: 1
[15:38:16] [delta] тик 246600, tracked: 1, files seen: 1
[15:38:19] [delta] тик 246900, tracked: 1, files seen: 1
[15:38:23] [delta] тик 247200, tracked: 1, files seen: 1
[15:38:26] [delta] тик 247500, tracked: 1, files seen: 1
[15:38:29] [delta] тик 247800, tracked: 1, files seen: 1
[15:38:32] [delta] тик 248100, tracked: 1, files seen: 1
[15:38:35] [delta] тик 248400, tracked: 1, files seen: 1
[15:38:38] [delta] тик 248700, tracked: 1, files seen: 1
[15:38:41] [delta] тик 249000, tracked: 1, files seen: 1
[15:38:44] [delta] тик 249300, tracked: 1, files seen: 1
[15:38:48] [delta] тик 249600, tracked: 1, files seen: 1
[15:38:51] [delta] тик 249900, tracked: 1, files seen: 1
[15:38:54] [delta] тик 250200, tracked: 1, files seen: 1
[15:38:57] [delta] тик 250500, tracked: 1, files seen: 1
[15:39:00] [delta] тик 250800, tracked: 1, files seen: 1
[15:39:03] [delta] тик 251100, tracked: 1, files seen: 1
[15:39:06] [delta] тик 251400, tracked: 1, files seen: 1
[15:39:10] [delta] тик 251700, tracked: 1, files seen: 1
[15:39:13] [delta] тик 252000, tracked: 1, files seen: 1
[15:39:16] [delta] тик 252300, tracked: 1, files seen: 1
[15:39:19] [delta] тик 252600, tracked: 1, files seen: 1
[15:39:22] [delta] тик 252900, tracked: 1, files seen: 1
[15:39:25] [delta] тик 253200, tracked: 1, files seen: 1
[15:39:28] [delta] тик 253500, tracked: 1, files seen: 1
[15:39:31] [delta] тик 253800, tracked: 1, files seen: 1
[15:39:34] [delta] тик 254100, tracked: 1, files seen: 1
[15:39:38] [delta] тик 254400, tracked: 1, files seen: 1
[15:39:41] [delta] тик 254700, tracked: 1, files seen: 1
[15:39:44] [delta] тик 255000, tracked: 1, files seen: 1
[15:39:47] [delta] тик 255300, tracked: 1, files seen: 1
[15:39:50] [delta] тик 255600, tracked: 1, files seen: 1
[15:39:53] [delta] тик 255900, tracked: 1, files seen: 1
[15:39:56] [delta] тик 256200, tracked: 1, files seen: 1
[15:39:59] [delta] тик 256500, tracked: 1, files seen: 1
[15:40:03] [delta] тик 256800, tracked: 1, files seen: 1
[15:40:06] [delta] тик 257100, tracked: 1, files seen: 1
[15:40:09] [delta] тик 257400, tracked: 1, files seen: 1
[15:40:12] [delta] тик 257700, tracked: 1, files seen: 1
[15:40:15] [delta] тик 258000, tracked: 1, files seen: 1
[15:40:18] [delta] тик 258300, tracked: 1, files seen: 1
[15:40:21] [delta] тик 258600, tracked: 1, files seen: 1
[15:40:24] [delta] тик 258900, tracked: 1, files seen: 1
[15:40:27] [delta] тик 259200, tracked: 1, files seen: 1
[15:40:31] [delta] тик 259500, tracked: 1, files seen: 1
[15:40:34] [delta] тик 259800, tracked: 1, files seen: 1
[15:40:37] [delta] тик 260100, tracked: 1, files seen: 1
[15:40:40] [delta] тик 260400, tracked: 1, files seen: 1
[15:40:43] [delta] тик 260700, tracked: 1, files seen: 1
[15:40:46] [delta] тик 261000, tracked: 1, files seen: 1
[15:40:49] [delta] тик 261300, tracked: 1, files seen: 1
[15:40:52] [delta] тик 261600, tracked: 1, files seen: 1
[15:40:56] [delta] тик 261900, tracked: 1, files seen: 1
[15:40:59] [delta] тик 262200, tracked: 1, files seen: 1
[15:41:02] [delta] тик 262500, tracked: 1, files seen: 1
[15:41:05] [delta] тик 262800, tracked: 1, files seen: 1
[15:41:08] [delta] тик 263100, tracked: 1, files seen: 1
[15:41:11] [delta] тик 263400, tracked: 1, files seen: 1
[15:41:14] [delta] тик 263700, tracked: 1, files seen: 1
[15:41:17] [delta] тик 264000, tracked: 1, files seen: 1
[15:41:21] [delta] тик 264300, tracked: 1, files seen: 1
[15:41:24] [delta] тик 264600, tracked: 1, files seen: 1
[15:41:27] [delta] тик 264900, tracked: 1, files seen: 1
[15:41:30] [delta] тик 265200, tracked: 1, files seen: 1
[15:41:33] [delta] тик 265500, tracked: 1, files seen: 1
[15:41:36] [delta] тик 265800, tracked: 1, files seen: 1
[15:41:39] [delta] тик 266100, tracked: 1, files seen: 1
[15:41:42] [delta] тик 266400, tracked: 1, files seen: 1
[15:41:45] [delta] тик 266700, tracked: 1, files seen: 1
[15:41:49] [delta] тик 267000, tracked: 1, files seen: 1
[15:41:52] [delta] тик 267300, tracked: 1, files seen: 1
[15:41:55] [delta] тик 267600, tracked: 1, files seen: 1
[15:41:58] [delta] тик 267900, tracked: 1, files seen: 1
[15:42:01] [delta] тик 268200, tracked: 1, files seen: 1
[15:42:04] [delta] тик 268500, tracked: 1, files seen: 1
[15:42:07] [delta] тик 268800, tracked: 1, files seen: 1
[15:42:10] [delta] тик 269100, tracked: 1, files seen: 1
[15:42:14] [delta] тик 269400, tracked: 1, files seen: 1
[15:42:17] [delta] тик 269700, tracked: 1, files seen: 1
[15:42:20] [delta] тик 270000, tracked: 1, files seen: 1
[15:42:23] [delta] тик 270300, tracked: 1, files seen: 1
[15:42:26] [delta] тик 270600, tracked: 1, files seen: 1
[15:42:29] [delta] тик 270900, tracked: 1, files seen: 1
[15:42:32] [delta] тик 271200, tracked: 1, files seen: 1
[15:42:35] [delta] тик 271500, tracked: 1, files seen: 1
[15:42:39] [delta] тик 271800, tracked: 1, files seen: 1
[15:42:42] [delta] тик 272100, tracked: 1, files seen: 1
[15:42:45] [delta] тик 272400, tracked: 1, files seen: 1
[15:42:48] [delta] тик 272700, tracked: 1, files seen: 1
[15:42:51] [delta] тик 273000, tracked: 1, files seen: 1
[15:42:54] [delta] тик 273300, tracked: 1, files seen: 1
[15:42:57] [delta] тик 273600, tracked: 1, files seen: 1
[15:43:00] [delta] тик 273900, tracked: 1, files seen: 1
[15:43:03] [delta] тик 274200, tracked: 1, files seen: 1
[15:43:07] [delta] тик 274500, tracked: 1, files seen: 1
[15:43:10] [delta] тик 274800, tracked: 1, files seen: 1
[15:43:13] [delta] тик 275100, tracked: 1, files seen: 1
[15:43:16] [delta] тик 275400, tracked: 1, files seen: 1
[15:43:19] [delta] тик 275700, tracked: 1, files seen: 1
[15:43:22] [delta] тик 276000, tracked: 1, files seen: 1
[15:43:25] [delta] тик 276300, tracked: 1, files seen: 1
[15:43:28] [delta] тик 276600, tracked: 1, files seen: 1
[15:43:32] [delta] тик 276900, tracked: 1, files seen: 1
[15:43:35] [delta] тик 277200, tracked: 1, files seen: 1
[15:43:38] [delta] тик 277500, tracked: 1, files seen: 1
[15:43:41] [delta] тик 277800, tracked: 1, files seen: 1
[15:43:44] [delta] тик 278100, tracked: 1, files seen: 1
[15:43:47] [delta] тик 278400, tracked: 1, files seen: 1
[15:43:50] [delta] тик 278700, tracked: 1, files seen: 1
[15:43:53] [delta] тик 279000, tracked: 1, files seen: 1
[15:43:56] [delta] тик 279300, tracked: 1, files seen: 1
[15:44:00] [delta] тик 279600, tracked: 1, files seen: 1
[15:44:03] [delta] тик 279900, tracked: 1, files seen: 1
[15:44:06] [delta] тик 280200, tracked: 1, files seen: 1
[15:44:09] [delta] тик 280500, tracked: 1, files seen: 1
[15:44:12] [delta] тик 280800, tracked: 1, files seen: 1
[15:44:15] [delta] тик 281100, tracked: 1, files seen: 1
[15:44:18] [delta] тик 281400, tracked: 1, files seen: 1
[15:44:21] [delta] тик 281700, tracked: 1, files seen: 1
[15:44:25] [delta] тик 282000, tracked: 1, files seen: 1
[15:44:28] [delta] тик 282300, tracked: 1, files seen: 1
[15:44:31] [delta] тик 282600, tracked: 1, files seen: 1
[15:44:34] [delta] тик 282900, tracked: 1, files seen: 1
[15:44:37] [delta] тик 283200, tracked: 1, files seen: 1
[15:44:40] [delta] тик 283500, tracked: 1, files seen: 1
[15:44:43] [delta] тик 283800, tracked: 1, files seen: 1
[15:44:46] [delta] тик 284100, tracked: 1, files seen: 1
[15:44:49] [delta] тик 284400, tracked: 1, files seen: 1
[15:44:53] [delta] тик 284700, tracked: 1, files seen: 1
[15:44:56] [delta] тик 285000, tracked: 1, files seen: 1
[15:44:59] [delta] тик 285300, tracked: 1, files seen: 1
[15:45:02] [delta] тик 285600, tracked: 1, files seen: 1
[15:45:07] [delta] тик 285900, tracked: 1, files seen: 1
[15:45:10] [delta] тик 286200, tracked: 1, files seen: 1
[15:45:14] [delta] тик 286500, tracked: 1, files seen: 1
[15:45:17] [delta] тик 286800, tracked: 1, files seen: 1
[15:45:20] [delta] тик 287100, tracked: 1, files seen: 1
[15:45:23] [delta] тик 287400, tracked: 1, files seen: 1
[15:45:26] [delta] тик 287700, tracked: 1, files seen: 1
[15:45:29] [delta] тик 288000, tracked: 1, files seen: 1
[15:45:32] [delta] тик 288300, tracked: 1, files seen: 1
[15:45:36] [delta] тик 288600, tracked: 1, files seen: 1
[15:45:39] [delta] тик 288900, tracked: 1, files seen: 1
[15:45:42] [delta] тик 289200, tracked: 1, files seen: 1
[15:45:45] [delta] тик 289500, tracked: 1, files seen: 1
[15:45:48] [delta] тик 289800, tracked: 1, files seen: 1
[15:45:51] [delta] тик 290100, tracked: 1, files seen: 1
[15:45:54] [delta] тик 290400, tracked: 1, files seen: 1
[15:45:57] [delta] тик 290700, tracked: 1, files seen: 1
[15:46:01] [delta] тик 291000, tracked: 1, files seen: 1
[15:46:04] [delta] тик 291300, tracked: 1, files seen: 1
[15:46:07] [delta] тик 291600, tracked: 1, files seen: 1
[15:46:10] [delta] тик 291900, tracked: 1, files seen: 1
[15:46:13] [delta] тик 292200, tracked: 1, files seen: 1
[15:46:16] [delta] тик 292500, tracked: 1, files seen: 1
[15:46:19] [delta] тик 292800, tracked: 1, files seen: 1
[15:46:22] [delta] тик 293100, tracked: 1, files seen: 1
[15:46:25] [delta] тик 293400, tracked: 1, files seen: 1
[15:46:29] [delta] тик 293700, tracked: 1, files seen: 1
[15:46:32] [delta] тик 294000, tracked: 1, files seen: 1
[15:46:35] [delta] тик 294300, tracked: 1, files seen: 1
[15:46:38] [delta] тик 294600, tracked: 1, files seen: 1
[15:46:41] [delta] тик 294900, tracked: 1, files seen: 1
[15:46:44] [delta] тик 295200, tracked: 1, files seen: 1
[15:46:47] [delta] тик 295500, tracked: 1, files seen: 1
[15:46:50] [delta] тик 295800, tracked: 1, files seen: 1
[15:46:53] [delta] тик 296100, tracked: 1, files seen: 1
[15:46:57] [delta] тик 296400, tracked: 1, files seen: 1
[15:47:00] [delta] тик 296700, tracked: 1, files seen: 1
[15:47:03] [delta] тик 297000, tracked: 1, files seen: 1
[15:47:06] [delta] тик 297300, tracked: 1, files seen: 1
[15:47:09] [delta] тик 297600, tracked: 1, files seen: 1
[15:47:12] [delta] тик 297900, tracked: 1, files seen: 1
[15:47:15] [delta] тик 298200, tracked: 1, files seen: 1
[15:47:18] [delta] тик 298500, tracked: 1, files seen: 1
[15:47:22] [delta] тик 298800, tracked: 1, files seen: 1
[15:47:25] [delta] тик 299100, tracked: 1, files seen: 1
[15:47:28] [delta] тик 299400, tracked: 1, files seen: 1
[15:47:31] [delta] тик 299700, tracked: 1, files seen: 1
[15:47:34] [delta] тик 300000, tracked: 1, files seen: 1
[15:47:37] [delta] тик 300300, tracked: 1, files seen: 1
[15:47:40] [delta] тик 300600, tracked: 1, files seen: 1
[15:47:43] [delta] тик 300900, tracked: 1, files seen: 1
[15:47:46] [delta] тик 301200, tracked: 1, files seen: 1
[15:47:50] [delta] тик 301500, tracked: 1, files seen: 1
[15:47:53] [delta] тик 301800, tracked: 1, files seen: 1
[15:47:56] [delta] тик 302100, tracked: 1, files seen: 1
[15:47:59] [delta] тик 302400, tracked: 1, files seen: 1
[15:48:02] [delta] тик 302700, tracked: 1, files seen: 1
[15:48:05] [delta] тик 303000, tracked: 1, files seen: 1
[15:48:08] [delta] тик 303300, tracked: 1, files seen: 1
[15:48:11] [delta] тик 303600, tracked: 1, files seen: 1
[15:48:15] [delta] тик 303900, tracked: 1, files seen: 1
[15:48:18] [delta] тик 304200, tracked: 1, files seen: 1
[15:48:21] [delta] тик 304500, tracked: 1, files seen: 1
[15:48:24] [delta] тик 304800, tracked: 1, files seen: 1
[15:48:27] [delta] тик 305100, tracked: 1, files seen: 1
[15:48:30] [delta] тик 305400, tracked: 1, files seen: 1
[15:48:33] [delta] тик 305700, tracked: 1, files seen: 1
[15:48:36] [delta] тик 306000, tracked: 1, files seen: 1
[15:48:40] [delta] тик 306300, tracked: 1, files seen: 1
[15:48:43] [delta] тик 306600, tracked: 1, files seen: 1
[15:48:46] [delta] тик 306900, tracked: 1, files seen: 1
[15:48:49] [delta] тик 307200, tracked: 1, files seen: 1
[15:48:52] [delta] тик 307500, tracked: 1, files seen: 1
[15:48:55] [delta] тик 307800, tracked: 1, files seen: 1
[15:48:58] [delta] тик 308100, tracked: 1, files seen: 1
[15:49:01] [delta] тик 308400, tracked: 1, files seen: 1
[15:49:04] [delta] тик 308700, tracked: 1, files seen: 1
[15:49:08] [delta] тик 309000, tracked: 1, files seen: 1
[15:49:11] [delta] тик 309300, tracked: 1, files seen: 1
[15:49:14] [delta] тик 309600, tracked: 1, files seen: 1
[15:49:17] [delta] тик 309900, tracked: 1, files seen: 1
[15:49:20] [delta] тик 310200, tracked: 1, files seen: 1
[15:49:23] [delta] тик 310500, tracked: 1, files seen: 1
[15:49:26] [delta] тик 310800, tracked: 1, files seen: 1
[15:49:29] [delta] тик 311100, tracked: 1, files seen: 1
[15:49:33] [delta] тик 311400, tracked: 1, files seen: 1
[15:49:36] [delta] тик 311700, tracked: 1, files seen: 1
[15:49:39] [delta] тик 312000, tracked: 1, files seen: 1
[15:49:42] [delta] тик 312300, tracked: 1, files seen: 1
[15:49:45] [delta] тик 312600, tracked: 1, files seen: 1
[15:49:48] [delta] тик 312900, tracked: 1, files seen: 1
[15:49:51] [delta] тик 313200, tracked: 1, files seen: 1
[15:49:54] [delta] тик 313500, tracked: 1, files seen: 1
[15:49:57] [delta] тик 313800, tracked: 1, files seen: 1
[15:50:01] [delta] тик 314100, tracked: 1, files seen: 1
[15:50:04] [delta] тик 314400, tracked: 1, files seen: 1
[15:50:07] [delta] тик 314700, tracked: 1, files seen: 1
[15:50:10] [delta] тик 315000, tracked: 1, files seen: 1
[15:50:13] [delta] тик 315300, tracked: 1, files seen: 1
[15:50:16] [delta] тик 315600, tracked: 1, files seen: 1
[15:50:19] [delta] тик 315900, tracked: 1, files seen: 1
[15:50:22] [delta] тик 316200, tracked: 1, files seen: 1
[15:50:26] [delta] тик 316500, tracked: 1, files seen: 1
[15:50:29] [delta] тик 316800, tracked: 1, files seen: 1
[15:50:32] [delta] тик 317100, tracked: 1, files seen: 1
[15:50:35] [delta] тик 317400, tracked: 1, files seen: 1
[15:50:38] [delta] тик 317700, tracked: 1, files seen: 1
[15:50:41] [delta] тик 318000, tracked: 1, files seen: 1
[15:50:44] [delta] тик 318300, tracked: 1, files seen: 1
[15:50:47] [delta] тик 318600, tracked: 1, files seen: 1
[15:50:51] [delta] тик 318900, tracked: 1, files seen: 1
[15:50:54] [delta] тик 319200, tracked: 1, files seen: 1
[15:50:57] [delta] тик 319500, tracked: 1, files seen: 1
[15:51:00] [delta] тик 319800, tracked: 1, files seen: 1
[15:51:03] [delta] тик 320100, tracked: 1, files seen: 1
[15:51:06] [delta] тик 320400, tracked: 1, files seen: 1
[15:51:09] [delta] тик 320700, tracked: 1, files seen: 1
[15:51:12] [delta] тик 321000, tracked: 1, files seen: 1
[15:51:16] [delta] тик 321300, tracked: 1, files seen: 1
[15:51:19] [delta] тик 321600, tracked: 1, files seen: 1
[15:51:22] [delta] тик 321900, tracked: 1, files seen: 1
[15:51:25] [delta] тик 322200, tracked: 1, files seen: 1
[15:51:28] [delta] тик 322500, tracked: 1, files seen: 1
[15:51:31] [delta] тик 322800, tracked: 1, files seen: 1
[15:51:34] [delta] тик 323100, tracked: 1, files seen: 1
[15:51:37] [delta] тик 323400, tracked: 1, files seen: 1
[15:51:40] [delta] тик 323700, tracked: 1, files seen: 1
[15:51:44] [delta] тик 324000, tracked: 1, files seen: 1
[15:51:47] [delta] тик 324300, tracked: 1, files seen: 1
[15:51:50] [delta] тик 324600, tracked: 1, files seen: 1
[15:51:53] [delta] тик 324900, tracked: 1, files seen: 1
[15:51:56] [delta] тик 325200, tracked: 1, files seen: 1
[15:51:59] [delta] тик 325500, tracked: 1, files seen: 1
[15:52:02] [delta] тик 325800, tracked: 1, files seen: 1
[15:52:05] [delta] тик 326100, tracked: 1, files seen: 1
[15:52:08] [delta] тик 326400, tracked: 1, files seen: 1
[15:52:12] [delta] тик 326700, tracked: 1, files seen: 1
[15:52:15] [delta] тик 327000, tracked: 1, files seen: 1
[15:52:18] [delta] тик 327300, tracked: 1, files seen: 1
[15:52:21] [delta] тик 327600, tracked: 1, files seen: 1
[15:52:24] [delta] тик 327900, tracked: 1, files seen: 1
[15:52:27] [delta] тик 328200, tracked: 1, files seen: 1
[15:52:30] [delta] тик 328500, tracked: 1, files seen: 1
[15:52:34] [delta] тик 328800, tracked: 1, files seen: 1
[15:52:37] [delta] тик 329100, tracked: 1, files seen: 1
[15:52:40] [delta] тик 329400, tracked: 1, files seen: 1
[15:52:43] [delta] тик 329700, tracked: 1, files seen: 1
[15:52:46] [delta] тик 330000, tracked: 1, files seen: 1
[15:52:49] [delta] тик 330300, tracked: 1, files seen: 1
[15:52:52] [delta] тик 330600, tracked: 1, files seen: 1
[15:52:55] [delta] тик 330900, tracked: 1, files seen: 1
[15:52:59] [delta] тик 331200, tracked: 1, files seen: 1
[15:53:02] [delta] тик 331500, tracked: 1, files seen: 1
[15:53:05] [delta] тик 331800, tracked: 1, files seen: 1
[15:53:08] [delta] тик 332100, tracked: 1, files seen: 1
[15:53:11] [delta] тик 332400, tracked: 1, files seen: 1
[15:53:14] [delta] тик 332700, tracked: 1, files seen: 1
[15:53:17] [delta] тик 333000, tracked: 1, files seen: 1
[15:53:20] [delta] тик 333300, tracked: 1, files seen: 1
[15:53:23] [delta] тик 333600, tracked: 1, files seen: 1
[15:53:27] [delta] тик 333900, tracked: 1, files seen: 1
[15:53:30] [delta] тик 334200, tracked: 1, files seen: 1
[15:53:33] [delta] тик 334500, tracked: 1, files seen: 1
[15:53:36] [delta] тик 334800, tracked: 1, files seen: 1
[15:53:39] [delta] тик 335100, tracked: 1, files seen: 1
[15:53:42] [delta] тик 335400, tracked: 1, files seen: 1
[15:53:45] [delta] тик 335700, tracked: 1, files seen: 1
[15:53:48] [delta] тик 336000, tracked: 1, files seen: 1
[15:53:52] [delta] тик 336300, tracked: 1, files seen: 1
[15:53:55] [delta] тик 336600, tracked: 1, files seen: 1
[15:53:58] [delta] тик 336900, tracked: 1, files seen: 1
[15:54:01] [delta] тик 337200, tracked: 1, files seen: 1
[15:54:04] [delta] тик 337500, tracked: 1, files seen: 1
[15:54:07] [delta] тик 337800, tracked: 1, files seen: 1
[15:54:10] [delta] тик 338100, tracked: 1, files seen: 1
[15:54:13] [delta] тик 338400, tracked: 1, files seen: 1
[15:54:16] [delta] тик 338700, tracked: 1, files seen: 1
[15:54:20] [delta] тик 339000, tracked: 1, files seen: 1
[15:54:23] [delta] тик 339300, tracked: 1, files seen: 1
[15:54:26] [delta] тик 339600, tracked: 1, files seen: 1
[15:54:29] [delta] тик 339900, tracked: 1, files seen: 1
[15:54:32] [delta] тик 340200, tracked: 1, files seen: 1
[15:54:35] [delta] тик 340500, tracked: 1, files seen: 1
[15:54:39] [delta] тик 340800, tracked: 1, files seen: 1
[15:54:42] [delta] тик 341100, tracked: 1, files seen: 1
[15:54:45] [delta] тик 341400, tracked: 1, files seen: 1
[15:54:48] [delta] тик 341700, tracked: 1, files seen: 1
[15:54:51] [delta] тик 342000, tracked: 1, files seen: 1
[15:54:54] [delta] тик 342300, tracked: 1, files seen: 1
[15:54:57] [delta] тик 342600, tracked: 1, files seen: 1
[15:55:01] [delta] тик 342900, tracked: 1, files seen: 1
[15:55:04] [delta] тик 343200, tracked: 1, files seen: 1
[15:55:07] [delta] тик 343500, tracked: 1, files seen: 1
[15:55:10] [delta] тик 343800, tracked: 1, files seen: 1
[15:55:13] [delta] тик 344100, tracked: 1, files seen: 1
[15:55:16] [delta] тик 344400, tracked: 1, files seen: 1
[15:55:19] [delta] тик 344700, tracked: 1, files seen: 1
[15:55:22] [delta] тик 345000, tracked: 1, files seen: 1
[15:55:26] [delta] тик 345300, tracked: 1, files seen: 1
[15:55:29] [delta] тик 345600, tracked: 1, files seen: 1
[15:55:32] [delta] тик 345900, tracked: 1, files seen: 1
[15:55:35] [delta] тик 346200, tracked: 1, files seen: 1
[15:55:38] [delta] тик 346500, tracked: 1, files seen: 1
[15:55:41] [delta] тик 346800, tracked: 1, files seen: 1
[15:55:44] [delta] тик 347100, tracked: 1, files seen: 1
[15:55:47] [delta] тик 347400, tracked: 1, files seen: 1
[15:55:51] [delta] тик 347700, tracked: 1, files seen: 1
[15:55:54] [delta] тик 348000, tracked: 1, files seen: 1
[15:55:57] [delta] тик 348300, tracked: 1, files seen: 1
[15:56:00] [delta] тик 348600, tracked: 1, files seen: 1
[15:56:03] [delta] тик 348900, tracked: 1, files seen: 1
[15:56:06] [delta] тик 349200, tracked: 1, files seen: 1
[15:56:09] [delta] тик 349500, tracked: 1, files seen: 1
[15:56:12] [delta] тик 349800, tracked: 1, files seen: 1
[15:56:16] [delta] тик 350100, tracked: 1, files seen: 1
[15:56:19] [delta] тик 350400, tracked: 1, files seen: 1
[15:56:22] [delta] тик 350700, tracked: 1, files seen: 1
[15:56:25] [delta] тик 351000, tracked: 1, files seen: 1
[15:56:28] [delta] тик 351300, tracked: 1, files seen: 1
[15:56:31] [delta] тик 351600, tracked: 1, files seen: 1
[15:56:34] [delta] тик 351900, tracked: 1, files seen: 1
[15:56:38] [delta] тик 352200, tracked: 1, files seen: 1
[15:56:41] [delta] тик 352500, tracked: 1, files seen: 1
[15:56:44] [delta] тик 352800, tracked: 1, files seen: 1
[15:56:47] [delta] тик 353100, tracked: 1, files seen: 1
[15:56:50] [delta] тик 353400, tracked: 1, files seen: 1
[15:56:53] [delta] тик 353700, tracked: 1, files seen: 1
[15:56:56] [delta] тик 354000, tracked: 1, files seen: 1
[15:56:59] [delta] тик 354300, tracked: 1, files seen: 1
[15:57:03] [delta] тик 354600, tracked: 1, files seen: 1
[15:57:06] [delta] тик 354900, tracked: 1, files seen: 1
[15:57:09] [delta] тик 355200, tracked: 1, files seen: 1
[15:57:12] [delta] тик 355500, tracked: 1, files seen: 1
[15:57:15] [delta] тик 355800, tracked: 1, files seen: 1
[15:57:18] [delta] тик 356100, tracked: 1, files seen: 1
[15:57:21] [delta] тик 356400, tracked: 1, files seen: 1
[15:57:24] [delta] тик 356700, tracked: 1, files seen: 1
[15:57:27] [delta] тик 357000, tracked: 1, files seen: 1
[15:57:31] [delta] тик 357300, tracked: 1, files seen: 1
[15:57:34] [delta] тик 357600, tracked: 1, files seen: 1
[15:57:37] [delta] тик 357900, tracked: 1, files seen: 1
[15:57:40] [delta] тик 358200, tracked: 1, files seen: 1
[15:57:43] [delta] тик 358500, tracked: 1, files seen: 1
[15:57:46] [delta] тик 358800, tracked: 1, files seen: 1
[15:57:49] [delta] тик 359100, tracked: 1, files seen: 1
[15:57:52] [delta] тик 359400, tracked: 1, files seen: 1
[15:57:56] [delta] тик 359700, tracked: 1, files seen: 1
[15:57:59] [delta] тик 360000, tracked: 1, files seen: 1
[15:58:02] [delta] тик 360300, tracked: 1, files seen: 1
[15:58:05] [delta] тик 360600, tracked: 1, files seen: 1
[15:58:08] [delta] тик 360900, tracked: 1, files seen: 1
[15:58:11] [delta] тик 361200, tracked: 1, files seen: 1
[15:58:14] [delta] тик 361500, tracked: 1, files seen: 1
[15:58:17] [delta] тик 361800, tracked: 1, files seen: 1
[15:58:20] [delta] тик 362100, tracked: 1, files seen: 1
[15:58:24] [delta] тик 362400, tracked: 1, files seen: 1
[15:58:27] [delta] тик 362700, tracked: 1, files seen: 1
[15:58:30] [delta] тик 363000, tracked: 1, files seen: 1
[15:58:33] [delta] тик 363300, tracked: 1, files seen: 1
[15:58:36] [delta] тик 363600, tracked: 1, files seen: 1
[15:58:39] [delta] тик 363900, tracked: 1, files seen: 1
[15:58:42] [delta] тик 364200, tracked: 1, files seen: 1
[15:58:45] [delta] тик 364500, tracked: 1, files seen: 1
[15:58:49] [delta] тик 364800, tracked: 1, files seen: 1
[15:58:52] [delta] тик 365100, tracked: 1, files seen: 1
[15:58:55] [delta] тик 365400, tracked: 1, files seen: 1
[15:58:58] [delta] тик 365700, tracked: 1, files seen: 1
[15:59:01] [delta] тик 366000, tracked: 1, files seen: 1
[15:59:04] [delta] тик 366300, tracked: 1, files seen: 1
[15:59:07] [delta] тик 366600, tracked: 1, files seen: 1
[15:59:10] [delta] тик 366900, tracked: 1, files seen: 1
[15:59:14] [delta] тик 367200, tracked: 1, files seen: 1
[15:59:17] [delta] тик 367500, tracked: 1, files seen: 1
[15:59:20] [delta] тик 367800, tracked: 1, files seen: 1
[15:59:23] [delta] тик 368100, tracked: 1, files seen: 1
[15:59:26] [delta] тик 368400, tracked: 1, files seen: 1
[15:59:29] [delta] тик 368700, tracked: 1, files seen: 1
[15:59:32] [delta] тик 369000, tracked: 1, files seen: 1
[15:59:35] [delta] тик 369300, tracked: 1, files seen: 1
[15:59:39] [delta] тик 369600, tracked: 1, files seen: 1
[15:59:42] [delta] тик 369900, tracked: 1, files seen: 1
[15:59:45] [delta] тик 370200, tracked: 1, files seen: 1
[15:59:48] [delta] тик 370500, tracked: 1, files seen: 1
[15:59:51] [delta] тик 370800, tracked: 1, files seen: 1
[15:59:54] [delta] тик 371100, tracked: 1, files seen: 1
[15:59:57] [delta] тик 371400, tracked: 1, files seen: 1
[16:00:00] [delta] тик 371700, tracked: 1, files seen: 1
[16:00:03] [delta] тик 372000, tracked: 1, files seen: 1
[16:00:07] [delta] тик 372300, tracked: 1, files seen: 1
[16:00:10] [delta] тик 372600, tracked: 1, files seen: 1
[16:00:13] [delta] тик 372900, tracked: 1, files seen: 1
[16:00:16] [delta] тик 373200, tracked: 1, files seen: 1
[16:00:19] [delta] тик 373500, tracked: 1, files seen: 1
[16:00:22] [delta] тик 373800, tracked: 1, files seen: 1
[16:00:25] [delta] тик 374100, tracked: 1, files seen: 1
[16:00:28] [delta] тик 374400, tracked: 1, files seen: 1
[16:00:32] [delta] тик 374700, tracked: 1, files seen: 1
[16:00:35] [delta] тик 375000, tracked: 1, files seen: 1
[16:00:38] [delta] тик 375300, tracked: 1, files seen: 1
[16:00:41] [delta] тик 375600, tracked: 1, files seen: 1
[16:00:44] [delta] тик 375900, tracked: 1, files seen: 1
[16:00:47] [delta] тик 376200, tracked: 1, files seen: 1
[16:00:50] [delta] тик 376500, tracked: 1, files seen: 1
[16:00:53] [delta] тик 376800, tracked: 1, files seen: 1
[16:00:57] [delta] тик 377100, tracked: 1, files seen: 1
[16:01:00] [delta] тик 377400, tracked: 1, files seen: 1
[16:01:03] [delta] тик 377700, tracked: 1, files seen: 1
[16:01:06] [delta] тик 378000, tracked: 1, files seen: 1
[16:01:09] [delta] тик 378300, tracked: 1, files seen: 1
[16:01:12] [delta] тик 378600, tracked: 1, files seen: 1
[16:01:15] [delta] тик 378900, tracked: 1, files seen: 1
[16:01:18] [delta] тик 379200, tracked: 1, files seen: 1
[16:01:22] [delta] тик 379500, tracked: 1, files seen: 1
[16:01:25] [delta] тик 379800, tracked: 1, files seen: 1
[16:01:28] [delta] тик 380100, tracked: 1, files seen: 1
[16:01:31] [delta] тик 380400, tracked: 1, files seen: 1
[16:01:34] [delta] тик 380700, tracked: 1, files seen: 1
[16:01:37] [delta] тик 381000, tracked: 1, files seen: 1
[16:01:40] [delta] тик 381300, tracked: 1, files seen: 1
[16:01:43] [delta] тик 381600, tracked: 1, files seen: 1
[16:01:47] [delta] тик 381900, tracked: 1, files seen: 1
[16:01:50] [delta] тик 382200, tracked: 1, files seen: 1
[16:01:53] [delta] тик 382500, tracked: 1, files seen: 1
[16:01:56] [delta] тик 382800, tracked: 1, files seen: 1
[16:01:59] [delta] тик 383100, tracked: 1, files seen: 1
[16:02:02] [delta] тик 383400, tracked: 1, files seen: 1
[16:02:05] [delta] тик 383700, tracked: 1, files seen: 1
[16:02:08] [delta] тик 384000, tracked: 1, files seen: 1
[16:02:11] [delta] тик 384300, tracked: 1, files seen: 1
[16:02:15] [delta] тик 384600, tracked: 1, files seen: 1
[16:02:18] [delta] тик 384900, tracked: 1, files seen: 1
[16:02:21] [delta] тик 385200, tracked: 1, files seen: 1
[16:02:24] [delta] тик 385500, tracked: 1, files seen: 1
[16:02:27] [delta] тик 385800, tracked: 1, files seen: 1
[16:02:30] [delta] тик 386100, tracked: 1, files seen: 1
[16:02:33] [delta] тик 386400, tracked: 1, files seen: 1
[16:02:36] [delta] тик 386700, tracked: 1, files seen: 1
[16:02:40] [delta] тик 387000, tracked: 1, files seen: 1
[16:02:43] [delta] тик 387300, tracked: 1, files seen: 1
[16:02:46] [delta] тик 387600, tracked: 1, files seen: 1
[16:02:49] [delta] тик 387900, tracked: 1, files seen: 1
[16:02:52] [delta] тик 388200, tracked: 1, files seen: 1
[16:02:55] [delta] тик 388500, tracked: 1, files seen: 1
[16:02:58] [delta] тик 388800, tracked: 1, files seen: 1
[16:03:01] [delta] тик 389100, tracked: 1, files seen: 1
[16:03:05] [delta] тик 389400, tracked: 1, files seen: 1
[16:03:08] [delta] тик 389700, tracked: 1, files seen: 1
[16:03:11] [delta] тик 390000, tracked: 1, files seen: 1
[16:03:14] [delta] тик 390300, tracked: 1, files seen: 1
[16:03:17] [delta] тик 390600, tracked: 1, files seen: 1
[16:03:20] [delta] тик 390900, tracked: 1, files seen: 1
[16:03:23] [delta] тик 391200, tracked: 1, files seen: 1
[16:03:26] [delta] тик 391500, tracked: 1, files seen: 1
[16:03:30] [delta] тик 391800, tracked: 1, files seen: 1
[16:03:33] [delta] тик 392100, tracked: 1, files seen: 1
[16:03:36] [delta] тик 392400, tracked: 1, files seen: 1
[16:03:39] [delta] тик 392700, tracked: 1, files seen: 1
[16:03:42] [delta] тик 393000, tracked: 1, files seen: 1
[16:03:45] [delta] тик 393300, tracked: 1, files seen: 1
[16:03:48] [delta] тик 393600, tracked: 1, files seen: 1
[16:03:51] [delta] тик 393900, tracked: 1, files seen: 1
[16:03:54] [delta] тик 394200, tracked: 1, files seen: 1
[16:03:58] [delta] тик 394500, tracked: 1, files seen: 1
[16:04:01] [delta] тик 394800, tracked: 1, files seen: 1
[16:04:04] [delta] тик 395100, tracked: 1, files seen: 1
[16:04:07] [delta] тик 395400, tracked: 1, files seen: 1
[16:04:10] [delta] тик 395700, tracked: 1, files seen: 1
[16:04:13] [delta] тик 396000, tracked: 1, files seen: 1
[16:04:16] [delta] тик 396300, tracked: 1, files seen: 1
[16:04:19] [delta] тик 396600, tracked: 1, files seen: 1
[16:04:23] [delta] тик 396900, tracked: 1, files seen: 1
[16:04:26] [delta] тик 397200, tracked: 1, files seen: 1
[16:04:29] [delta] тик 397500, tracked: 1, files seen: 1
[16:04:32] [delta] тик 397800, tracked: 1, files seen: 1
[16:04:35] [delta] тик 398100, tracked: 1, files seen: 1
[16:04:38] [delta] тик 398400, tracked: 1, files seen: 1
[16:04:41] [delta] тик 398700, tracked: 1, files seen: 1
[16:04:44] [delta] тик 399000, tracked: 1, files seen: 1
[16:04:48] [delta] тик 399300, tracked: 1, files seen: 1
[16:04:51] [delta] тик 399600, tracked: 1, files seen: 1
[16:04:54] [delta] тик 399900, tracked: 1, files seen: 1
[16:04:57] [delta] тик 400200, tracked: 1, files seen: 1
[16:05:00] [delta] тик 400500, tracked: 1, files seen: 1
[16:05:03] [delta] тик 400800, tracked: 1, files seen: 1
[16:05:06] [delta] тик 401100, tracked: 1, files seen: 1
[16:05:09] [delta] тик 401400, tracked: 1, files seen: 1
[16:05:13] [delta] тик 401700, tracked: 1, files seen: 1
[16:05:16] [delta] тик 402000, tracked: 1, files seen: 1
[16:05:19] [delta] тик 402300, tracked: 1, files seen: 1
[16:05:22] [delta] тик 402600, tracked: 1, files seen: 1
[16:05:25] [delta] тик 402900, tracked: 1, files seen: 1
[16:05:28] [delta] тик 403200, tracked: 1, files seen: 1
[16:05:31] [delta] тик 403500, tracked: 1, files seen: 1
[16:05:34] [delta] тик 403800, tracked: 1, files seen: 1
[16:05:38] [delta] тик 404100, tracked: 1, files seen: 1
[16:05:41] [delta] тик 404400, tracked: 1, files seen: 1
[16:05:44] [delta] тик 404700, tracked: 1, files seen: 1
[16:05:47] [delta] тик 405000, tracked: 1, files seen: 1
[16:05:50] [delta] тик 405300, tracked: 1, files seen: 1
[16:05:53] [delta] тик 405600, tracked: 1, files seen: 1
[16:05:56] [delta] тик 405900, tracked: 1, files seen: 1
[16:05:59] [delta] тик 406200, tracked: 1, files seen: 1
[16:06:03] [delta] тик 406500, tracked: 1, files seen: 1
[16:06:06] [delta] тик 406800, tracked: 1, files seen: 1
[16:06:09] [delta] тик 407100, tracked: 1, files seen: 1
[16:06:12] [delta] тик 407400, tracked: 1, files seen: 1
[16:06:15] [delta] тик 407700, tracked: 1, files seen: 1
[16:06:18] [delta] тик 408000, tracked: 1, files seen: 1
[16:06:21] [delta] тик 408300, tracked: 1, files seen: 1
[16:06:24] [delta] тик 408600, tracked: 1, files seen: 1
[16:06:28] [delta] тик 408900, tracked: 1, files seen: 1
[16:06:31] [delta] тик 409200, tracked: 1, files seen: 1
[16:06:34] [delta] тик 409500, tracked: 1, files seen: 1
[16:06:37] [delta] тик 409800, tracked: 1, files seen: 1
[16:06:40] [delta] тик 410100, tracked: 1, files seen: 1
[16:06:43] [delta] тик 410400, tracked: 1, files seen: 1
[16:06:46] [delta] тик 410700, tracked: 1, files seen: 1
[16:06:49] [delta] тик 411000, tracked: 1, files seen: 1
[16:06:53] [delta] тик 411300, tracked: 1, files seen: 1
[16:06:56] [delta] тик 411600, tracked: 1, files seen: 1
[16:06:59] [delta] тик 411900, tracked: 1, files seen: 1
[16:07:02] [delta] тик 412200, tracked: 1, files seen: 1
[16:07:05] [delta] тик 412500, tracked: 1, files seen: 1
[16:07:08] [delta] тик 412800, tracked: 1, files seen: 1
[16:07:11] [delta] тик 413100, tracked: 1, files seen: 1
[16:07:14] [delta] тик 413400, tracked: 1, files seen: 1
[16:07:18] [delta] тик 413700, tracked: 1, files seen: 1
[16:07:21] [delta] тик 414000, tracked: 1, files seen: 1
[16:07:24] [delta] тик 414300, tracked: 1, files seen: 1
[16:07:27] [delta] тик 414600, tracked: 1, files seen: 1
[16:07:30] [delta] тик 414900, tracked: 1, files seen: 1
[16:07:33] [delta] тик 415200, tracked: 1, files seen: 1
[16:07:36] [delta] тик 415500, tracked: 1, files seen: 1
[16:07:39] [delta] тик 415800, tracked: 1, files seen: 1
[16:07:42] [delta] тик 416100, tracked: 1, files seen: 1
[16:07:46] [delta] тик 416400, tracked: 1, files seen: 1
[16:07:49] [delta] тик 416700, tracked: 1, files seen: 1
[16:07:52] [delta] тик 417000, tracked: 1, files seen: 1
[16:07:55] [delta] тик 417300, tracked: 1, files seen: 1
[16:07:58] [delta] тик 417600, tracked: 1, files seen: 1
[16:08:01] [delta] тик 417900, tracked: 1, files seen: 1
[16:08:04] [delta] тик 418200, tracked: 1, files seen: 1
[16:08:07] [delta] тик 418500, tracked: 1, files seen: 1
[16:08:11] [delta] тик 418800, tracked: 1, files seen: 1
[16:08:14] [delta] тик 419100, tracked: 1, files seen: 1
[16:08:17] [delta] тик 419400, tracked: 1, files seen: 1
[16:08:20] [delta] тик 419700, tracked: 1, files seen: 1
[16:08:23] [delta] тик 420000, tracked: 1, files seen: 1
[16:08:26] [delta] тик 420300, tracked: 1, files seen: 1
[16:08:29] [delta] тик 420600, tracked: 1, files seen: 1
[16:08:33] [delta] тик 420900, tracked: 1, files seen: 1
[16:08:36] [delta] тик 421200, tracked: 1, files seen: 1
[16:08:39] [delta] тик 421500, tracked: 1, files seen: 1
[16:08:42] [delta] тик 421800, tracked: 1, files seen: 1
[16:08:45] [delta] тик 422100, tracked: 1, files seen: 1
[16:08:48] [delta] тик 422400, tracked: 1, files seen: 1
[16:08:51] [delta] тик 422700, tracked: 1, files seen: 1
[16:08:54] [delta] тик 423000, tracked: 1, files seen: 1
[16:08:58] [delta] тик 423300, tracked: 1, files seen: 1
[16:09:01] [delta] тик 423600, tracked: 1, files seen: 1
[16:09:04] [delta] тик 423900, tracked: 1, files seen: 1
[16:09:07] [delta] тик 424200, tracked: 1, files seen: 1
[16:09:10] [delta] тик 424500, tracked: 1, files seen: 1
[16:09:13] [delta] тик 424800, tracked: 1, files seen: 1
[16:09:16] [delta] тик 425100, tracked: 1, files seen: 1
[16:09:19] [delta] тик 425400, tracked: 1, files seen: 1
[16:09:22] [delta] тик 425700, tracked: 1, files seen: 1
[16:09:26] [delta] тик 426000, tracked: 1, files seen: 1
[16:09:29] [delta] тик 426300, tracked: 1, files seen: 1
[16:09:32] [delta] тик 426600, tracked: 1, files seen: 1
[16:09:35] [delta] тик 426900, tracked: 1, files seen: 1
[16:09:38] [delta] тик 427200, tracked: 1, files seen: 1
[16:09:41] [delta] тик 427500, tracked: 1, files seen: 1
[16:09:44] [delta] тик 427800, tracked: 1, files seen: 1
[16:09:47] [delta] тик 428100, tracked: 1, files seen: 1
[16:09:51] [delta] тик 428400, tracked: 1, files seen: 1
[16:09:54] [delta] тик 428700, tracked: 1, files seen: 1
[16:09:57] [delta] тик 429000, tracked: 1, files seen: 1
[16:10:00] [delta] тик 429300, tracked: 1, files seen: 1
[16:10:03] [delta] тик 429600, tracked: 1, files seen: 1
[16:10:06] [delta] тик 429900, tracked: 1, files seen: 1
[16:10:09] [delta] тик 430200, tracked: 1, files seen: 1
[16:10:12] [delta] тик 430500, tracked: 1, files seen: 1
[16:10:16] [delta] тик 430800, tracked: 1, files seen: 1
[16:10:19] [delta] тик 431100, tracked: 1, files seen: 1
[16:10:22] [delta] тик 431400, tracked: 1, files seen: 1
[16:10:25] [delta] тик 431700, tracked: 1, files seen: 1
[16:10:28] [delta] тик 432000, tracked: 1, files seen: 1
[16:10:31] [delta] тик 432300, tracked: 1, files seen: 1
[16:10:34] [delta] тик 432600, tracked: 1, files seen: 1
[16:10:37] [delta] тик 432900, tracked: 1, files seen: 1
[16:10:41] [delta] тик 433200, tracked: 1, files seen: 1
[16:10:44] [delta] тик 433500, tracked: 1, files seen: 1
[16:10:47] [delta] тик 433800, tracked: 1, files seen: 1
[16:10:50] [delta] тик 434100, tracked: 1, files seen: 1
[16:10:53] [delta] тик 434400, tracked: 1, files seen: 1
[16:10:56] [delta] тик 434700, tracked: 1, files seen: 1
[16:10:59] [delta] тик 435000, tracked: 1, files seen: 1
[16:11:02] [delta] тик 435300, tracked: 1, files seen: 1
[16:11:05] [delta] тик 435600, tracked: 1, files seen: 1
[16:11:09] [delta] тик 435900, tracked: 1, files seen: 1
[16:11:12] [delta] тик 436200, tracked: 1, files seen: 1
[16:11:15] [delta] тик 436500, tracked: 1, files seen: 1
[16:11:18] [delta] тик 436800, tracked: 1, files seen: 1
[16:11:21] [delta] тик 437100, tracked: 1, files seen: 1
[16:11:24] [delta] тик 437400, tracked: 1, files seen: 1
[16:11:27] [delta] тик 437700, tracked: 1, files seen: 1
[16:11:30] [delta] тик 438000, tracked: 1, files seen: 1
[16:11:34] [delta] тик 438300, tracked: 1, files seen: 1
[16:11:37] [delta] тик 438600, tracked: 1, files seen: 1
[16:11:40] [delta] тик 438900, tracked: 1, files seen: 1
[16:11:43] [delta] тик 439200, tracked: 1, files seen: 1
[16:11:46] [delta] тик 439500, tracked: 1, files seen: 1
[16:11:49] [delta] тик 439800, tracked: 1, files seen: 1
[16:11:52] [delta] тик 440100, tracked: 1, files seen: 1
[16:11:55] [delta] тик 440400, tracked: 1, files seen: 1
[16:11:58] [delta] тик 440700, tracked: 1, files seen: 1
[16:12:02] [delta] тик 441000, tracked: 1, files seen: 1
[16:12:05] [delta] тик 441300, tracked: 1, files seen: 1
[16:12:08] [delta] тик 441600, tracked: 1, files seen: 1
[16:12:11] [delta] тик 441900, tracked: 1, files seen: 1
[16:12:14] [delta] тик 442200, tracked: 1, files seen: 1
[16:12:17] [delta] тик 442500, tracked: 1, files seen: 1
[16:12:20] [delta] тик 442800, tracked: 1, files seen: 1
[16:12:24] [delta] тик 443100, tracked: 1, files seen: 1
[16:12:27] [delta] тик 443400, tracked: 1, files seen: 1
[16:12:30] [delta] тик 443700, tracked: 1, files seen: 1
[16:12:33] [delta] тик 444000, tracked: 1, files seen: 1
[16:12:36] [delta] тик 444300, tracked: 1, files seen: 1
[16:12:39] [delta] тик 444600, tracked: 1, files seen: 1
[16:12:42] [delta] тик 444900, tracked: 1, files seen: 1
[16:12:45] [delta] тик 445200, tracked: 1, files seen: 1
[16:12:49] [delta] тик 445500, tracked: 1, files seen: 1
[16:12:52] [delta] тик 445800, tracked: 1, files seen: 1
[16:12:55] [delta] тик 446100, tracked: 1, files seen: 1
